Archive member included to satisfy reference by file (symbol)

D:/tool/STM32CubeIDE_1.18.1/STM32CubeIDE/plugins/com.st.stm32cube.ide.mcu.externaltools.gnu-tools-for-stm32.13.3.rel1.win32_1.0.0.202411081344/tools/bin/../lib/gcc/arm-none-eabi/13.3.1/../../../../arm-none-eabi/lib/thumb/v7e-m+fp/hard\libc_nano.a(libc_a-exit.o)
                              D:/tool/STM32CubeIDE_1.18.1/STM32CubeIDE/plugins/com.st.stm32cube.ide.mcu.externaltools.gnu-tools-for-stm32.13.3.rel1.win32_1.0.0.202411081344/tools/bin/../lib/gcc/arm-none-eabi/13.3.1/../../../../arm-none-eabi/lib/thumb/v7e-m+fp/hard/crt0.o (exit)
D:/tool/STM32CubeIDE_1.18.1/STM32CubeIDE/plugins/com.st.stm32cube.ide.mcu.externaltools.gnu-tools-for-stm32.13.3.rel1.win32_1.0.0.202411081344/tools/bin/../lib/gcc/arm-none-eabi/13.3.1/../../../../arm-none-eabi/lib/thumb/v7e-m+fp/hard\libc_nano.a(libc_a-findfp.o)
                              D:/tool/STM32CubeIDE_1.18.1/STM32CubeIDE/plugins/com.st.stm32cube.ide.mcu.externaltools.gnu-tools-for-stm32.13.3.rel1.win32_1.0.0.202411081344/tools/bin/../lib/gcc/arm-none-eabi/13.3.1/../../../../arm-none-eabi/lib/thumb/v7e-m+fp/hard\libc_nano.a(libc_a-exit.o) (__stdio_exit_handler)
D:/tool/STM32CubeIDE_1.18.1/STM32CubeIDE/plugins/com.st.stm32cube.ide.mcu.externaltools.gnu-tools-for-stm32.13.3.rel1.win32_1.0.0.202411081344/tools/bin/../lib/gcc/arm-none-eabi/13.3.1/../../../../arm-none-eabi/lib/thumb/v7e-m+fp/hard\libc_nano.a(libc_a-fwalk.o)
                              D:/tool/STM32CubeIDE_1.18.1/STM32CubeIDE/plugins/com.st.stm32cube.ide.mcu.externaltools.gnu-tools-for-stm32.13.3.rel1.win32_1.0.0.202411081344/tools/bin/../lib/gcc/arm-none-eabi/13.3.1/../../../../arm-none-eabi/lib/thumb/v7e-m+fp/hard\libc_nano.a(libc_a-findfp.o) (_fwalk_sglue)
D:/tool/STM32CubeIDE_1.18.1/STM32CubeIDE/plugins/com.st.stm32cube.ide.mcu.externaltools.gnu-tools-for-stm32.13.3.rel1.win32_1.0.0.202411081344/tools/bin/../lib/gcc/arm-none-eabi/13.3.1/../../../../arm-none-eabi/lib/thumb/v7e-m+fp/hard\libc_nano.a(libc_a-stdio.o)
                              D:/tool/STM32CubeIDE_1.18.1/STM32CubeIDE/plugins/com.st.stm32cube.ide.mcu.externaltools.gnu-tools-for-stm32.13.3.rel1.win32_1.0.0.202411081344/tools/bin/../lib/gcc/arm-none-eabi/13.3.1/../../../../arm-none-eabi/lib/thumb/v7e-m+fp/hard\libc_nano.a(libc_a-findfp.o) (__sread)
D:/tool/STM32CubeIDE_1.18.1/STM32CubeIDE/plugins/com.st.stm32cube.ide.mcu.externaltools.gnu-tools-for-stm32.13.3.rel1.win32_1.0.0.202411081344/tools/bin/../lib/gcc/arm-none-eabi/13.3.1/../../../../arm-none-eabi/lib/thumb/v7e-m+fp/hard\libc_nano.a(libc_a-memset.o)
                              D:/tool/STM32CubeIDE_1.18.1/STM32CubeIDE/plugins/com.st.stm32cube.ide.mcu.externaltools.gnu-tools-for-stm32.13.3.rel1.win32_1.0.0.202411081344/tools/bin/../lib/gcc/arm-none-eabi/13.3.1/../../../../arm-none-eabi/lib/thumb/v7e-m+fp/hard/crt0.o (memset)
D:/tool/STM32CubeIDE_1.18.1/STM32CubeIDE/plugins/com.st.stm32cube.ide.mcu.externaltools.gnu-tools-for-stm32.13.3.rel1.win32_1.0.0.202411081344/tools/bin/../lib/gcc/arm-none-eabi/13.3.1/../../../../arm-none-eabi/lib/thumb/v7e-m+fp/hard\libc_nano.a(libc_a-closer.o)
                              D:/tool/STM32CubeIDE_1.18.1/STM32CubeIDE/plugins/com.st.stm32cube.ide.mcu.externaltools.gnu-tools-for-stm32.13.3.rel1.win32_1.0.0.202411081344/tools/bin/../lib/gcc/arm-none-eabi/13.3.1/../../../../arm-none-eabi/lib/thumb/v7e-m+fp/hard\libc_nano.a(libc_a-stdio.o) (_close_r)
D:/tool/STM32CubeIDE_1.18.1/STM32CubeIDE/plugins/com.st.stm32cube.ide.mcu.externaltools.gnu-tools-for-stm32.13.3.rel1.win32_1.0.0.202411081344/tools/bin/../lib/gcc/arm-none-eabi/13.3.1/../../../../arm-none-eabi/lib/thumb/v7e-m+fp/hard\libc_nano.a(libc_a-reent.o)
                              D:/tool/STM32CubeIDE_1.18.1/STM32CubeIDE/plugins/com.st.stm32cube.ide.mcu.externaltools.gnu-tools-for-stm32.13.3.rel1.win32_1.0.0.202411081344/tools/bin/../lib/gcc/arm-none-eabi/13.3.1/../../../../arm-none-eabi/lib/thumb/v7e-m+fp/hard\libc_nano.a(libc_a-closer.o) (errno)
D:/tool/STM32CubeIDE_1.18.1/STM32CubeIDE/plugins/com.st.stm32cube.ide.mcu.externaltools.gnu-tools-for-stm32.13.3.rel1.win32_1.0.0.202411081344/tools/bin/../lib/gcc/arm-none-eabi/13.3.1/../../../../arm-none-eabi/lib/thumb/v7e-m+fp/hard\libc_nano.a(libc_a-impure.o)
                              D:/tool/STM32CubeIDE_1.18.1/STM32CubeIDE/plugins/com.st.stm32cube.ide.mcu.externaltools.gnu-tools-for-stm32.13.3.rel1.win32_1.0.0.202411081344/tools/bin/../lib/gcc/arm-none-eabi/13.3.1/../../../../arm-none-eabi/lib/thumb/v7e-m+fp/hard\libc_nano.a(libc_a-reent.o) (_impure_ptr)
D:/tool/STM32CubeIDE_1.18.1/STM32CubeIDE/plugins/com.st.stm32cube.ide.mcu.externaltools.gnu-tools-for-stm32.13.3.rel1.win32_1.0.0.202411081344/tools/bin/../lib/gcc/arm-none-eabi/13.3.1/../../../../arm-none-eabi/lib/thumb/v7e-m+fp/hard\libc_nano.a(libc_a-lseekr.o)
[...]
Memory Configuration

Name             Origin             Length             Attributes
RAM              0x20000000         0x00040000         xrw
RAM2             0x10000000         0x00010000         xrw
FLASH            0x08000000         0x00100000         xr
*default*        0x00000000         0xffffffff

Linker script and memory map

LOAD D:/tool/STM32CubeIDE_1.18.1/STM32CubeIDE/plugins/com.st.stm32cube.ide.mcu.externaltools.gnu-tools-for-stm32.13.3.rel1.win32_1.0.0.202411081344/tools/bin/../lib/gcc/arm-none-eabi/13.3.1/thumb/v7e-m+fp/hard/crti.o
LOAD D:/tool/STM32CubeIDE_1.18.1/STM32CubeIDE/plugins/com.st.stm32cube.ide.mcu.externaltools.gnu-tools-for-stm32.13.3.rel1.win32_1.0.0.202411081344/tools/bin/../lib/gcc/arm-none-eabi/13.3.1/thumb/v7e-m+fp/hard/crtbegin.o
LOAD D:/tool/STM32CubeIDE_1.18.1/STM32CubeIDE/plugins/com.st.stm32cube.ide.mcu.externaltools.gnu-tools-for-stm32.13.3.rel1.win32_1.0.0.202411081344/tools/bin/../lib/gcc/arm-none-eabi/13.3.1/../../../../arm-none-eabi/lib/thumb/v7e-m+fp/hard/crt0.o
LOAD ./APP/battery.o
LOAD ./APP/calibration.o
LOAD ./APP/controller.o
LOAD ./APP/encoder.o
LOAD ./APP/foc.o
LOAD ./APP/main_communication.o
LOAD ./APP/open_loop.o
LOAD ./APP/task.o
LOAD ./APP/trap_traj.o
LOAD ./APP/usr_config.o
LOAD ./APP/zero_cailbration.o
LOAD ./BSP/bsp_adc.o
LOAD ./BSP/bsp_gpio.o
LOAD ./BSP/bsp_tim.o
LOAD ./BSP/bsp_usart.o
LOAD ./BSP/dwt.o
LOAD ./Common/util.o
LOAD ./Core/Src/adc.o
LOAD ./Core/Src/dma.o
LOAD ./Core/Src/gpio.o
LOAD ./Core/Src/main.o
LOAD ./Core/Src/rtc.o
LOAD ./Core/Src/stm32l4xx_hal_msp.o
LOAD ./Core/Src/stm32l4xx_it.o
LOAD ./Core/Src/syscalls.o
LOAD ./Core/Src/sysmem.o
LOAD ./Core/Src/system_stm32l4xx.o
LOAD ./Core/Src/tim.o
LOAD ./Core/Src/usart.o
LOAD ./Core/Startup/startup_stm32l496rgtx.o
LOAD ./Drivers/STM32L4xx_HAL_Driver/Src/stm32l4xx_hal.o
LOAD ./Drivers/STM32L4xx_HAL_Driver/Src/stm32l4xx_hal_adc.o
LOAD ./Drivers/STM32L4xx_HAL_Driver/Src/stm32l4xx_hal_adc_ex.o
LOAD ./Drivers/STM32L4xx_HAL_Driver/Src/stm32l4xx_hal_cortex.o
LOAD ./Drivers/STM32L4xx_HAL_Driver/Src/stm32l4xx_hal_dma.o
LOAD ./Drivers/STM32L4xx_HAL_Driver/Src/stm32l4xx_hal_dma_ex.o
LOAD ./Drivers/STM32L4xx_HAL_Driver/Src/stm32l4xx_hal_exti.o
LOAD ./Drivers/STM32L4xx_HAL_Driver/Src/stm32l4xx_hal_flash.o
LOAD ./Drivers/STM32L4xx_HAL_Driver/Src/stm32l4xx_hal_flash_ex.o
LOAD ./Drivers/STM32L4xx_HAL_Driver/Src/stm32l4xx_hal_flash_ramfunc.o
LOAD ./Drivers/STM32L4xx_HAL_Driver/Src/stm32l4xx_hal_gpio.o
LOAD ./Drivers/STM32L4xx_HAL_Driver/Src/stm32l4xx_hal_i2c.o
LOAD ./Drivers/STM32L4xx_HAL_Driver/Src/stm32l4xx_hal_i2c_ex.o
LOAD ./Drivers/STM32L4xx_HAL_Driver/Src/stm32l4xx_hal_pwr.o
LOAD ./Drivers/STM32L4xx_HAL_Driver/Src/stm32l4xx_hal_pwr_ex.o
LOAD ./Drivers/STM32L4xx_HAL_Driver/Src/stm32l4xx_hal_rcc.o
LOAD ./Drivers/STM32L4xx_HAL_Driver/Src/stm32l4xx_hal_rcc_ex.o
LOAD ./Drivers/STM32L4xx_HAL_Driver/Src/stm32l4xx_hal_rtc.o
LOAD ./Drivers/STM32L4xx_HAL_Driver/Src/stm32l4xx_hal_rtc_ex.o
LOAD ./Drivers/STM32L4xx_HAL_Driver/Src/stm32l4xx_hal_tim.o
LOAD ./Drivers/STM32L4xx_HAL_Driver/Src/stm32l4xx_hal_tim_ex.o
LOAD ./Drivers/STM32L4xx_HAL_Driver/Src/stm32l4xx_hal_uart.o
LOAD ./Drivers/STM32L4xx_HAL_Driver/Src/stm32l4xx_hal_uart_ex.o
START GROUP
LOAD D:/tool/STM32CubeIDE_1.18.1/STM32CubeIDE/plugins/com.st.stm32cube.ide.mcu.externaltools.gnu-tools-for-stm32.13.3.rel1.win32_1.0.0.202411081344/tools/bin/../lib/gcc/arm-none-eabi/13.3.1/../../../../arm-none-eabi/lib/thumb/v7e-m+fp/hard\libc_nano.a
LOAD D:/tool/STM32CubeIDE_1.18.1/STM32CubeIDE/plugins/com.st.stm32cube.ide.mcu.externaltools.gnu-tools-for-stm32.13.3.rel1.win32_1.0.0.202411081344/tools/bin/../lib/gcc/arm-none-eabi/13.3.1/../../../../arm-none-eabi/lib/thumb/v7e-m+fp/hard\libm.a
END GROUP
START GROUP
LOAD D:/tool/STM32CubeIDE_1.18.1/STM32CubeIDE/plugins/com.st.stm32cube.ide.mcu.externaltools.gnu-tools-for-stm32.13.3.rel1.win32_1.0.0.202411081344/tools/bin/../lib/gcc/arm-none-eabi/13.3.1/thumb/v7e-m+fp/hard\libgcc.a
LOAD D:/tool/STM32CubeIDE_1.18.1/STM32CubeIDE/plugins/com.st.stm32cube.ide.mcu.externaltools.gnu-tools-for-stm32.13.3.rel1.win32_1.0.0.202411081344/tools/bin/../lib/gcc/arm-none-eabi/13.3.1/../../../../arm-none-eabi/lib/thumb/v7e-m+fp/hard\libc_nano.a
END GROUP
START GROUP
LOAD D:/tool/STM32CubeIDE_1.18.1/STM32CubeIDE/plugins/com.st.stm32cube.ide.mcu.externaltools.gnu-tools-for-stm32.13.3.rel1.win32_1.0.0.202411081344/tools/bin/../lib/gcc/arm-none-eabi/13.3.1/thumb/v7e-m+fp/hard\libgcc.a
LOAD D:/tool/STM32CubeIDE_1.18.1/STM32CubeIDE/plugins/com.st.stm32cube.ide.mcu.externaltools.gnu-tools-for-stm32.13.3.rel1.win32_1.0.0.202411081344/tools/bin/../lib/gcc/arm-none-eabi/13.3.1/../../../../arm-none-eabi/lib/thumb/v7e-m+fp/hard\libc_nano.a
LOAD D:/tool/STM32CubeIDE_1.18.1/STM32CubeIDE/plugins/com.st.stm32cube.ide.mcu.externaltools.gnu-tools-for-stm32.13.3.rel1.win32_1.0.0.202411081344/tools/bin/../lib/gcc/arm-none-eabi/13.3.1/../../../../arm-none-eabi/lib/thumb/v7e-m+fp/hard\libnosys.a
END GROUP
START GROUP
LOAD D:/tool/STM32CubeIDE_1.18.1/STM32CubeIDE/plugins/com.st.stm32cube.ide.mcu.externaltools.gnu-tools-for-stm32.13.3.rel1.win32_1.0.0.202411081344/tools/bin/../lib/gcc/arm-none-eabi/13.3.1/thumb/v7e-m+fp/hard\libgcc.a
LOAD D:/tool/STM32CubeIDE_1.18.1/STM32CubeIDE/plugins/com.st.stm32cube.ide.mcu.externaltools.gnu-tools-for-stm32.13.3.rel1.win32_1.0.0.202411081344/tools/bin/../lib/gcc/arm-none-eabi/13.3.1/../../../../arm-none-eabi/lib/thumb/v7e-m+fp/hard\libc_nano.a
LOAD D:/tool/STM32CubeIDE_1.18.1/STM32CubeIDE/plugins/com.st.stm32cube.ide.mcu.externaltools.gnu-tools-for-stm32.13.3.rel1.win32_1.0.0.202411081344/tools/bin/../lib/gcc/arm-none-eabi/13.3.1/../../../../arm-none-eabi/lib/thumb/v7e-m+fp/hard\libnosys.a
END GROUP
LOAD D:/tool/STM32CubeIDE_1.18.1/STM32CubeIDE/plugins/com.st.stm32cube.ide.mcu.externaltools.gnu-tools-for-stm32.13.3.rel1.win32_1.0.0.202411081344/tools/bin/../lib/gcc/arm-none-eabi/13.3.1/thumb/v7e-m+fp/hard/crtend.o
LOAD D:/tool/STM32CubeIDE_1.18.1/STM32CubeIDE/plugins/com.st.stm32cube.ide.mcu.externaltools.gnu-tools-for-stm32.13.3.rel1.win32_1.0.0.202411081344/tools/bin/../lib/gcc/arm-none-eabi/13.3.1/thumb/v7e-m+fp/hard/crtn.o
                0x20040000                        _estack = (ORIGIN (RAM) + LENGTH (RAM))
                0x00000200                        _Min_Heap_Size = 0x200
                0x00000400                        _Min_Stack_Size = 0x400

.isr_vector     0x08000000      0x1ac
                0x08000000                        . = ALIGN (0x4)
 *(.isr_vector)
 .isr_vector    0x08000000      0x1ac ./Core/Startup/startup_stm32l496rgtx.o
                0x08000000                g_pfnVectors
                0x080001ac                        . = ALIGN (0x4)

.text           0x080001b0    0x1149c
                0x080001b0                        . = ALIGN (0x4)
 *(.text)
 .text          0x080001b0       0x40 D:/tool/STM32CubeIDE_1.18.1/STM32CubeIDE/plugins/com.st.stm32cube.ide.mcu.externaltools.gnu-tools-for-stm32.13.3.rel1.win32_1.0.0.202411081344/tools/bin/../lib/gcc/arm-none-eabi/13.3.1/thumb/v7e-m+fp/hard/crtbegin.o
 .text          0x080001f0      0x378 D:/tool/STM32CubeIDE_1.18.1/STM32CubeIDE/plugins/com.st.stm32cube.ide.mcu.externaltools.gnu-tools-for-stm32.13.3.rel1.win32_1.0.0.202411081344/tools/bin/../lib/gcc/arm-none-eabi/13.3.1/thumb/v7e-m+fp/hard\libgcc.a(_arm_addsubdf3.o)
                0x080001f0                __aeabi_drsub
                0x080001f8                __aeabi_dsub
                0x080001f8                __subdf3
                0x080001fc                __aeabi_dadd
                0x080001fc                __adddf3
                0x08000474                __floatunsidf
                0x08000474                __aeabi_ui2d
                0x08000494                __floatsidf
                0x08000494                __aeabi_i2d
                0x080004b8                __aeabi_f2d
                0x080004b8                __extendsfdf2
                0x080004fc                __floatundidf
                0x080004fc                __aeabi_ul2d
                0x0800050c                __floatdidf
                0x0800050c                __aeabi_l2d
 .text          0x08000568      0x424 D:/tool/STM32CubeIDE_1.18.1/STM32CubeIDE/plugins/com.st.stm32cube.ide.mcu.externaltools.gnu-tools-for-stm32.13.3.rel1.win32_1.0.0.202411081344/tools/bin/../lib/gcc/arm-none-eabi/13.3.1/thumb/v7e-m+fp/hard\libgcc.a(_arm_muldivdf3.o)
                0x08000568                __aeabi_dmul
                0x08000568                __muldf3
                0x080007bc                __divdf3
                0x080007bc                __aeabi_ddiv
 .text          0x0800098c      0x110 D:/tool/STM32CubeIDE_1.18.1/STM32CubeIDE/plugins/com.st.stm32cube.ide.mcu.externaltools.gnu-tools-for-stm32.13.3.rel1.win32_1.0.0.202411081344/tools/bin/../lib/gcc/arm-none-eabi/13.3.1/thumb/v7e-m+fp/hard\libgcc.a(_arm_cmpdf2.o)
                0x0800098c                __gtdf2
                0x0800098c                __gedf2
                0x08000994                __ltdf2
                0x08000994                __ledf2
                0x0800099c                __nedf2
                0x0800099c                __eqdf2
                0x0800099c                __cmpdf2
                0x08000a18                __aeabi_cdrcmple
                0x08000a28                __aeabi_cdcmpeq
                0x08000a28                __aeabi_cdcmple
                0x08000a38                __aeabi_dcmpeq
                0x08000a4c                __aeabi_dcmplt
                0x08000a60                __aeabi_dcmple
                0x08000a74                __aeabi_dcmpge
                0x08000a88                __aeabi_dcmpgt
 .text          0x08000a9c       0xa0 D:/tool/STM32CubeIDE_1.18.1/STM32CubeIDE/plugins/com.st.stm32cube.ide.mcu.externaltools.gnu-tools-for-stm32.13.3.rel1.win32_1.0.0.202411081344/tools/bin/../lib/gcc/arm-none-eabi/13.3.1/thumb/v7e-m+fp/hard\libgcc.a(_arm_truncdfsf2.o)
                0x08000a9c                __truncdfsf2
                0x08000a9c                __aeabi_d2f
 .text          0x08000b3c      0x21c D:/tool/STM32CubeIDE_1.18.1/STM32CubeIDE/plugins/com.st.stm32cube.ide.mcu.externaltools.gnu-tools-for-stm32.13.3.rel1.win32_1.0.0.202411081344/tools/bin/../lib/gcc/arm-none-eabi/13.3.1/thumb/v7e-m+fp/hard\libgcc.a(_arm_addsubsf3.o)
                0x08000b3c                __aeabi_frsub
                0x08000b44                __subsf3
                0x08000b44                __aeabi_fsub
                0x08000b48                __aeabi_fadd
                0x08000b48                __addsf3
                0x08000ca8                __aeabi_ui2f
                0x08000ca8                __floatunsisf
                0x08000cb0                __aeabi_i2f
                0x08000cb0                __floatsisf
                0x08000ccc                __aeabi_ul2f
                0x08000ccc                __floatundisf
                0x08000cdc                __aeabi_l2f
                0x08000cdc                __floatdisf
 .text          0x08000d58       0xa0 D:/tool/STM32CubeIDE_1.18.1/STM32CubeIDE/plugins/com.st.stm32cube.ide.mcu.externaltools.gnu-tools-for-stm32.13.3.rel1.win32_1.0.0.202411081344/tools/bin/../lib/gcc/arm-none-eabi/13.3.1/thumb/v7e-m+fp/hard\libgcc.a(_aeabi_ldivmod.o)
                0x08000d58                __aeabi_ldivmod
 .text          0x08000df8       0x30 D:/tool/STM32CubeIDE_1.18.1/STM32CubeIDE/plugins/com.st.stm32cube.ide.mcu.externaltools.gnu-tools-for-stm32.13.3.rel1.win32_1.0.0.202411081344/tools/bin/../lib/gcc/arm-none-eabi/13.3.1/thumb/v7e-m+fp/hard\libgcc.a(_aeabi_uldivmod.o)
                0x08000df8                __aeabi_uldivmod
 .text          0x08000e28      0x2f8 D:/tool/STM32CubeIDE_1.18.1/STM32CubeIDE/plugins/com.st.stm32cube.ide.mcu.externaltools.gnu-tools-for-stm32.13.3.rel1.win32_1.0.0.202411081344/tools/bin/../lib/gcc/arm-none-eabi/13.3.1/thumb/v7e-m+fp/hard\libgcc.a(_udivmoddi4.o)
                0x08000e28                __udivmoddi4
 .text          0x08001120        0x4 D:/tool/STM32CubeIDE_1.18.1/STM32CubeIDE/plugins/com.st.stm32cube.ide.mcu.externaltools.gnu-tools-for-stm32.13.3.rel1.win32_1.0.0.202411081344/tools/bin/../lib/gcc/arm-none-eabi/13.3.1/thumb/v7e-m+fp/hard\libgcc.a(_dvmd_tls.o)
                0x08001120                __aeabi_idiv0
                0x08001120                __aeabi_ldiv0
 *(.text*)
 .text.battery_send
                0x08001124       0x8e ./APP/battery.o
                0x08001124                battery_send
 *fill*         0x080011b2        0x2 
 .text.battery_read_message
                0x080011b4       0x58 ./APP/battery.o
                0x080011b4                battery_read_message
 .text.battery_read_voltage
                0x0800120c       0x58 ./APP/battery.o
                0x0800120c                battery_read_voltage
 .text.battery_set_press_time
                0x08001264       0x70 ./APP/battery.o
                0x08001264                battery_set_press_time
 .text.battery_led_control
                0x080012d4       0x84 ./APP/battery.o
                0x080012d4                battery_led_control
 .text.battery_check_handle
                0x08001358       0x4e ./APP/battery.o
                0x08001358                battery_check_handle
 *fill*         0x080013a6        0x2 
 .text.battery_data_process
                0x080013a8      0x26c ./APP/battery.o
                0x080013a8                battery_data_process
 .text.battery_rece
                0x08001614      0x114 ./APP/battery.o
                0x08001614                battery_rece
 .text.battery_tx_cp
                0x08001728       0x66 ./APP/battery.o
                0x08001728                battery_tx_cp
 .text.battery_rx_idle
                0x0800178e       0xbc ./APP/battery.o
                0x0800178e                battery_rx_idle
 .text.battery_rx_half
                0x0800184a       0x6e ./APP/battery.o
                0x0800184a                battery_rx_half
 .text.battery_rx_cp
                0x080018b8       0x6e ./APP/battery.o
                0x080018b8                battery_rx_cp
 .text.battery_loop
                0x08001926       0x1c ./APP/battery.o
                0x08001926                battery_loop
 .text.battery_init
                0x08001942       0x78 ./APP/battery.o
                0x08001942                battery_init
 .text.calibration_start
                0x080019ba       0x6a ./APP/calibration.o
                0x080019ba                calibration_start
 .text.calibration_end
                0x08001a24       0x20 ./APP/calibration.o
                0x08001a24                calibration_end
 *fill*         0x08001a44        0x4 
 .text.calibration_loop
                0x08001a48      0xcc0 ./APP/calibration.o
                0x08001a48                calibration_loop
 .text.controller_set_home
                0x08002708       0xc8 ./APP/controller.o
                0x08002708                controller_set_home
 .text.controller_sync_callback
                0x080027d0       0xe4 ./APP/controller.o
                0x080027d0                controller_sync_callback
 .text.controller_update_input_pos_filter_gain
                0x080028b4       0x54 ./APP/controller.o
                0x080028b4                controller_update_input_pos_filter_gain
 .text.controller_init
                0x08002908       0x22 ./APP/controller.o
                0x08002908                controller_init
 .text.controller_reset
                0x0800292a       0xb0 ./APP/controller.o
                0x0800292a                controller_reset
 *fill*         0x080029da        0x6 
 .text.controller_loop
                0x080029e0      0xd68 ./APP/controller.o
                0x080029e0                controller_loop
 .text.encoder_send
                0x08003748       0x84 ./APP/encoder.o
                0x08003748                encoder_send
 .text.encoder_cmd
                0x080037cc       0x32 ./APP/encoder.o
                0x080037cc                encoder_cmd
 *fill*         0x080037fe        0x2 
 .text.encoder_data_deal
                0x08003800      0x528 ./APP/encoder.o
                0x08003800                encoder_data_deal
 .text.encoder_check_handle
                0x08003d28       0x50 ./APP/encoder.o
                0x08003d28                encoder_check_handle
 .text.encoder_data_process
                0x08003d78      0x214 ./APP/encoder.o
                0x08003d78                encoder_data_process
 .text.encoder_rece
                0x08003f8c      0x12e ./APP/encoder.o
                0x08003f8c                encoder_rece
 .text.encoder_tx_cp
                0x080040ba       0x66 ./APP/encoder.o
                0x080040ba                encoder_tx_cp
 .text.encoder_rx_idle
                0x08004120       0xbc ./APP/encoder.o
                0x08004120                encoder_rx_idle
 .text.encoder_rx_half
                0x080041dc       0x70 ./APP/encoder.o
                0x080041dc                encoder_rx_half
 .text.encoder_rx_cp
                0x0800424c       0x6e ./APP/encoder.o
                0x0800424c                encoder_rx_cp
 *fill*         0x080042ba        0x2 
 .text.encoder_init
                0x080042bc      0x16c ./APP/encoder.o
                0x080042bc                encoder_init
 .text.encoder_loop
                0x08004428       0x6e ./APP/encoder.o
                0x08004428                encoder_loop
 *fill*         0x08004496        0x2 
 .text.FOC_update_current_ctrl_gain
                0x08004498       0x28 ./APP/foc.o
                0x08004498                FOC_update_current_ctrl_gain
 .text.FOC_init
                0x080044c0       0x58 ./APP/foc.o
                0x080044c0                FOC_init
 .text.FOC_arm  0x08004518       0x90 ./APP/foc.o
                0x08004518                FOC_arm
 .text.FOC_disarm
                0x080045a8       0x6a ./APP/foc.o
                0x080045a8                FOC_disarm
 *fill*         0x08004612        0x2 
 .text.FOC_voltage
                0x08004614      0x260 ./APP/foc.o
                0x08004614                FOC_voltage
 .text.FOC_current
                0x08004874      0x52c ./APP/foc.o
                0x08004874                FOC_current
 .text.main_comm_send
                0x08004da0       0x82 ./APP/main_communication.o
                0x08004da0                main_comm_send
 .text.main_comm_response
                0x08004e22      0x188 ./APP/main_communication.o
                0x08004e22                main_comm_response
 .text.main_comm_check_handle
                0x08004faa       0x6e ./APP/main_communication.o
                0x08004faa                main_comm_check_handle
 .text.main_comm_data_process
                0x08005018      0x1e8 ./APP/main_communication.o
                0x08005018                main_comm_data_process
 .text.main_comm_rece
                0x08005200      0x134 ./APP/main_communication.o
                0x08005200                main_comm_rece
 .text.main_comm_data_deal
                0x08005334      0x33c ./APP/main_communication.o
                0x08005334                main_comm_data_deal
 .text.main_communication_tx_cp
                0x08005670       0x66 ./APP/main_communication.o
                0x08005670                main_communication_tx_cp
 .text.main_communication_rx_idle
                0x080056d6       0xc4 ./APP/main_communication.o
                0x080056d6                main_communication_rx_idle
 .text.main_communication_rx_half
                0x0800579a       0x76 ./APP/main_communication.o
                0x0800579a                main_communication_rx_half
 .text.main_communication_rx_cp
                0x08005810       0x76 ./APP/main_communication.o
                0x08005810                main_communication_rx_cp
 .text.main_communication_loop
                0x08005886       0x58 ./APP/main_communication.o
                0x08005886                main_communication_loop
 .text.main_communication_init
                0x080058de       0x82 ./APP/main_communication.o
                0x080058de                main_communication_init
 .text.open_loop_start
                0x08005960       0x2a ./APP/open_loop.o
                0x08005960                open_loop_start
 .text.open_loop_end
                0x0800598a       0x18 ./APP/open_loop.o
                0x0800598a                open_loop_end
 *fill*         0x080059a2        0x2 
 .text.open_loop_loop
                0x080059a4       0xc4 ./APP/open_loop.o
                0x080059a4                open_loop_loop
 .text.read_vbus
                0x08005a68       0x1c ./APP/task.o
 .text.task_init
                0x08005a84       0x48 ./APP/task.o
                0x08005a84                task_init
 .text.task_reset_error
                0x08005acc       0x28 ./APP/task.o
                0x08005acc                task_reset_error
 .text.task_set_state
                0x08005af4      0x1d0 ./APP/task.o
                0x08005af4                task_set_state
 .text.task_enter_state
                0x08005cc4      0x20c ./APP/task.o
                0x08005cc4                task_enter_state
 .text.task_exit_state
                0x08005ed0      0x22c ./APP/task.o
                0x08005ed0                task_exit_state
 .text.task_safety_task
                0x080060fc       0x66 ./APP/task.o
                0x080060fc                task_safety_task
 .text.task_low_priority_task
                0x08006162      0x10a ./APP/task.o
                0x08006162                task_low_priority_task
 *fill*         0x0800626c        0x4 
 .text.task_high_frequency_task
                0x08006270      0x568 ./APP/task.o
                0x08006270                task_high_frequency_task
 .text.traj_plan
                0x080067d8      0x738 ./APP/trap_traj.o
                0x080067d8                traj_plan
 .text.traj_eval
                0x08006f10      0x29a ./APP/trap_traj.o
                0x08006f10                traj_eval
 *fill*         0x080071aa        0x2 
 .text.usr_config_set_default_config
                0x080071ac      0x1c4 ./APP/usr_config.o
                0x080071ac                usr_config_set_default_config
 .text.usr_config_read_config
                0x08007370       0x16 ./APP/usr_config.o
                0x08007370                usr_config_read_config
 .text.usr_config_write_config
                0x08007386       0x16 ./APP/usr_config.o
                0x08007386                usr_config_write_config
 .text.usr_config_set_control_mode
                0x0800739c       0x20 ./APP/usr_config.o
                0x0800739c                usr_config_set_control_mode
 .text.zero_cailbration_start
                0x080073bc       0x2a ./APP/zero_cailbration.o
                0x080073bc                zero_cailbration_start
 *fill*         0x080073e6        0x2 
 .text.zero_cailbration_loop
                0x080073e8      0x180 ./APP/zero_cailbration.o
                0x080073e8                zero_cailbration_loop
 .text.zero_cailbration_stop
                0x08007568       0x40 ./APP/zero_cailbration.o
                0x08007568                zero_cailbration_stop
 .text.bsp_read_iphase_a
                0x080075a8       0x60 ./BSP/bsp_adc.o
                0x080075a8                bsp_read_iphase_a
 .text.bsp_read_iphase_b
                0x08007608       0x60 ./BSP/bsp_adc.o
                0x08007608                bsp_read_iphase_b
 .text.bsp_read_iphase_c
                0x08007668       0x60 ./BSP/bsp_adc.o
                0x08007668                bsp_read_iphase_c
 .text.pwmc_current_reading_polarization
                0x080076c8      0x14e ./BSP/bsp_adc.o
                0x080076c8                pwmc_current_reading_polarization
 *fill*         0x08007816        0x2 
 .text.HAL_ADCEx_InjectedConvCpltCallback
                0x08007818       0xcc ./BSP/bsp_adc.o
                0x08007818                HAL_ADCEx_InjectedConvCpltCallback
 .text.bsp_adc_init
                0x080078e4       0x1c ./BSP/bsp_adc.o
                0x080078e4                bsp_adc_init
 .text.enable_motor_drive
                0x08007900       0x3c ./BSP/bsp_gpio.o
                0x08007900                enable_motor_drive
 .text.enable_boost
                0x0800793c       0x3c ./BSP/bsp_gpio.o
                0x0800793c                enable_boost
 .text.enable_encoder
                0x08007978       0x3c ./BSP/bsp_gpio.o
                0x08007978                enable_encoder
 .text.test_gpio
                0x080079b4       0x3c ./BSP/bsp_gpio.o
                0x080079b4                test_gpio
 .text.set_a_duty
                0x080079f0       0x2c ./BSP/bsp_tim.o
                0x080079f0                set_a_duty
 .text.set_b_duty
                0x08007a1c       0x2c ./BSP/bsp_tim.o
                0x08007a1c                set_b_duty
 .text.set_c_duty
                0x08007a48       0x2c ./BSP/bsp_tim.o
                0x08007a48                set_c_duty
 .text.switch_on_pwm
                0x08007a74       0x7c ./BSP/bsp_tim.o
                0x08007a74                switch_on_pwm
 .text.switch_off_pwm
                0x08007af0       0x5e ./BSP/bsp_tim.o
                0x08007af0                switch_off_pwm
 .text.turn_on_low_sides_pwm
                0x08007b4e       0x76 ./BSP/bsp_tim.o
                0x08007b4e                turn_on_low_sides_pwm
 .text.bsp_tim_init
                0x08007bc4       0x84 ./BSP/bsp_tim.o
                0x08007bc4                bsp_tim_init
 .text.bsp_usart_init
                0x08007c48      0x104 ./BSP/bsp_usart.o
                0x08007c48                bsp_usart_init
 .text.bsp_uart_idle_callback
                0x08007d4c       0x78 ./BSP/bsp_usart.o
                0x08007d4c                bsp_uart_idle_callback
 .text.HAL_UART_TxCpltCallback
                0x08007dc4       0x74 ./BSP/bsp_usart.o
                0x08007dc4                HAL_UART_TxCpltCallback
 .text.HAL_UART_RxHalfCpltCallback
                0x08007e38       0x74 ./BSP/bsp_usart.o
                0x08007e38                HAL_UART_RxHalfCpltCallback
 .text.HAL_UART_RxCpltCallback
                0x08007eac       0x74 ./BSP/bsp_usart.o
                0x08007eac                HAL_UART_RxCpltCallback
 .text.HAL_UART_ErrorCallback
                0x08007f20      0x13c ./BSP/bsp_usart.o
                0x08007f20                HAL_UART_ErrorCallback
 .text.DWT_Tick_TimerInit
                0x0800805c       0x64 ./BSP/dwt.o
                0x0800805c                DWT_Tick_TimerInit
 .text.DWT_Tick_TimerGet
                0x080080c0       0x18 ./BSP/dwt.o
                0x080080c0                DWT_Tick_TimerGet
 .text.DWT_Time_Run
                0x080080d8       0xd0 ./BSP/dwt.o
                0x080080d8                DWT_Time_Run
 .text.APP_Math_CRC8_GenerateTable
                0x080081a8       0x6c ./Common/util.o
                0x080081a8                APP_Math_CRC8_GenerateTable
 .text.APP_Math_CRC8_StaticTable
                0x08008214       0x44 ./Common/util.o
                0x08008214                APP_Math_CRC8_StaticTable
 .text.clarke_transform
                0x08008258       0x48 ./Common/util.o
                0x08008258                clarke_transform
 .text.park_transform
                0x080082a0       0x7e ./Common/util.o
                0x080082a0                park_transform
 .text.inverse_park
                0x0800831e       0x7a ./Common/util.o
                0x0800831e                inverse_park
 .text.svm      0x08008398      0x46c ./Common/util.o
                0x08008398                svm
 .text.sin_f32  0x08008804      0x104 ./Common/util.o
                0x08008804                sin_f32
 .text.cos_f32  0x08008908      0x10c ./Common/util.o
                0x08008908                cos_f32
 .text.ModbusCRC16_Table
                0x08008a14       0x5c ./Common/util.o
                0x08008a14                ModbusCRC16_Table
 .text.calculate_checksum
                0x08008a70       0x4a ./Common/util.o
                0x08008a70                calculate_checksum
 .text.float_swap_endian
                0x08008aba       0x42 ./Common/util.o
                0x08008aba                float_swap_endian
 .text.MX_ADC1_Init
                0x08008afc      0x194 ./Core/Src/adc.o
                0x08008afc                MX_ADC1_Init
 .text.HAL_ADC_MspInit
                0x08008c90       0xe4 ./Core/Src/adc.o
                0x08008c90                HAL_ADC_MspInit
 .text.MX_DMA_Init
                0x08008d74       0x8c ./Core/Src/dma.o
                0x08008d74                MX_DMA_Init
 .text.MX_GPIO_Init
                0x08008e00      0x114 ./Core/Src/gpio.o
                0x08008e00                MX_GPIO_Init
 .text.main     0x08008f14      0x4a8 ./Core/Src/main.o
                0x08008f14                main
 .text.SystemClock_Config
                0x080093bc       0xa2 ./Core/Src/main.o
                0x080093bc                SystemClock_Config
 .text.Error_Handler
                0x0800945e        0xc ./Core/Src/main.o
                0x0800945e                Error_Handler
 *fill*         0x0800946a        0x2 
 .text.MX_RTC_Init
                0x0800946c       0x50 ./Core/Src/rtc.o
                0x0800946c                MX_RTC_Init
 .text.HAL_RTC_MspInit
                0x080094bc       0x64 ./Core/Src/rtc.o
                0x080094bc                HAL_RTC_MspInit
 .text.HAL_MspInit
                0x08009520       0x48 ./Core/Src/stm32l4xx_hal_msp.o
                0x08009520                HAL_MspInit
 .text.NMI_Handler
                0x08009568        0x8 ./Core/Src/stm32l4xx_it.o
                0x08009568                NMI_Handler
 .text.HardFault_Handler
                0x08009570        0x8 ./Core/Src/stm32l4xx_it.o
                0x08009570                HardFault_Handler
 .text.MemManage_Handler
                0x08009578        0x8 ./Core/Src/stm32l4xx_it.o
                0x08009578                MemManage_Handler
 .text.BusFault_Handler
                0x08009580        0x8 ./Core/Src/stm32l4xx_it.o
                0x08009580                BusFault_Handler
 .text.UsageFault_Handler
                0x08009588        0x8 ./Core/Src/stm32l4xx_it.o
                0x08009588                UsageFault_Handler
 .text.SVC_Handler
                0x08009590        0xe ./Core/Src/stm32l4xx_it.o
                0x08009590                SVC_Handler
 .text.DebugMon_Handler
                0x0800959e        0xe ./Core/Src/stm32l4xx_it.o
                0x0800959e                DebugMon_Handler
 .text.PendSV_Handler
                0x080095ac        0xe ./Core/Src/stm32l4xx_it.o
                0x080095ac                PendSV_Handler
 *fill*         0x080095ba        0x2 
 .text.SysTick_Handler
                0x080095bc       0x30 ./Core/Src/stm32l4xx_it.o
                0x080095bc                SysTick_Handler
 .text.DMA1_Channel2_IRQHandler
                0x080095ec       0x14 ./Core/Src/stm32l4xx_it.o
                0x080095ec                DMA1_Channel2_IRQHandler
 .text.DMA1_Channel3_IRQHandler
                0x08009600       0x14 ./Core/Src/stm32l4xx_it.o
                0x08009600                DMA1_Channel3_IRQHandler
 .text.DMA1_Channel4_IRQHandler
                0x08009614       0x14 ./Core/Src/stm32l4xx_it.o
                0x08009614                DMA1_Channel4_IRQHandler
 .text.DMA1_Channel5_IRQHandler
                0x08009628       0x14 ./Core/Src/stm32l4xx_it.o
                0x08009628                DMA1_Channel5_IRQHandler
 .text.DMA1_Channel6_IRQHandler
                0x0800963c       0x14 ./Core/Src/stm32l4xx_it.o
                0x0800963c                DMA1_Channel6_IRQHandler
 .text.DMA1_Channel7_IRQHandler
                0x08009650       0x14 ./Core/Src/stm32l4xx_it.o
                0x08009650                DMA1_Channel7_IRQHandler
 .text.ADC1_2_IRQHandler
                0x08009664       0x14 ./Core/Src/stm32l4xx_it.o
                0x08009664                ADC1_2_IRQHandler
 .text.USART1_IRQHandler
                0x08009678       0x18 ./Core/Src/stm32l4xx_it.o
                0x08009678                USART1_IRQHandler
 .text.USART2_IRQHandler
                0x08009690       0x18 ./Core/Src/stm32l4xx_it.o
                0x08009690                USART2_IRQHandler
 .text.USART3_IRQHandler
                0x080096a8       0x18 ./Core/Src/stm32l4xx_it.o
                0x080096a8                USART3_IRQHandler
 .text.SystemInit
                0x080096c0       0x24 ./Core/Src/system_stm32l4xx.o
                0x080096c0                SystemInit
 .text.MX_TIM1_Init
                0x080096e4      0x1a0 ./Core/Src/tim.o
                0x080096e4                MX_TIM1_Init
 .text.HAL_TIM_PWM_MspInit
                0x08009884       0x40 ./Core/Src/tim.o
                0x08009884                HAL_TIM_PWM_MspInit
 .text.HAL_TIM_MspPostInit
                0x080098c4       0x70 ./Core/Src/tim.o
                0x080098c4                HAL_TIM_MspPostInit
 .text.MX_USART1_UART_Init
                0x08009934       0x60 ./Core/Src/usart.o
                0x08009934                MX_USART1_UART_Init
 .text.MX_USART2_UART_Init
                0x08009994       0x68 ./Core/Src/usart.o
                0x08009994                MX_USART2_UART_Init
 .text.MX_USART3_UART_Init
                0x080099fc       0x60 ./Core/Src/usart.o
                0x080099fc                MX_USART3_UART_Init
 .text.HAL_UART_MspInit
                0x08009a5c      0x428 ./Core/Src/usart.o
                0x08009a5c                HAL_UART_MspInit
 .text.Reset_Handler
                0x08009e84       0x50 ./Core/Startup/startup_stm32l496rgtx.o
                0x08009e84                Reset_Handler
 .text.Default_Handler
                0x08009ed4        0x2 ./Core/Startup/startup_stm32l496rgtx.o
                0x08009ed4                RTC_Alarm_IRQHandler
                0x08009ed4                EXTI2_IRQHandler
                0x08009ed4                TIM8_TRG_COM_IRQHandler
                0x08009ed4                TIM8_CC_IRQHandler
                0x08009ed4                TIM1_CC_IRQHandler
                0x08009ed4                TSC_IRQHandler
                0x08009ed4                TAMP_STAMP_IRQHandler
                0x08009ed4                CAN2_RX1_IRQHandler
                0x08009ed4                EXTI3_IRQHandler
                0x08009ed4                LPTIM2_IRQHandler
                0x08009ed4                DFSDM1_FLT1_IRQHandler
                0x08009ed4                I2C3_ER_IRQHandler
                0x08009ed4                DFSDM1_FLT2_IRQHandler
                0x08009ed4                EXTI0_IRQHandler
                0x08009ed4                I2C2_EV_IRQHandler
                0x08009ed4                CAN1_RX0_IRQHandler
                0x08009ed4                FPU_IRQHandler
                0x08009ed4                TIM1_UP_TIM16_IRQHandler
                0x08009ed4                CAN2_SCE_IRQHandler
                0x08009ed4                SPI1_IRQHandler
                0x08009ed4                TIM6_DAC_IRQHandler
                0x08009ed4                DCMI_IRQHandler
                0x08009ed4                CAN2_RX0_IRQHandler
                0x08009ed4                TIM8_UP_IRQHandler
                0x08009ed4                DMA2_Channel2_IRQHandler
                0x08009ed4                SAI2_IRQHandler
                0x08009ed4                DFSDM1_FLT3_IRQHandler
                0x08009ed4                CAN1_RX1_IRQHandler
                0x08009ed4                LCD_IRQHandler
                0x08009ed4                UART5_IRQHandler
                0x08009ed4                ADC3_IRQHandler
                0x08009ed4                TIM4_IRQHandler
                0x08009ed4                DMA2_Channel1_IRQHandler
                0x08009ed4                QUADSPI_IRQHandler
                0x08009ed4                I2C1_EV_IRQHandler
                0x08009ed4                UART4_IRQHandler
                0x08009ed4                DMA2_Channel4_IRQHandler
                0x08009ed4                TIM3_IRQHandler
                0x08009ed4                RCC_IRQHandler
                0x08009ed4                DMA1_Channel1_IRQHandler
                0x08009ed4                Default_Handler
                0x08009ed4                DMA2_Channel7_IRQHandler
                0x08009ed4                EXTI15_10_IRQHandler
                0x08009ed4                TIM7_IRQHandler
                0x08009ed4                SDMMC1_IRQHandler
                0x08009ed4                CAN2_TX_IRQHandler
                0x08009ed4                TIM5_IRQHandler
                0x08009ed4                I2C3_EV_IRQHandler
                0x08009ed4                EXTI9_5_IRQHandler
                0x08009ed4                RTC_WKUP_IRQHandler
                0x08009ed4                PVD_PVM_IRQHandler
                0x08009ed4                SPI2_IRQHandler
                0x08009ed4                CAN1_TX_IRQHandler
                0x08009ed4                DMA2_Channel5_IRQHandler
                0x08009ed4                CRS_IRQHandler
                0x08009ed4                EXTI4_IRQHandler
                0x08009ed4                RNG_IRQHandler
                0x08009ed4                TIM1_TRG_COM_TIM17_IRQHandler
                0x08009ed4                COMP_IRQHandler
                0x08009ed4                WWDG_IRQHandler
                0x08009ed4                I2C4_EV_IRQHandler
                0x08009ed4                LPUART1_IRQHandler
                0x08009ed4                DMA2_Channel6_IRQHandler
                0x08009ed4                TIM2_IRQHandler
                0x08009ed4                EXTI1_IRQHandler
                0x08009ed4                DFSDM1_FLT0_IRQHandler
                0x08009ed4                I2C2_ER_IRQHandler
                0x08009ed4                TIM8_BRK_IRQHandler
                0x08009ed4                CAN1_SCE_IRQHandler
                0x08009ed4                FLASH_IRQHandler
                0x08009ed4                OTG_FS_IRQHandler
                0x08009ed4                SPI3_IRQHandler
                0x08009ed4                I2C1_ER_IRQHandler
                0x08009ed4                FMC_IRQHandler
                0x08009ed4                SWPMI1_IRQHandler
                0x08009ed4                LPTIM1_IRQHandler
                0x08009ed4                I2C4_ER_IRQHandler
                0x08009ed4                SAI1_IRQHandler
                0x08009ed4                DMA2_Channel3_IRQHandler
                0x08009ed4                TIM1_BRK_TIM15_IRQHandler
 .text.HAL_Init
                0x08009ed6       0x30 ./Drivers/STM32L4xx_HAL_Driver/Src/stm32l4xx_hal.o
                0x08009ed6                HAL_Init
 *fill*         0x08009f06        0x2 
 .text.HAL_InitTick
                0x08009f08       0x78 ./Drivers/STM32L4xx_HAL_Driver/Src/stm32l4xx_hal.o
                0x08009f08                HAL_InitTick
 .text.HAL_IncTick
                0x08009f80       0x28 ./Drivers/STM32L4xx_HAL_Driver/Src/stm32l4xx_hal.o
                0x08009f80                HAL_IncTick
 .text.HAL_GetTick
                0x08009fa8       0x18 ./Drivers/STM32L4xx_HAL_Driver/Src/stm32l4xx_hal.o
                0x08009fa8                HAL_GetTick
 .text.HAL_Delay
                0x08009fc0       0x48 ./Drivers/STM32L4xx_HAL_Driver/Src/stm32l4xx_hal.o
                0x08009fc0                HAL_Delay
 .text.LL_ADC_SetCommonClock
                0x0800a008       0x26 ./Drivers/STM32L4xx_HAL_Driver/Src/stm32l4xx_hal_adc.o
 .text.LL_ADC_SetCommonPathInternalCh
                0x0800a02e       0x26 ./Drivers/STM32L4xx_HAL_Driver/Src/stm32l4xx_hal_adc.o
 .text.LL_ADC_GetCommonPathInternalCh
                0x0800a054       0x1c ./Drivers/STM32L4xx_HAL_Driver/Src/stm32l4xx_hal_adc.o
 .text.LL_ADC_SetOffset
                0x0800a070       0x48 ./Drivers/STM32L4xx_HAL_Driver/Src/stm32l4xx_hal_adc.o
 .text.LL_ADC_GetOffsetChannel
                0x0800a0b8       0x2c ./Drivers/STM32L4xx_HAL_Driver/Src/stm32l4xx_hal_adc.o
 .text.LL_ADC_SetOffsetState
                0x0800a0e4       0x36 ./Drivers/STM32L4xx_HAL_Driver/Src/stm32l4xx_hal_adc.o
 .text.LL_ADC_SetSamplingTimeCommonConfig
                0x0800a11a       0x26 ./Drivers/STM32L4xx_HAL_Driver/Src/stm32l4xx_hal_adc.o
 .text.LL_ADC_REG_IsTriggerSourceSWStart
                0x0800a140       0x26 ./Drivers/STM32L4xx_HAL_Driver/Src/stm32l4xx_hal_adc.o
 .text.LL_ADC_REG_SetSequencerRanks
                0x0800a166       0x58 ./Drivers/STM32L4xx_HAL_Driver/Src/stm32l4xx_hal_adc.o
 .text.LL_ADC_INJ_IsTriggerSourceSWStart
                0x0800a1be       0x26 ./Drivers/STM32L4xx_HAL_Driver/Src/stm32l4xx_hal_adc.o
 .text.LL_ADC_SetChannelSamplingTime
                0x0800a1e4       0x56 ./Drivers/STM32L4xx_HAL_Driver/Src/stm32l4xx_hal_adc.o
 *fill*         0x0800a23a        0x2 
 .text.LL_ADC_SetChannelSingleDiff
                0x0800a23c       0x48 ./Drivers/STM32L4xx_HAL_Driver/Src/stm32l4xx_hal_adc.o
 .text.LL_ADC_GetMultimode
                0x0800a284       0x1c ./Drivers/STM32L4xx_HAL_Driver/Src/stm32l4xx_hal_adc.o
 .text.LL_ADC_GetMultiDMATransfer
                0x0800a2a0       0x1c ./Drivers/STM32L4xx_HAL_Driver/Src/stm32l4xx_hal_adc.o
 .text.LL_ADC_DisableDeepPowerDown
                0x0800a2bc       0x24 ./Drivers/STM32L4xx_HAL_Driver/Src/stm32l4xx_hal_adc.o
 .text.LL_ADC_IsDeepPowerDownEnabled
                0x0800a2e0       0x28 ./Drivers/STM32L4xx_HAL_Driver/Src/stm32l4xx_hal_adc.o
 .text.LL_ADC_EnableInternalRegulator
                0x0800a308       0x28 ./Drivers/STM32L4xx_HAL_Driver/Src/stm32l4xx_hal_adc.o
 .text.LL_ADC_IsInternalRegulatorEnabled
                0x0800a330       0x28 ./Drivers/STM32L4xx_HAL_Driver/Src/stm32l4xx_hal_adc.o
 .text.LL_ADC_Enable
                0x0800a358       0x28 ./Drivers/STM32L4xx_HAL_Driver/Src/stm32l4xx_hal_adc.o
 .text.LL_ADC_Disable
                0x0800a380       0x28 ./Drivers/STM32L4xx_HAL_Driver/Src/stm32l4xx_hal_adc.o
 .text.LL_ADC_IsEnabled
                0x0800a3a8       0x26 ./Drivers/STM32L4xx_HAL_Driver/Src/stm32l4xx_hal_adc.o
 .text.LL_ADC_IsDisableOngoing
                0x0800a3ce       0x26 ./Drivers/STM32L4xx_HAL_Driver/Src/stm32l4xx_hal_adc.o
 .text.LL_ADC_REG_IsConversionOngoing
                0x0800a3f4       0x26 ./Drivers/STM32L4xx_HAL_Driver/Src/stm32l4xx_hal_adc.o
 .text.LL_ADC_INJ_IsConversionOngoing
                0x0800a41a       0x26 ./Drivers/STM32L4xx_HAL_Driver/Src/stm32l4xx_hal_adc.o
 .text.HAL_ADC_Init
                0x0800a440      0x2a8 ./Drivers/STM32L4xx_HAL_Driver/Src/stm32l4xx_hal_adc.o
                0x0800a440                HAL_ADC_Init
 .text.HAL_ADC_IRQHandler
                0x0800a6e8      0x434 ./Drivers/STM32L4xx_HAL_Driver/Src/stm32l4xx_hal_adc.o
                0x0800a6e8                HAL_ADC_IRQHandler
 .text.HAL_ADC_ConvCpltCallback
                0x0800ab1c       0x14 ./Drivers/STM32L4xx_HAL_Driver/Src/stm32l4xx_hal_adc.o
                0x0800ab1c                HAL_ADC_ConvCpltCallback
 .text.HAL_ADC_LevelOutOfWindowCallback
                0x0800ab30       0x14 ./Drivers/STM32L4xx_HAL_Driver/Src/stm32l4xx_hal_adc.o
                0x0800ab30                HAL_ADC_LevelOutOfWindowCallback
 .text.HAL_ADC_ErrorCallback
                0x0800ab44       0x14 ./Drivers/STM32L4xx_HAL_Driver/Src/stm32l4xx_hal_adc.o
                0x0800ab44                HAL_ADC_ErrorCallback
 .text.HAL_ADC_ConfigChannel
                0x0800ab58      0x818 ./Drivers/STM32L4xx_HAL_Driver/Src/stm32l4xx_hal_adc.o
                0x0800ab58                HAL_ADC_ConfigChannel
 .text.ADC_Enable
                0x0800b370      0x10c ./Drivers/STM32L4xx_HAL_Driver/Src/stm32l4xx_hal_adc.o
                0x0800b370                ADC_Enable
 .text.ADC_Disable
                0x0800b47c       0xbe ./Drivers/STM32L4xx_HAL_Driver/Src/stm32l4xx_hal_adc.o
                0x0800b47c                ADC_Disable
 .text.LL_ADC_SetCommonPathInternalCh
                0x0800b53a       0x26 ./Drivers/STM32L4xx_HAL_Driver/Src/stm32l4xx_hal_adc_ex.o
 .text.LL_ADC_GetCommonPathInternalCh
                0x0800b560       0x1c ./Drivers/STM32L4xx_HAL_Driver/Src/stm32l4xx_hal_adc_ex.o
 .text.LL_ADC_SetOffset
                0x0800b57c       0x48 ./Drivers/STM32L4xx_HAL_Driver/Src/stm32l4xx_hal_adc_ex.o
 .text.LL_ADC_GetOffsetChannel
                0x0800b5c4       0x2c ./Drivers/STM32L4xx_HAL_Driver/Src/stm32l4xx_hal_adc_ex.o
 .text.LL_ADC_SetOffsetState
                0x0800b5f0       0x36 ./Drivers/STM32L4xx_HAL_Driver/Src/stm32l4xx_hal_adc_ex.o
 .text.LL_ADC_SetSamplingTimeCommonConfig
                0x0800b626       0x26 ./Drivers/STM32L4xx_HAL_Driver/Src/stm32l4xx_hal_adc_ex.o
 .text.LL_ADC_INJ_GetTrigAuto
                0x0800b64c       0x1c ./Drivers/STM32L4xx_HAL_Driver/Src/stm32l4xx_hal_adc_ex.o
 .text.LL_ADC_INJ_SetQueueMode
                0x0800b668       0x2a ./Drivers/STM32L4xx_HAL_Driver/Src/stm32l4xx_hal_adc_ex.o
 .text.LL_ADC_SetChannelSamplingTime
                0x0800b692       0x56 ./Drivers/STM32L4xx_HAL_Driver/Src/stm32l4xx_hal_adc_ex.o
 .text.LL_ADC_SetChannelSingleDiff
                0x0800b6e8       0x48 ./Drivers/STM32L4xx_HAL_Driver/Src/stm32l4xx_hal_adc_ex.o
 .text.LL_ADC_GetMultimode
                0x0800b730       0x1c ./Drivers/STM32L4xx_HAL_Driver/Src/stm32l4xx_hal_adc_ex.o
 .text.LL_ADC_IsEnabled
                0x0800b74c       0x26 ./Drivers/STM32L4xx_HAL_Driver/Src/stm32l4xx_hal_adc_ex.o
 .text.LL_ADC_StartCalibration
                0x0800b772       0x32 ./Drivers/STM32L4xx_HAL_Driver/Src/stm32l4xx_hal_adc_ex.o
 .text.LL_ADC_IsCalibrationOnGoing
                0x0800b7a4       0x28 ./Drivers/STM32L4xx_HAL_Driver/Src/stm32l4xx_hal_adc_ex.o
 .text.LL_ADC_REG_IsConversionOngoing
                0x0800b7cc       0x26 ./Drivers/STM32L4xx_HAL_Driver/Src/stm32l4xx_hal_adc_ex.o
 .text.LL_ADC_INJ_StartConversion
                0x0800b7f2       0x28 ./Drivers/STM32L4xx_HAL_Driver/Src/stm32l4xx_hal_adc_ex.o
 .text.LL_ADC_INJ_IsConversionOngoing
                0x0800b81a       0x26 ./Drivers/STM32L4xx_HAL_Driver/Src/stm32l4xx_hal_adc_ex.o
 .text.HAL_ADCEx_Calibration_Start
                0x0800b840       0xc0 ./Drivers/STM32L4xx_HAL_Driver/Src/stm32l4xx_hal_adc_ex.o
                0x0800b840                HAL_ADCEx_Calibration_Start
 .text.HAL_ADCEx_InjectedStart_IT
                0x0800b900      0x1cc ./Drivers/STM32L4xx_HAL_Driver/Src/stm32l4xx_hal_adc_ex.o
                0x0800b900                HAL_ADCEx_InjectedStart_IT
 .text.HAL_ADCEx_InjectedQueueOverflowCallback
                0x0800bacc       0x14 ./Drivers/STM32L4xx_HAL_Driver/Src/stm32l4xx_hal_adc_ex.o
                0x0800bacc                HAL_ADCEx_InjectedQueueOverflowCallback
 .text.HAL_ADCEx_LevelOutOfWindow2Callback
                0x0800bae0       0x14 ./Drivers/STM32L4xx_HAL_Driver/Src/stm32l4xx_hal_adc_ex.o
                0x0800bae0                HAL_ADCEx_LevelOutOfWindow2Callback
 .text.HAL_ADCEx_LevelOutOfWindow3Callback
                0x0800baf4       0x14 ./Drivers/STM32L4xx_HAL_Driver/Src/stm32l4xx_hal_adc_ex.o
                0x0800baf4                HAL_ADCEx_LevelOutOfWindow3Callback
 .text.HAL_ADCEx_EndOfSamplingCallback
                0x0800bb08       0x14 ./Drivers/STM32L4xx_HAL_Driver/Src/stm32l4xx_hal_adc_ex.o
                0x0800bb08                HAL_ADCEx_EndOfSamplingCallback
 .text.HAL_ADCEx_InjectedConfigChannel
                0x0800bb1c      0x994 ./Drivers/STM32L4xx_HAL_Driver/Src/stm32l4xx_hal_adc_ex.o
                0x0800bb1c                HAL_ADCEx_InjectedConfigChannel
 .text.HAL_ADCEx_MultiModeConfigChannel
                0x0800c4b0      0x160 ./Drivers/STM32L4xx_HAL_Driver/Src/stm32l4xx_hal_adc_ex.o
                0x0800c4b0                HAL_ADCEx_MultiModeConfigChannel
 .text.HAL_ADCEx_DisableInjectedQueue
                0x0800c610       0x4e ./Drivers/STM32L4xx_HAL_Driver/Src/stm32l4xx_hal_adc_ex.o
                0x0800c610                HAL_ADCEx_DisableInjectedQueue
 *fill*         0x0800c65e        0x2 
 .text.__NVIC_SetPriorityGrouping
                0x0800c660       0x48 ./Drivers/STM32L4xx_HAL_Driver/Src/stm32l4xx_hal_cortex.o
 .text.__NVIC_GetPriorityGrouping
                0x0800c6a8       0x1c ./Drivers/STM32L4xx_HAL_Driver/Src/stm32l4xx_hal_cortex.o
 .text.__NVIC_EnableIRQ
                0x0800c6c4       0x3c ./Drivers/STM32L4xx_HAL_Driver/Src/stm32l4xx_hal_cortex.o
 .text.__NVIC_SetPriority
                0x0800c700       0x54 ./Drivers/STM32L4xx_HAL_Driver/Src/stm32l4xx_hal_cortex.o
 .text.NVIC_EncodePriority
                0x0800c754       0x66 ./Drivers/STM32L4xx_HAL_Driver/Src/stm32l4xx_hal_cortex.o
 *fill*         0x0800c7ba        0x2 
 .text.SysTick_Config
                0x0800c7bc       0x44 ./Drivers/STM32L4xx_HAL_Driver/Src/stm32l4xx_hal_cortex.o
 .text.HAL_NVIC_SetPriorityGrouping
                0x0800c800       0x16 ./Drivers/STM32L4xx_HAL_Driver/Src/stm32l4xx_hal_cortex.o
                0x0800c800                HAL_NVIC_SetPriorityGrouping
 .text.HAL_NVIC_SetPriority
                0x0800c816       0x38 ./Drivers/STM32L4xx_HAL_Driver/Src/stm32l4xx_hal_cortex.o
                0x0800c816                HAL_NVIC_SetPriority
 .text.HAL_NVIC_EnableIRQ
                0x0800c84e       0x1c ./Drivers/STM32L4xx_HAL_Driver/Src/stm32l4xx_hal_cortex.o
                0x0800c84e                HAL_NVIC_EnableIRQ
 .text.HAL_SYSTICK_Config
                0x0800c86a       0x18 ./Drivers/STM32L4xx_HAL_Driver/Src/stm32l4xx_hal_cortex.o
                0x0800c86a                HAL_SYSTICK_Config
 *fill*         0x0800c882        0x2 
 .text.HAL_DMA_Init
                0x0800c884      0x170 ./Drivers/STM32L4xx_HAL_Driver/Src/stm32l4xx_hal_dma.o
                0x0800c884                HAL_DMA_Init
 .text.HAL_DMA_Start_IT
                0x0800c9f4       0xc0 ./Drivers/STM32L4xx_HAL_Driver/Src/stm32l4xx_hal_dma.o
                0x0800c9f4                HAL_DMA_Start_IT
 .text.HAL_DMA_Abort
                0x0800cab4       0x7c ./Drivers/STM32L4xx_HAL_Driver/Src/stm32l4xx_hal_dma.o
                0x0800cab4                HAL_DMA_Abort
 .text.HAL_DMA_Abort_IT
                0x0800cb30       0x82 ./Drivers/STM32L4xx_HAL_Driver/Src/stm32l4xx_hal_dma.o
                0x0800cb30                HAL_DMA_Abort_IT
 .text.HAL_DMA_IRQHandler
                0x0800cbb2      0x15e ./Drivers/STM32L4xx_HAL_Driver/Src/stm32l4xx_hal_dma.o
                0x0800cbb2                HAL_DMA_IRQHandler
 .text.DMA_SetConfig
                0x0800cd10       0x60 ./Drivers/STM32L4xx_HAL_Driver/Src/stm32l4xx_hal_dma.o
 .text.HAL_GPIO_Init
                0x0800cd70      0x324 ./Drivers/STM32L4xx_HAL_Driver/Src/stm32l4xx_hal_gpio.o
                0x0800cd70                HAL_GPIO_Init
 .text.HAL_GPIO_WritePin
                0x0800d094       0x30 ./Drivers/STM32L4xx_HAL_Driver/Src/stm32l4xx_hal_gpio.o
                0x0800d094                HAL_GPIO_WritePin
 .text.HAL_PWREx_GetVoltageRange
                0x0800d0c4       0x1c ./Drivers/STM32L4xx_HAL_Driver/Src/stm32l4xx_hal_pwr_ex.o
                0x0800d0c4                HAL_PWREx_GetVoltageRange
 .text.HAL_PWREx_ControlVoltageScaling
                0x0800d0e0       0xac ./Drivers/STM32L4xx_HAL_Driver/Src/stm32l4xx_hal_pwr_ex.o
                0x0800d0e0                HAL_PWREx_ControlVoltageScaling
 .text.HAL_RCC_OscConfig
                0x0800d18c      0x834 ./Drivers/STM32L4xx_HAL_Driver/Src/stm32l4xx_hal_rcc.o
                0x0800d18c                HAL_RCC_OscConfig
 .text.HAL_RCC_ClockConfig
                0x0800d9c0      0x200 ./Drivers/STM32L4xx_HAL_Driver/Src/stm32l4xx_hal_rcc.o
                0x0800d9c0                HAL_RCC_ClockConfig
 .text.HAL_RCC_GetSysClockFreq
                0x0800dbc0      0x114 ./Drivers/STM32L4xx_HAL_Driver/Src/stm32l4xx_hal_rcc.o
                0x0800dbc0                HAL_RCC_GetSysClockFreq
 .text.HAL_RCC_GetHCLKFreq
                0x0800dcd4       0x18 ./Drivers/STM32L4xx_HAL_Driver/Src/stm32l4xx_hal_rcc.o
                0x0800dcd4                HAL_RCC_GetHCLKFreq
 .text.HAL_RCC_GetPCLK1Freq
                0x0800dcec       0x2c ./Drivers/STM32L4xx_HAL_Driver/Src/stm32l4xx_hal_rcc.o
                0x0800dcec                HAL_RCC_GetPCLK1Freq
 .text.HAL_RCC_GetPCLK2Freq
                0x0800dd18       0x2c ./Drivers/STM32L4xx_HAL_Driver/Src/stm32l4xx_hal_rcc.o
                0x0800dd18                HAL_RCC_GetPCLK2Freq
 .text.RCC_SetFlashLatencyFromMSIRange
                0x0800dd44       0xc0 ./Drivers/STM32L4xx_HAL_Driver/Src/stm32l4xx_hal_rcc.o
 .text.HAL_RCCEx_PeriphCLKConfig
                0x0800de04      0x5f8 ./Drivers/STM32L4xx_HAL_Driver/Src/stm32l4xx_hal_rcc_ex.o
                0x0800de04                HAL_RCCEx_PeriphCLKConfig
 .text.RCCEx_PLLSAI1_Config
                0x0800e3fc      0x1e4 ./Drivers/STM32L4xx_HAL_Driver/Src/stm32l4xx_hal_rcc_ex.o
 .text.RCCEx_PLLSAI2_Config
                0x0800e5e0      0x1b8 ./Drivers/STM32L4xx_HAL_Driver/Src/stm32l4xx_hal_rcc_ex.o
 .text.HAL_RTC_Init
                0x0800e798      0x110 ./Drivers/STM32L4xx_HAL_Driver/Src/stm32l4xx_hal_rtc.o
                0x0800e798                HAL_RTC_Init
 .text.HAL_RTC_WaitForSynchro
                0x0800e8a8       0x48 ./Drivers/STM32L4xx_HAL_Driver/Src/stm32l4xx_hal_rtc.o
                0x0800e8a8                HAL_RTC_WaitForSynchro
 .text.RTC_EnterInitMode
                0x0800e8f0       0x66 ./Drivers/STM32L4xx_HAL_Driver/Src/stm32l4xx_hal_rtc.o
                0x0800e8f0                RTC_EnterInitMode
 *fill*         0x0800e956        0x2 
 .text.RTC_ExitInitMode
                0x0800e958       0x7c ./Drivers/STM32L4xx_HAL_Driver/Src/stm32l4xx_hal_rtc.o
                0x0800e958                RTC_ExitInitMode
 .text.HAL_TIM_Base_Start_IT
                0x0800e9d4       0xe0 ./Drivers/STM32L4xx_HAL_Driver/Src/stm32l4xx_hal_tim.o
                0x0800e9d4                HAL_TIM_Base_Start_IT
 .text.HAL_TIM_OC_Init
                0x0800eab4       0xae ./Drivers/STM32L4xx_HAL_Driver/Src/stm32l4xx_hal_tim.o
                0x0800eab4                HAL_TIM_OC_Init
 .text.HAL_TIM_OC_MspInit
                0x0800eb62       0x14 ./Drivers/STM32L4xx_HAL_Driver/Src/stm32l4xx_hal_tim.o
                0x0800eb62                HAL_TIM_OC_MspInit
 *fill*         0x0800eb76        0x2 
 .text.HAL_TIM_OC_Start
                0x0800eb78      0x20c ./Drivers/STM32L4xx_HAL_Driver/Src/stm32l4xx_hal_tim.o
                0x0800eb78                HAL_TIM_OC_Start
 .text.HAL_TIM_OC_Stop
                0x0800ed84      0x12c ./Drivers/STM32L4xx_HAL_Driver/Src/stm32l4xx_hal_tim.o
                0x0800ed84                HAL_TIM_OC_Stop
 .text.HAL_TIM_PWM_Init
                0x0800eeb0       0xae ./Drivers/STM32L4xx_HAL_Driver/Src/stm32l4xx_hal_tim.o
                0x0800eeb0                HAL_TIM_PWM_Init
 *fill*         0x0800ef5e        0x2 
 .text.HAL_TIM_PWM_Start
                0x0800ef60      0x20c ./Drivers/STM32L4xx_HAL_Driver/Src/stm32l4xx_hal_tim.o
                0x0800ef60                HAL_TIM_PWM_Start
 .text.HAL_TIM_OC_ConfigChannel
                0x0800f16c       0xf4 ./Drivers/STM32L4xx_HAL_Driver/Src/stm32l4xx_hal_tim.o
                0x0800f16c                HAL_TIM_OC_ConfigChannel
 .text.HAL_TIM_PWM_ConfigChannel
                0x0800f260      0x228 ./Drivers/STM32L4xx_HAL_Driver/Src/stm32l4xx_hal_tim.o
                0x0800f260                HAL_TIM_PWM_ConfigChannel
 .text.TIM_Base_SetConfig
                0x0800f488      0x14c ./Drivers/STM32L4xx_HAL_Driver/Src/stm32l4xx_hal_tim.o
                0x0800f488                TIM_Base_SetConfig
 .text.TIM_OC1_SetConfig
                0x0800f5d4      0x120 ./Drivers/STM32L4xx_HAL_Driver/Src/stm32l4xx_hal_tim.o
 .text.TIM_OC2_SetConfig
                0x0800f6f4      0x114 ./Drivers/STM32L4xx_HAL_Driver/Src/stm32l4xx_hal_tim.o
                0x0800f6f4                TIM_OC2_SetConfig
 .text.TIM_OC3_SetConfig
                0x0800f808      0x110 ./Drivers/STM32L4xx_HAL_Driver/Src/stm32l4xx_hal_tim.o
 .text.TIM_OC4_SetConfig
                0x0800f918       0xd4 ./Drivers/STM32L4xx_HAL_Driver/Src/stm32l4xx_hal_tim.o
 .text.TIM_OC5_SetConfig
                0x0800f9ec       0xc8 ./Drivers/STM32L4xx_HAL_Driver/Src/stm32l4xx_hal_tim.o
 .text.TIM_OC6_SetConfig
                0x0800fab4       0xcc ./Drivers/STM32L4xx_HAL_Driver/Src/stm32l4xx_hal_tim.o
 .text.TIM_CCxChannelCmd
                0x0800fb80       0x4a ./Drivers/STM32L4xx_HAL_Driver/Src/stm32l4xx_hal_tim.o
                0x0800fb80                TIM_CCxChannelCmd
 *fill*         0x0800fbca        0x2 
 .text.HAL_TIMEx_MasterConfigSynchronization
                0x0800fbcc      0x110 ./Drivers/STM32L4xx_HAL_Driver/Src/stm32l4xx_hal_tim_ex.o
                0x0800fbcc                HAL_TIMEx_MasterConfigSynchronization
 .text.HAL_TIMEx_ConfigBreakDeadTime
                0x0800fcdc       0xfc ./Drivers/STM32L4xx_HAL_Driver/Src/stm32l4xx_hal_tim_ex.o
                0x0800fcdc                HAL_TIMEx_ConfigBreakDeadTime
 .text.HAL_UART_Init
                0x0800fdd8       0x9c ./Drivers/STM32L4xx_HAL_Driver/Src/stm32l4xx_hal_uart.o
                0x0800fdd8                HAL_UART_Init
 .text.HAL_UART_Transmit_DMA
                0x0800fe74       0xf8 ./Drivers/STM32L4xx_HAL_Driver/Src/stm32l4xx_hal_uart.o
                0x0800fe74                HAL_UART_Transmit_DMA
 .text.HAL_UART_Receive_DMA
                0x0800ff6c       0x98 ./Drivers/STM32L4xx_HAL_Driver/Src/stm32l4xx_hal_uart.o
                0x0800ff6c                HAL_UART_Receive_DMA
 .text.HAL_UART_IRQHandler
                0x08010004      0x60c ./Drivers/STM32L4xx_HAL_Driver/Src/stm32l4xx_hal_uart.o
                0x08010004                HAL_UART_IRQHandler
 .text.HAL_UART_TxHalfCpltCallback
                0x08010610       0x14 ./Drivers/STM32L4xx_HAL_Driver/Src/stm32l4xx_hal_uart.o
                0x08010610                HAL_UART_TxHalfCpltCallback
 .text.HAL_UARTEx_RxEventCallback
                0x08010624       0x18 ./Drivers/STM32L4xx_HAL_Driver/Src/stm32l4xx_hal_uart.o
                0x08010624                HAL_UARTEx_RxEventCallback
 .text.UART_SetConfig
                0x0801063c      0x570 ./Drivers/STM32L4xx_HAL_Driver/Src/stm32l4xx_hal_uart.o
                0x0801063c                UART_SetConfig
 .text.UART_AdvFeatureConfig
                0x08010bac      0x144 ./Drivers/STM32L4xx_HAL_Driver/Src/stm32l4xx_hal_uart.o
                0x08010bac                UART_AdvFeatureConfig
 .text.UART_CheckIdleState
                0x08010cf0      0x150 ./Drivers/STM32L4xx_HAL_Driver/Src/stm32l4xx_hal_uart.o
                0x08010cf0                UART_CheckIdleState
 .text.UART_WaitOnFlagUntilTimeout
                0x08010e40       0xda ./Drivers/STM32L4xx_HAL_Driver/Src/stm32l4xx_hal_uart.o
                0x08010e40                UART_WaitOnFlagUntilTimeout
 *fill*         0x08010f1a        0x2 
 .text.UART_Start_Receive_DMA
                0x08010f1c      0x140 ./Drivers/STM32L4xx_HAL_Driver/Src/stm32l4xx_hal_uart.o
                0x08010f1c                UART_Start_Receive_DMA
 .text.UART_EndTxTransfer
                0x0801105c       0x4c ./Drivers/STM32L4xx_HAL_Driver/Src/stm32l4xx_hal_uart.o
 .text.UART_EndRxTransfer
                0x080110a8       0xc8 ./Drivers/STM32L4xx_HAL_Driver/Src/stm32l4xx_hal_uart.o
 .text.UART_DMATransmitCplt
                0x08011170       0x9a ./Drivers/STM32L4xx_HAL_Driver/Src/stm32l4xx_hal_uart.o
 .text.UART_DMATxHalfCplt
                0x0801120a       0x1c ./Drivers/STM32L4xx_HAL_Driver/Src/stm32l4xx_hal_uart.o
 .text.UART_DMAReceiveCplt
                0x08011226      0x12c ./Drivers/STM32L4xx_HAL_Driver/Src/stm32l4xx_hal_uart.o
 .text.UART_DMARxHalfCplt
                0x08011352       0x3e ./Drivers/STM32L4xx_HAL_Driver/Src/stm32l4xx_hal_uart.o
 .text.UART_DMAError
                0x08011390       0x7e ./Drivers/STM32L4xx_HAL_Driver/Src/stm32l4xx_hal_uart.o
 .text.UART_DMAAbortOnError
                0x0801140e       0x2c ./Drivers/STM32L4xx_HAL_Driver/Src/stm32l4xx_hal_uart.o
 .text.UART_EndTransmit_IT
                0x0801143a       0x54 ./Drivers/STM32L4xx_HAL_Driver/Src/stm32l4xx_hal_uart.o
 .text.HAL_RS485Ex_Init
                0x0801148e       0xce ./Drivers/STM32L4xx_HAL_Driver/Src/stm32l4xx_hal_uart_ex.o
                0x0801148e                HAL_RS485Ex_Init
 .text.HAL_UARTEx_WakeupCallback
                0x0801155c       0x14 ./Drivers/STM32L4xx_HAL_Driver/Src/stm32l4xx_hal_uart_ex.o
                0x0801155c                HAL_UARTEx_WakeupCallback
 .text.memset   0x08011570       0x10 D:/tool/STM32CubeIDE_1.18.1/STM32CubeIDE/plugins/com.st.stm32cube.ide.mcu.externaltools.gnu-tools-for-stm32.13.3.rel1.win32_1.0.0.202411081344/tools/bin/../lib/gcc/arm-none-eabi/13.3.1/../../../../arm-none-eabi/lib/thumb/v7e-m+fp/hard\libc_nano.a(libc_a-memset.o)
                0x08011570                memset
 .text.__errno  0x08011580        0xc D:/tool/STM32CubeIDE_1.18.1/STM32CubeIDE/plugins/com.st.stm32cube.ide.mcu.externaltools.gnu-tools-for-stm32.13.3.rel1.win32_1.0.0.202411081344/tools/bin/../lib/gcc/arm-none-eabi/13.3.1/../../../../arm-none-eabi/lib/thumb/v7e-m+fp/hard\libc_nano.a(libc_a-errno.o)
                0x08011580                __errno
 .text.__libc_init_array
                0x0801158c       0x48 D:/tool/STM32CubeIDE_1.18.1/STM32CubeIDE/plugins/com.st.stm32cube.ide.mcu.externaltools.gnu-tools-for-stm32.13.3.rel1.win32_1.0.0.202411081344/tools/bin/../lib/gcc/arm-none-eabi/13.3.1/../../../../arm-none-eabi/lib/thumb/v7e-m+fp/hard\libc_nano.a(libc_a-init.o)
                0x0801158c                __libc_init_array
 .text.memcpy   0x080115d4       0x1c D:/tool/STM32CubeIDE_1.18.1/STM32CubeIDE/plugins/com.st.stm32cube.ide.mcu.externaltools.gnu-tools-for-stm32.13.3.rel1.win32_1.0.0.202411081344/tools/bin/../lib/gcc/arm-none-eabi/13.3.1/../../../../arm-none-eabi/lib/thumb/v7e-m+fp/hard\libc_nano.a(libc_a-memcpy-stub.o)
                0x080115d4                memcpy
 .text.sqrtf    0x080115f0       0x3c D:/tool/STM32CubeIDE_1.18.1/STM32CubeIDE/plugins/com.st.stm32cube.ide.mcu.externaltools.gnu-tools-for-stm32.13.3.rel1.win32_1.0.0.202411081344/tools/bin/../lib/gcc/arm-none-eabi/13.3.1/../../../../arm-none-eabi/lib/thumb/v7e-m+fp/hard\libm.a(libm_a-wf_sqrt.o)
                0x080115f0                sqrtf
 .text.__ieee754_sqrtf
                0x0801162c        0x6 D:/tool/STM32CubeIDE_1.18.1/STM32CubeIDE/plugins/com.st.stm32cube.ide.mcu.externaltools.gnu-tools-for-stm32.13.3.rel1.win32_1.0.0.202411081344/tools/bin/../lib/gcc/arm-none-eabi/13.3.1/../../../../arm-none-eabi/lib/thumb/v7e-m+fp/hard\libm.a(libm_a-ef_sqrt.o)
                0x0801162c                __ieee754_sqrtf
 *(.glue_7)
 .glue_7        0x08011632        0x0 linker stubs
 *(.glue_7t)
 .glue_7t       0x08011632        0x0 linker stubs
 *(.eh_frame)
 *fill*         0x08011632        0x2 
 .eh_frame      0x08011634        0x0 D:/tool/STM32CubeIDE_1.18.1/STM32CubeIDE/plugins/com.st.stm32cube.ide.mcu.externaltools.gnu-tools-for-stm32.13.3.rel1.win32_1.0.0.202411081344/tools/bin/../lib/gcc/arm-none-eabi/13.3.1/thumb/v7e-m+fp/hard/crtbegin.o
 *(.init)
 .init          0x08011634        0x4 D:/tool/STM32CubeIDE_1.18.1/STM32CubeIDE/plugins/com.st.stm32cube.ide.mcu.externaltools.gnu-tools-for-stm32.13.3.rel1.win32_1.0.0.202411081344/tools/bin/../lib/gcc/arm-none-eabi/13.3.1/thumb/v7e-m+fp/hard/crti.o
                0x08011634                _init
 .init          0x08011638        0x8 D:/tool/STM32CubeIDE_1.18.1/STM32CubeIDE/plugins/com.st.stm32cube.ide.mcu.externaltools.gnu-tools-for-stm32.13.3.rel1.win32_1.0.0.202411081344/tools/bin/../lib/gcc/arm-none-eabi/13.3.1/thumb/v7e-m+fp/hard/crtn.o
 *(.fini)
 .fini          0x08011640        0x4 D:/tool/STM32CubeIDE_1.18.1/STM32CubeIDE/plugins/com.st.stm32cube.ide.mcu.externaltools.gnu-tools-for-stm32.13.3.rel1.win32_1.0.0.202411081344/tools/bin/../lib/gcc/arm-none-eabi/13.3.1/thumb/v7e-m+fp/hard/crti.o
                0x08011640                _fini
 .fini          0x08011644        0x8 D:/tool/STM32CubeIDE_1.18.1/STM32CubeIDE/plugins/com.st.stm32cube.ide.mcu.externaltools.gnu-tools-for-stm32.13.3.rel1.win32_1.0.0.202411081344/tools/bin/../lib/gcc/arm-none-eabi/13.3.1/thumb/v7e-m+fp/hard/crtn.o
                0x0801164c                        . = ALIGN (0x4)
                0x0801164c                        _etext = .

.vfp11_veneer   0x0801164c        0x0
 .vfp11_veneer  0x0801164c        0x0 linker stubs

.v4_bx          0x0801164c        0x0
 .v4_bx         0x0801164c        0x0 linker stubs

.iplt           0x0801164c        0x0
 .iplt          0x0801164c        0x0 D:/tool/STM32CubeIDE_1.18.1/STM32CubeIDE/plugins/com.st.stm32cube.ide.mcu.externaltools.gnu-tools-for-stm32.13.3.rel1.win32_1.0.0.202411081344/tools/bin/../lib/gcc/arm-none-eabi/13.3.1/thumb/v7e-m+fp/hard/crtbegin.o

.rodata         0x0801164c      0xa70
                0x0801164c                        . = ALIGN (0x4)
 *(.rodata)
 .rodata        0x0801164c       0x24 ./APP/battery.o
 *(.rodata*)
 .rodata.sinTable_f32
                0x08011670      0x804 ./Common/util.o
 .rodata.crc16_table
                0x08011e74      0x200 ./Common/util.o
 .rodata.AHBPrescTable
                0x08012074       0x10 ./Core/Src/system_stm32l4xx.o
                0x08012074                AHBPrescTable
 .rodata.APBPrescTable
                0x08012084        0x8 ./Core/Src/system_stm32l4xx.o
                0x08012084                APBPrescTable
 .rodata.MSIRangeTable
                0x0801208c       0x30 ./Core/Src/system_stm32l4xx.o
                0x0801208c                MSIRangeTable
                0x080120bc                        . = ALIGN (0x4)

.ARM.extab      0x080120bc        0x0
                0x080120bc                        . = ALIGN (0x4)
 *(.ARM.extab* .gnu.linkonce.armextab.*)
                0x080120bc                        . = ALIGN (0x4)

.ARM            0x080120bc        0x8
                0x080120bc                        . = ALIGN (0x4)
                0x080120bc                        __exidx_start = .
 *(.ARM.exidx*)
 .ARM.exidx     0x080120bc        0x8 D:/tool/STM32CubeIDE_1.18.1/STM32CubeIDE/plugins/com.st.stm32cube.ide.mcu.externaltools.gnu-tools-for-stm32.13.3.rel1.win32_1.0.0.202411081344/tools/bin/../lib/gcc/arm-none-eabi/13.3.1/thumb/v7e-m+fp/hard\libgcc.a(_udivmoddi4.o)
                0x080120c4                        __exidx_end = .
                0x080120c4                        . = ALIGN (0x4)

.preinit_array  0x080120c4        0x0
                0x080120c4                        . = ALIGN (0x4)
                0x080120c4                        PROVIDE (__preinit_array_start = .)
 *(.preinit_array*)
                0x080120c4                        PROVIDE (__preinit_array_end = .)
                0x080120c4                        . = ALIGN (0x4)

.init_array     0x080120c4        0x4
                0x080120c4                        . = ALIGN (0x4)
                0x080120c4                        PROVIDE (__init_array_start = .)
 *(SORT_BY_NAME(.init_array.*))
 *(.init_array*)
 .init_array    0x080120c4        0x4 D:/tool/STM32CubeIDE_1.18.1/STM32CubeIDE/plugins/com.st.stm32cube.ide.mcu.externaltools.gnu-tools-for-stm32.13.3.rel1.win32_1.0.0.202411081344/tools/bin/../lib/gcc/arm-none-eabi/13.3.1/thumb/v7e-m+fp/hard/crtbegin.o
                0x080120c8                        PROVIDE (__init_array_end = .)
                0x080120c8                        . = ALIGN (0x4)

.fini_array     0x080120c8        0x4
                0x080120c8                        . = ALIGN (0x4)
                [!provide]                        PROVIDE (__fini_array_start = .)
 *(SORT_BY_NAME(.fini_array.*))
 *(.fini_array*)
 .fini_array    0x080120c8        0x4 D:/tool/STM32CubeIDE_1.18.1/STM32CubeIDE/plugins/com.st.stm32cube.ide.mcu.externaltools.gnu-tools-for-stm32.13.3.rel1.win32_1.0.0.202411081344/tools/bin/../lib/gcc/arm-none-eabi/13.3.1/thumb/v7e-m+fp/hard/crtbegin.o
                [!provide]                        PROVIDE (__fini_array_end = .)
                0x080120cc                        . = ALIGN (0x4)
                0x080120cc                        _sidata = LOADADDR (.data)

.rel.dyn        0x080120cc        0x0
 .rel.iplt      0x080120cc        0x0 D:/tool/STM32CubeIDE_1.18.1/STM32CubeIDE/plugins/com.st.stm32cube.ide.mcu.externaltools.gnu-tools-for-stm32.13.3.rel1.win32_1.0.0.202411081344/tools/bin/../lib/gcc/arm-none-eabi/13.3.1/thumb/v7e-m+fp/hard/crtbegin.o

.data           0x20000000     0x1a1c load address 0x080120cc
                0x20000000                        . = ALIGN (0x4)
                0x20000000                        _sdata = .
 *(.data)
 *(.data*)
 .data.Tick_Time_Star
                0x20000000        0x4 ./BSP/dwt.o
                0x20000000                Tick_Time_Star
 .data.crc8_table_static
                0x20000004      0x100 ./Common/util.o
 *fill*         0x20000104        0x4 
 .data.motor    0x20000108     0x18b8 ./Core/Src/main.o
                0x20000108                motor
 .data.SystemCoreClock
                0x200019c0        0x4 ./Core/Src/system_stm32l4xx.o
                0x200019c0                SystemCoreClock
 .data.uwTickPrio
                0x200019c4        0x4 ./Drivers/STM32L4xx_HAL_Driver/Src/stm32l4xx_hal.o
                0x200019c4                uwTickPrio
 .data.uwTickFreq
                0x200019c8        0x1 ./Drivers/STM32L4xx_HAL_Driver/Src/stm32l4xx_hal.o
                0x200019c8                uwTickFreq
 *fill*         0x200019c9        0x3 
 .data._impure_ptr
                0x200019cc        0x4 D:/tool/STM32CubeIDE_1.18.1/STM32CubeIDE/plugins/com.st.stm32cube.ide.mcu.externaltools.gnu-tools-for-stm32.13.3.rel1.win32_1.0.0.202411081344/tools/bin/../lib/gcc/arm-none-eabi/13.3.1/../../../../arm-none-eabi/lib/thumb/v7e-m+fp/hard\libc_nano.a(libc_a-impure.o)
                0x200019cc                _impure_ptr
 .data._impure_data
                0x200019d0       0x4c D:/tool/STM32CubeIDE_1.18.1/STM32CubeIDE/plugins/com.st.stm32cube.ide.mcu.externaltools.gnu-tools-for-stm32.13.3.rel1.win32_1.0.0.202411081344/tools/bin/../lib/gcc/arm-none-eabi/13.3.1/../../../../arm-none-eabi/lib/thumb/v7e-m+fp/hard\libc_nano.a(libc_a-impure.o)
                0x200019d0                _impure_data
 *(.RamFunc)
 *(.RamFunc*)
                0x20001a1c                        . = ALIGN (0x4)
                0x20001a1c                        _edata = .

.igot.plt       0x20001a1c        0x0 load address 0x08013ae8
 .igot.plt      0x20001a1c        0x0 D:/tool/STM32CubeIDE_1.18.1/STM32CubeIDE/plugins/com.st.stm32cube.ide.mcu.externaltools.gnu-tools-for-stm32.13.3.rel1.win32_1.0.0.202411081344/tools/bin/../lib/gcc/arm-none-eabi/13.3.1/thumb/v7e-m+fp/hard/crtbegin.o
                0x20001a1c                        . = ALIGN (0x4)

.bss            0x20001a20      0x9d4 load address 0x08013ae8
                0x20001a20                        _sbss = .
                0x20001a20                        __bss_start__ = _sbss
 *(.bss)
 .bss           0x20001a20       0x1c D:/tool/STM32CubeIDE_1.18.1/STM32CubeIDE/plugins/com.st.stm32cube.ide.mcu.externaltools.gnu-tools-for-stm32.13.3.rel1.win32_1.0.0.202411081344/tools/bin/../lib/gcc/arm-none-eabi/13.3.1/thumb/v7e-m+fp/hard/crtbegin.o
 *(.bss*)
 .bss.test_mod_scalefactor
                0x20001a3c        0x4 ./APP/foc.o
                0x20001a3c                test_mod_scalefactor
 .bss.test_err_iq
                0x20001a40        0x4 ./APP/foc.o
                0x20001a40                test_err_iq
 .bss.test_err_id
                0x20001a44        0x4 ./APP/foc.o
                0x20001a44                test_err_id
 .bss.duty_a    0x20001a48        0x4 ./BSP/bsp_tim.o
                0x20001a48                duty_a
 .bss.duty_b    0x20001a4c        0x4 ./BSP/bsp_tim.o
                0x20001a4c                duty_b
 .bss.duty_c    0x20001a50        0x4 ./BSP/bsp_tim.o
                0x20001a50                duty_c
 .bss.usart1_dma_rx_buf
                0x20001a54      0x100 ./BSP/bsp_usart.o
                0x20001a54                usart1_dma_rx_buf
 .bss.usart2_dma_rx_buf
                0x20001b54      0x200 ./BSP/bsp_usart.o
                0x20001b54                usart2_dma_rx_buf
 .bss.usart3_dma_rx_buf
                0x20001d54      0x100 ./BSP/bsp_usart.o
                0x20001d54                usart3_dma_rx_buf
 *fill*         0x20001e54        0x4 
 .bss.SysTime   0x20001e58        0x8 ./BSP/dwt.o
                0x20001e58                SysTime
 .bss.SysTime_N
                0x20001e60        0x8 ./BSP/dwt.o
                0x20001e60                SysTime_N
 .bss.Tick_Time_last
                0x20001e68        0x8 ./BSP/dwt.o
                0x20001e68                Tick_Time_last
 .bss.hadc1     0x20001e70       0x68 ./Core/Src/adc.o
                0x20001e70                hadc1
 .bss.TasktickCount
                0x20001ed8        0x8 ./Core/Src/main.o
                0x20001ed8                TasktickCount
 .bss.SystickCount
                0x20001ee0        0x4 ./Core/Src/main.o
                0x20001ee0                SystickCount
 *fill*         0x20001ee4        0x4 
 .bss.App_period_1ms
                0x20001ee8        0x8 ./Core/Src/main.o
                0x20001ee8                App_period_1ms
 .bss.App_period_5ms
                0x20001ef0        0x8 ./Core/Src/main.o
                0x20001ef0                App_period_5ms
 .bss.App_period_1s
                0x20001ef8        0x8 ./Core/Src/main.o
                0x20001ef8                App_period_1s
 .bss.hrtc      0x20001f00       0x24 ./Core/Src/rtc.o
                0x20001f00                hrtc
 .bss.htim1     0x20001f24       0x4c ./Core/Src/tim.o
                0x20001f24                htim1
 .bss.huart1    0x20001f70       0x88 ./Core/Src/usart.o
                0x20001f70                huart1
 .bss.huart2    0x20001ff8       0x88 ./Core/Src/usart.o
                0x20001ff8                huart2
 .bss.huart3    0x20002080       0x88 ./Core/Src/usart.o
                0x20002080                huart3
 .bss.hdma_usart1_rx
                0x20002108       0x48 ./Core/Src/usart.o
                0x20002108                hdma_usart1_rx
 .bss.hdma_usart1_tx
                0x20002150       0x48 ./Core/Src/usart.o
                0x20002150                hdma_usart1_tx
 .bss.hdma_usart2_rx
                0x20002198       0x48 ./Core/Src/usart.o
                0x20002198                hdma_usart2_rx
 .bss.hdma_usart2_tx
                0x200021e0       0x48 ./Core/Src/usart.o
                0x200021e0                hdma_usart2_tx
 .bss.hdma_usart3_rx
                0x20002228       0x48 ./Core/Src/usart.o
                0x20002228                hdma_usart3_rx
 .bss.hdma_usart3_tx
                0x20002270       0x48 ./Core/Src/usart.o
                0x20002270                hdma_usart3_tx
 .bss.uwTick    0x200022b8        0x4 ./Drivers/STM32L4xx_HAL_Driver/Src/stm32l4xx_hal.o
                0x200022b8                uwTick
 .bss.__sf      0x200022bc      0x138 D:/tool/STM32CubeIDE_1.18.1/STM32CubeIDE/plugins/com.st.stm32cube.ide.mcu.externaltools.gnu-tools-for-stm32.13.3.rel1.win32_1.0.0.202411081344/tools/bin/../lib/gcc/arm-none-eabi/13.3.1/../../../../arm-none-eabi/lib/thumb/v7e-m+fp/hard\libc_nano.a(libc_a-findfp.o)
                0x200022bc                __sf
 *(COMMON)
                0x200023f4                        . = ALIGN (0x4)
                0x200023f4                        _ebss = .
                0x200023f4                        __bss_end__ = _ebss

._user_heap_stack
                0x200023f4      0x604 load address 0x08013ae8
                0x200023f8                        . = ALIGN (0x8)
 *fill*         0x200023f4        0x4 
                [!provide]                        PROVIDE (end = .)
                0x200023f8                        PROVIDE (_end = .)
                0x200025f8                        . = (. + _Min_Heap_Size)
 *fill*         0x200023f8      0x200 
                0x200029f8                        . = (. + _Min_Stack_Size)
 *fill*         0x200025f8      0x400 
                0x200029f8                        . = ALIGN (0x8)

/DISCARD/
 libc.a(*)
 libm.a(*)
 libgcc.a(*)

.ARM.attributes
                0x00000000       0x30
 *(.ARM.attributes)
 .ARM.attributes
                0x00000000       0x22 D:/tool/STM32CubeIDE_1.18.1/STM32CubeIDE/plugins/com.st.stm32cube.ide.mcu.externaltools.gnu-tools-for-stm32.13.3.rel1.win32_1.0.0.202411081344/tools/bin/../lib/gcc/arm-none-eabi/13.3.1/thumb/v7e-m+fp/hard/crti.o
 .ARM.attributes
                0x00000022       0x34 D:/tool/STM32CubeIDE_1.18.1/STM32CubeIDE/plugins/com.st.stm32cube.ide.mcu.externaltools.gnu-tools-for-stm32.13.3.rel1.win32_1.0.0.202411081344/tools/bin/../lib/gcc/arm-none-eabi/13.3.1/thumb/v7e-m+fp/hard/crtbegin.o
 .ARM.attributes
                0x00000056       0x34 ./APP/battery.o
 .ARM.attributes
                0x0000008a       0x34 ./APP/calibration.o
 .ARM.attributes
                0x000000be       0x34 ./APP/controller.o
 .ARM.attributes
                0x000000f2       0x34 ./APP/encoder.o
 .ARM.attributes
                0x00000126       0x34 ./APP/foc.o
 .ARM.attributes
                0x0000015a       0x34 ./APP/main_communication.o
 .ARM.attributes
                0x0000018e       0x34 ./APP/open_loop.o
 .ARM.attributes
                0x000001c2       0x34 ./APP/task.o
 .ARM.attributes
                0x000001f6       0x34 ./APP/trap_traj.o
 .ARM.attributes
                0x0000022a       0x34 ./APP/usr_config.o
 .ARM.attributes
                0x0000025e       0x34 ./APP/zero_cailbration.o
 .ARM.attributes
                0x00000292       0x34 ./BSP/bsp_adc.o
 .ARM.attributes
                0x000002c6       0x34 ./BSP/bsp_gpio.o
 .ARM.attributes
                0x000002fa       0x34 ./BSP/bsp_tim.o
 .ARM.attributes
                0x0000032e       0x34 ./BSP/bsp_usart.o
 .ARM.attributes
                0x00000362       0x34 ./BSP/dwt.o
 .ARM.attributes
                0x00000396       0x34 ./Common/util.o
 .ARM.attributes
                0x000003ca       0x34 ./Core/Src/adc.o
 .ARM.attributes
                0x000003fe       0x34 ./Core/Src/dma.o
 .ARM.attributes
                0x00000432       0x34 ./Core/Src/gpio.o
 .ARM.attributes
                0x00000466       0x34 ./Core/Src/main.o
 .ARM.attributes
                0x0000049a       0x34 ./Core/Src/rtc.o
 .ARM.attributes
                0x000004ce       0x34 ./Core/Src/stm32l4xx_hal_msp.o
 .ARM.attributes
                0x00000502       0x34 ./Core/Src/stm32l4xx_it.o
 .ARM.attributes
                0x00000536       0x34 ./Core/Src/system_stm32l4xx.o
 .ARM.attributes
                0x0000056a       0x34 ./Core/Src/tim.o
 .ARM.attributes
                0x0000059e       0x34 ./Core/Src/usart.o
 .ARM.attributes
                0x000005d2       0x21 ./Core/Startup/startup_stm32l496rgtx.o
 .ARM.attributes
                0x000005f3       0x34 ./Drivers/STM32L4xx_HAL_Driver/Src/stm32l4xx_hal.o
 .ARM.attributes
                0x00000627       0x34 ./Drivers/STM32L4xx_HAL_Driver/Src/stm32l4xx_hal_adc.o
 .ARM.attributes
                0x0000065b       0x34 ./Drivers/STM32L4xx_HAL_Driver/Src/stm32l4xx_hal_adc_ex.o
 .ARM.attributes
                0x0000068f       0x34 ./Drivers/STM32L4xx_HAL_Driver/Src/stm32l4xx_hal_cortex.o
 .ARM.attributes
                0x000006c3       0x34 ./Drivers/STM32L4xx_HAL_Driver/Src/stm32l4xx_hal_dma.o
 .ARM.attributes
                0x000006f7       0x34 ./Drivers/STM32L4xx_HAL_Driver/Src/stm32l4xx_hal_gpio.o
 .ARM.attributes
                0x0000072b       0x34 ./Drivers/STM32L4xx_HAL_Driver/Src/stm32l4xx_hal_pwr_ex.o
 .ARM.attributes
                0x0000075f       0x34 ./Drivers/STM32L4xx_HAL_Driver/Src/stm32l4xx_hal_rcc.o
 .ARM.attributes
                0x00000793       0x34 ./Drivers/STM32L4xx_HAL_Driver/Src/stm32l4xx_hal_rcc_ex.o
 .ARM.attributes
                0x000007c7       0x34 ./Drivers/STM32L4xx_HAL_Driver/Src/stm32l4xx_hal_rtc.o
 .ARM.attributes
                0x000007fb       0x34 ./Drivers/STM32L4xx_HAL_Driver/Src/stm32l4xx_hal_tim.o
 .ARM.attributes
                0x0000082f       0x34 ./Drivers/STM32L4xx_HAL_Driver/Src/stm32l4xx_hal_tim_ex.o
 .ARM.attributes
                0x00000863       0x34 ./Drivers/STM32L4xx_HAL_Driver/Src/stm32l4xx_hal_uart.o
 .ARM.attributes
                0x00000897       0x34 ./Drivers/STM32L4xx_HAL_Driver/Src/stm32l4xx_hal_uart_ex.o
 .ARM.attributes
                0x000008cb       0x34 D:/tool/STM32CubeIDE_1.18.1/STM32CubeIDE/plugins/com.st.stm32cube.ide.mcu.externaltools.gnu-tools-for-stm32.13.3.rel1.win32_1.0.0.202411081344/tools/bin/../lib/gcc/arm-none-eabi/13.3.1/../../../../arm-none-eabi/lib/thumb/v7e-m+fp/hard\libc_nano.a(libc_a-findfp.o)
 .ARM.attributes
                0x000008ff       0x34 D:/tool/STM32CubeIDE_1.18.1/STM32CubeIDE/plugins/com.st.stm32cube.ide.mcu.externaltools.gnu-tools-for-stm32.13.3.rel1.win32_1.0.0.202411081344/tools/bin/../lib/gcc/arm-none-eabi/13.3.1/../../../../arm-none-eabi/lib/thumb/v7e-m+fp/hard\libc_nano.a(libc_a-memset.o)
 .ARM.attributes
                0x00000933       0x34 D:/tool/STM32CubeIDE_1.18.1/STM32CubeIDE/plugins/com.st.stm32cube.ide.mcu.externaltools.gnu-tools-for-stm32.13.3.rel1.win32_1.0.0.202411081344/tools/bin/../lib/gcc/arm-none-eabi/13.3.1/../../../../arm-none-eabi/lib/thumb/v7e-m+fp/hard\libc_nano.a(libc_a-impure.o)
 .ARM.attributes
                0x00000967       0x34 D:/tool/STM32CubeIDE_1.18.1/STM32CubeIDE/plugins/com.st.stm32cube.ide.mcu.externaltools.gnu-tools-for-stm32.13.3.rel1.win32_1.0.0.202411081344/tools/bin/../lib/gcc/arm-none-eabi/13.3.1/../../../../arm-none-eabi/lib/thumb/v7e-m+fp/hard\libc_nano.a(libc_a-errno.o)
 .ARM.attributes
                0x0000099b       0x34 D:/tool/STM32CubeIDE_1.18.1/STM32CubeIDE/plugins/com.st.stm32cube.ide.mcu.externaltools.gnu-tools-for-stm32.13.3.rel1.win32_1.0.0.202411081344/tools/bin/../lib/gcc/arm-none-eabi/13.3.1/../../../../arm-none-eabi/lib/thumb/v7e-m+fp/hard\libc_nano.a(libc_a-init.o)
 .ARM.attributes
                0x000009cf       0x34 D:/tool/STM32CubeIDE_1.18.1/STM32CubeIDE/plugins/com.st.stm32cube.ide.mcu.externaltools.gnu-tools-for-stm32.13.3.rel1.win32_1.0.0.202411081344/tools/bin/../lib/gcc/arm-none-eabi/13.3.1/../../../../arm-none-eabi/lib/thumb/v7e-m+fp/hard\libc_nano.a(libc_a-memcpy-stub.o)
 .ARM.attributes
                0x00000a03       0x34 D:/tool/STM32CubeIDE_1.18.1/STM32CubeIDE/plugins/com.st.stm32cube.ide.mcu.externaltools.gnu-tools-for-stm32.13.3.rel1.win32_1.0.0.202411081344/tools/bin/../lib/gcc/arm-none-eabi/13.3.1/../../../../arm-none-eabi/lib/thumb/v7e-m+fp/hard\libm.a(libm_a-wf_sqrt.o)
 .ARM.attributes
                0x00000a37       0x34 D:/tool/STM32CubeIDE_1.18.1/STM32CubeIDE/plugins/com.st.stm32cube.ide.mcu.externaltools.gnu-tools-for-stm32.13.3.rel1.win32_1.0.0.202411081344/tools/bin/../lib/gcc/arm-none-eabi/13.3.1/../../../../arm-none-eabi/lib/thumb/v7e-m+fp/hard\libm.a(libm_a-ef_sqrt.o)
 .ARM.attributes
                0x00000a6b       0x22 D:/tool/STM32CubeIDE_1.18.1/STM32CubeIDE/plugins/com.st.stm32cube.ide.mcu.externaltools.gnu-tools-for-stm32.13.3.rel1.win32_1.0.0.202411081344/tools/bin/../lib/gcc/arm-none-eabi/13.3.1/thumb/v7e-m+fp/hard\libgcc.a(_arm_addsubdf3.o)
 .ARM.attributes
                0x00000a8d       0x22 D:/tool/STM32CubeIDE_1.18.1/STM32CubeIDE/plugins/com.st.stm32cube.ide.mcu.externaltools.gnu-tools-for-stm32.13.3.rel1.win32_1.0.0.202411081344/tools/bin/../lib/gcc/arm-none-eabi/13.3.1/thumb/v7e-m+fp/hard\libgcc.a(_arm_muldivdf3.o)
 .ARM.attributes
                0x00000aaf       0x22 D:/tool/STM32CubeIDE_1.18.1/STM32CubeIDE/plugins/com.st.stm32cube.ide.mcu.externaltools.gnu-tools-for-stm32.13.3.rel1.win32_1.0.0.202411081344/tools/bin/../lib/gcc/arm-none-eabi/13.3.1/thumb/v7e-m+fp/hard\libgcc.a(_arm_cmpdf2.o)
 .ARM.attributes
                0x00000ad1       0x22 D:/tool/STM32CubeIDE_1.18.1/STM32CubeIDE/plugins/com.st.stm32cube.ide.mcu.externaltools.gnu-tools-for-stm32.13.3.rel1.win32_1.0.0.202411081344/tools/bin/../lib/gcc/arm-none-eabi/13.3.1/thumb/v7e-m+fp/hard\libgcc.a(_arm_truncdfsf2.o)
 .ARM.attributes
                0x00000af3       0x22 D:/tool/STM32CubeIDE_1.18.1/STM32CubeIDE/plugins/com.st.stm32cube.ide.mcu.externaltools.gnu-tools-for-stm32.13.3.rel1.win32_1.0.0.202411081344/tools/bin/../lib/gcc/arm-none-eabi/13.3.1/thumb/v7e-m+fp/hard\libgcc.a(_arm_addsubsf3.o)
 .ARM.attributes
                0x00000b15       0x22 D:/tool/STM32CubeIDE_1.18.1/STM32CubeIDE/plugins/com.st.stm32cube.ide.mcu.externaltools.gnu-tools-for-stm32.13.3.rel1.win32_1.0.0.202411081344/tools/bin/../lib/gcc/arm-none-eabi/13.3.1/thumb/v7e-m+fp/hard\libgcc.a(_aeabi_ldivmod.o)
 .ARM.attributes
                0x00000b37       0x22 D:/tool/STM32CubeIDE_1.18.1/STM32CubeIDE/plugins/com.st.stm32cube.ide.mcu.externaltools.gnu-tools-for-stm32.13.3.rel1.win32_1.0.0.202411081344/tools/bin/../lib/gcc/arm-none-eabi/13.3.1/thumb/v7e-m+fp/hard\libgcc.a(_aeabi_uldivmod.o)
 .ARM.attributes
                0x00000b59       0x34 D:/tool/STM32CubeIDE_1.18.1/STM32CubeIDE/plugins/com.st.stm32cube.ide.mcu.externaltools.gnu-tools-for-stm32.13.3.rel1.win32_1.0.0.202411081344/tools/bin/../lib/gcc/arm-none-eabi/13.3.1/thumb/v7e-m+fp/hard\libgcc.a(_udivmoddi4.o)
 .ARM.attributes
                0x00000b8d       0x22 D:/tool/STM32CubeIDE_1.18.1/STM32CubeIDE/plugins/com.st.stm32cube.ide.mcu.externaltools.gnu-tools-for-stm32.13.3.rel1.win32_1.0.0.202411081344/tools/bin/../lib/gcc/arm-none-eabi/13.3.1/thumb/v7e-m+fp/hard\libgcc.a(_dvmd_tls.o)
 .ARM.attributes
                0x00000baf       0x22 D:/tool/STM32CubeIDE_1.18.1/STM32CubeIDE/plugins/com.st.stm32cube.ide.mcu.externaltools.gnu-tools-for-stm32.13.3.rel1.win32_1.0.0.202411081344/tools/bin/../lib/gcc/arm-none-eabi/13.3.1/thumb/v7e-m+fp/hard/crtn.o
OUTPUT(huaiguanjie.elf elf32-littlearm)
LOAD linker stubs
LOAD D:/tool/STM32CubeIDE_1.18.1/STM32CubeIDE/plugins/com.st.stm32cube.ide.mcu.externaltools.gnu-tools-for-stm32.13.3.rel1.win32_1.0.0.202411081344/tools/bin/../lib/gcc/arm-none-eabi/13.3.1/../../../../arm-none-eabi/lib/thumb/v7e-m+fp/hard\libc.a
LOAD D:/tool/STM32CubeIDE_1.18.1/STM32CubeIDE/plugins/com.st.stm32cube.ide.mcu.externaltools.gnu-tools-for-stm32.13.3.rel1.win32_1.0.0.202411081344/tools/bin/../lib/gcc/arm-none-eabi/13.3.1/../../../../arm-none-eabi/lib/thumb/v7e-m+fp/hard\libm.a
LOAD D:/tool/STM32CubeIDE_1.18.1/STM32CubeIDE/plugins/com.st.stm32cube.ide.mcu.externaltools.gnu-tools-for-stm32.13.3.rel1.win32_1.0.0.202411081344/tools/bin/../lib/gcc/arm-none-eabi/13.3.1/thumb/v7e-m+fp/hard\libgcc.a

.debug_info     0x00000000    0x3c437
 .debug_info    0x00000000      0xeee ./APP/battery.o
 .debug_info    0x00000eee     0x2b7f ./APP/calibration.o
 .debug_info    0x00003a6d     0x2c2b ./APP/controller.o
 .debug_info    0x00006698     0x2fb6 ./APP/encoder.o
 .debug_info    0x0000964e     0x2da7 ./APP/foc.o
 .debug_info    0x0000c3f5     0x2ff1 ./APP/main_communication.o
 .debug_info    0x0000f3e6     0x2a23 ./APP/open_loop.o
 .debug_info    0x00011e09     0x2af3 ./APP/task.o
 .debug_info    0x000148fc     0x2b1d ./APP/trap_traj.o
 .debug_info    0x00017419      0x424 ./APP/usr_config.o
 .debug_info    0x0001783d     0x2a3a ./APP/zero_cailbration.o
 .debug_info    0x0001a277     0x2b98 ./BSP/bsp_adc.o
 .debug_info    0x0001ce0f      0x356 ./BSP/bsp_gpio.o
 .debug_info    0x0001d165      0x939 ./BSP/bsp_tim.o
 .debug_info    0x0001da9e     0x2b11 ./BSP/bsp_usart.o
 .debug_info    0x000205af      0x180 ./BSP/dwt.o
 .debug_info    0x0002072f      0xd14 ./Common/util.o
 .debug_info    0x00021443     0x12f0 ./Core/Src/adc.o
 .debug_info    0x00022733      0x56d ./Core/Src/dma.o
 .debug_info    0x00022ca0      0x49b ./Core/Src/gpio.o
 .debug_info    0x0002313b     0x34be ./Core/Src/main.o
 .debug_info    0x000265f9      0xa02 ./Core/Src/rtc.o
 .debug_info    0x00026ffb      0x2ed ./Core/Src/stm32l4xx_hal_msp.o
 .debug_info    0x000272e8      0xcc5 ./Core/Src/stm32l4xx_it.o
 .debug_info    0x00027fad      0x5cd ./Core/Src/system_stm32l4xx.o
 .debug_info    0x0002857a      0xd4b ./Core/Src/tim.o
 .debug_info    0x000292c5     0x11b0 ./Core/Src/usart.o
 .debug_info    0x0002a475       0x30 ./Core/Startup/startup_stm32l496rgtx.o
 .debug_info    0x0002a4a5      0xb4b ./Drivers/STM32L4xx_HAL_Driver/Src/stm32l4xx_hal.o
 .debug_info    0x0002aff0     0x1dfb ./Drivers/STM32L4xx_HAL_Driver/Src/stm32l4xx_hal_adc.o
 .debug_info    0x0002cdeb     0x1b67 ./Drivers/STM32L4xx_HAL_Driver/Src/stm32l4xx_hal_adc_ex.o
 .debug_info    0x0002e952      0xdb7 ./Drivers/STM32L4xx_HAL_Driver/Src/stm32l4xx_hal_cortex.o
 .debug_info    0x0002f709      0x6f4 ./Drivers/STM32L4xx_HAL_Driver/Src/stm32l4xx_hal_dma.o
 .debug_info    0x0002fdfd      0x76f ./Drivers/STM32L4xx_HAL_Driver/Src/stm32l4xx_hal_gpio.o
 .debug_info    0x0003056c      0x996 ./Drivers/STM32L4xx_HAL_Driver/Src/stm32l4xx_hal_pwr_ex.o
 .debug_info    0x00030f02      0xc3b ./Drivers/STM32L4xx_HAL_Driver/Src/stm32l4xx_hal_rcc.o
 .debug_info    0x00031b3d     0x10c1 ./Drivers/STM32L4xx_HAL_Driver/Src/stm32l4xx_hal_rcc_ex.o
 .debug_info    0x00032bfe      0xd7d ./Drivers/STM32L4xx_HAL_Driver/Src/stm32l4xx_hal_rtc.o
 .debug_info    0x0003397b     0x2a9a ./Drivers/STM32L4xx_HAL_Driver/Src/stm32l4xx_hal_tim.o
 .debug_info    0x00036415     0x169e ./Drivers/STM32L4xx_HAL_Driver/Src/stm32l4xx_hal_tim_ex.o
 .debug_info    0x00037ab3     0x3b85 ./Drivers/STM32L4xx_HAL_Driver/Src/stm32l4xx_hal_uart.o
 .debug_info    0x0003b638      0xdff ./Drivers/STM32L4xx_HAL_Driver/Src/stm32l4xx_hal_uart_ex.o

.debug_abbrev   0x00000000     0x5c4e
 .debug_abbrev  0x00000000      0x287 ./APP/battery.o
 .debug_abbrev  0x00000287      0x2b2 ./APP/calibration.o
 .debug_abbrev  0x00000539      0x2d7 ./APP/controller.o
 .debug_abbrev  0x00000810      0x384 ./APP/encoder.o
 .debug_abbrev  0x00000b94      0x2ff ./APP/foc.o
 .debug_abbrev  0x00000e93      0x36d ./APP/main_communication.o
 .debug_abbrev  0x00001200      0x272 ./APP/open_loop.o
 .debug_abbrev  0x00001472      0x2cf ./APP/task.o
 .debug_abbrev  0x00001741      0x262 ./APP/trap_traj.o
 .debug_abbrev  0x000019a3      0x10b ./APP/usr_config.o
 .debug_abbrev  0x00001aae      0x260 ./APP/zero_cailbration.o
 .debug_abbrev  0x00001d0e      0x2f5 ./BSP/bsp_adc.o
 .debug_abbrev  0x00002003      0x13a ./BSP/bsp_gpio.o
 .debug_abbrev  0x0000213d      0x1eb ./BSP/bsp_tim.o
 .debug_abbrev  0x00002328      0x295 ./BSP/bsp_usart.o
 .debug_abbrev  0x000025bd       0xb3 ./BSP/dwt.o
 .debug_abbrev  0x00002670      0x182 ./Common/util.o
 .debug_abbrev  0x000027f2      0x1f8 ./Core/Src/adc.o
 .debug_abbrev  0x000029ea       0xfc ./Core/Src/dma.o
 .debug_abbrev  0x00002ae6      0x152 ./Core/Src/gpio.o
 .debug_abbrev  0x00002c38      0x37e ./Core/Src/main.o
 .debug_abbrev  0x00002fb6      0x196 ./Core/Src/rtc.o
 .debug_abbrev  0x0000314c       0xc6 ./Core/Src/stm32l4xx_hal_msp.o
 .debug_abbrev  0x00003212      0x1c6 ./Core/Src/stm32l4xx_it.o
 .debug_abbrev  0x000033d8      0x11a ./Core/Src/system_stm32l4xx.o
 .debug_abbrev  0x000034f2      0x219 ./Core/Src/tim.o
 .debug_abbrev  0x0000370b      0x252 ./Core/Src/usart.o
 .debug_abbrev  0x0000395d       0x24 ./Core/Startup/startup_stm32l496rgtx.o
 .debug_abbrev  0x00003981      0x242 ./Drivers/STM32L4xx_HAL_Driver/Src/stm32l4xx_hal.o
 .debug_abbrev  0x00003bc3      0x2de ./Drivers/STM32L4xx_HAL_Driver/Src/stm32l4xx_hal_adc.o
 .debug_abbrev  0x00003ea1      0x2f1 ./Drivers/STM32L4xx_HAL_Driver/Src/stm32l4xx_hal_adc_ex.o
 .debug_abbrev  0x00004192      0x31c ./Drivers/STM32L4xx_HAL_Driver/Src/stm32l4xx_hal_cortex.o
 .debug_abbrev  0x000044ae      0x1e4 ./Drivers/STM32L4xx_HAL_Driver/Src/stm32l4xx_hal_dma.o
 .debug_abbrev  0x00004692      0x1cb ./Drivers/STM32L4xx_HAL_Driver/Src/stm32l4xx_hal_gpio.o
 .debug_abbrev  0x0000485d      0x1f9 ./Drivers/STM32L4xx_HAL_Driver/Src/stm32l4xx_hal_pwr_ex.o
 .debug_abbrev  0x00004a56      0x2cb ./Drivers/STM32L4xx_HAL_Driver/Src/stm32l4xx_hal_rcc.o
 .debug_abbrev  0x00004d21      0x2a3 ./Drivers/STM32L4xx_HAL_Driver/Src/stm32l4xx_hal_rcc_ex.o
 .debug_abbrev  0x00004fc4      0x201 ./Drivers/STM32L4xx_HAL_Driver/Src/stm32l4xx_hal_rtc.o
 .debug_abbrev  0x000051c5      0x278 ./Drivers/STM32L4xx_HAL_Driver/Src/stm32l4xx_hal_tim.o
 .debug_abbrev  0x0000543d      0x283 ./Drivers/STM32L4xx_HAL_Driver/Src/stm32l4xx_hal_tim_ex.o
 .debug_abbrev  0x000056c0      0x2d0 ./Drivers/STM32L4xx_HAL_Driver/Src/stm32l4xx_hal_uart.o
 .debug_abbrev  0x00005990      0x2be ./Drivers/STM32L4xx_HAL_Driver/Src/stm32l4xx_hal_uart_ex.o

.debug_aranges  0x00000000     0x1ae8
 .debug_aranges
                0x00000000       0x88 ./APP/battery.o
 .debug_aranges
                0x00000088       0x30 ./APP/calibration.o
 .debug_aranges
                0x000000b8       0x48 ./APP/controller.o
 .debug_aranges
                0x00000100       0x78 ./APP/encoder.o
 .debug_aranges
                0x00000178       0x48 ./APP/foc.o
 .debug_aranges
                0x000001c0       0x78 ./APP/main_communication.o
 .debug_aranges
                0x00000238       0x30 ./APP/open_loop.o
 .debug_aranges
                0x00000268       0x60 ./APP/task.o
 .debug_aranges
                0x000002c8       0x28 ./APP/trap_traj.o
 .debug_aranges
                0x000002f0       0x40 ./APP/usr_config.o
 .debug_aranges
                0x00000330       0x30 ./APP/zero_cailbration.o
 .debug_aranges
                0x00000360       0x48 ./BSP/bsp_adc.o
 .debug_aranges
                0x000003a8       0x38 ./BSP/bsp_gpio.o
 .debug_aranges
                0x000003e0       0x50 ./BSP/bsp_tim.o
 .debug_aranges
                0x00000430       0x48 ./BSP/bsp_usart.o
 .debug_aranges
                0x00000478       0x38 ./BSP/dwt.o
 .debug_aranges
                0x000004b0       0xf0 ./Common/util.o
 .debug_aranges
                0x000005a0       0x30 ./Core/Src/adc.o
 .debug_aranges
                0x000005d0       0x20 ./Core/Src/dma.o
 .debug_aranges
                0x000005f0       0x20 ./Core/Src/gpio.o
 .debug_aranges
                0x00000610       0x30 ./Core/Src/main.o
 .debug_aranges
                0x00000640       0x30 ./Core/Src/rtc.o
 .debug_aranges
                0x00000670       0x20 ./Core/Src/stm32l4xx_hal_msp.o
 .debug_aranges
                0x00000690       0xb0 ./Core/Src/stm32l4xx_it.o
 .debug_aranges