Archive member included to satisfy reference by file (symbol)

D:/tool/STM32CubeIDE_1.18.1/STM32CubeIDE/plugins/com.st.stm32cube.ide.mcu.externaltools.gnu-tools-for-stm32.13.3.rel1.win32_1.0.0.202411081344/tools/bin/../lib/gcc/arm-none-eabi/13.3.1/../../../../arm-none-eabi/lib/thumb/v7e-m+fp/hard\libc_nano.a(libc_a-exit.o)
                              D:/tool/STM32CubeIDE_1.18.1/STM32CubeIDE/plugins/com.st.stm32cube.ide.mcu.externaltools.gnu-tools-for-stm32.13.3.rel1.win32_1.0.0.202411081344/tools/bin/../lib/gcc/arm-none-eabi/13.3.1/../../../../arm-none-eabi/lib/thumb/v7e-m+fp/hard/crt0.o (exit)
D:/tool/STM32CubeIDE_1.18.1/STM32CubeIDE/plugins/com.st.stm32cube.ide.mcu.externaltools.gnu-tools-for-stm32.13.3.rel1.win32_1.0.0.202411081344/tools/bin/../lib/gcc/arm-none-eabi/13.3.1/../../../../arm-none-eabi/lib/thumb/v7e-m+fp/hard\libc_nano.a(libc_a-findfp.o)
                              D:/tool/STM32CubeIDE_1.18.1/STM32CubeIDE/plugins/com.st.stm32cube.ide.mcu.externaltools.gnu-tools-for-stm32.13.3.rel1.win32_1.0.0.202411081344/tools/bin/../lib/gcc/arm-none-eabi/13.3.1/../../../../arm-none-eabi/lib/thumb/v7e-m+fp/hard\libc_nano.a(libc_a-exit.o) (__stdio_exit_handler)
D:/tool/STM32CubeIDE_1.18.1/STM32CubeIDE/plugins/com.st.stm32cube.ide.mcu.externaltools.gnu-tools-for-stm32.13.3.rel1.win32_1.0.0.202411081344/tools/bin/../lib/gcc/arm-none-eabi/13.3.1/../../../../arm-none-eabi/lib/thumb/v7e-m+fp/hard\libc_nano.a(libc_a-fwalk.o)
                              D:/tool/STM32CubeIDE_1.18.1/STM32CubeIDE/plugins/com.st.stm32cube.ide.mcu.externaltools.gnu-tools-for-stm32.13.3.rel1.win32_1.0.0.202411081344/tools/bin/../lib/gcc/arm-none-eabi/13.3.1/../../../../arm-none-eabi/lib/thumb/v7e-m+fp/hard\libc_nano.a(libc_a-findfp.o) (_fwalk_sglue)
D:/tool/STM32CubeIDE_1.18.1/STM32CubeIDE/plugins/com.st.stm32cube.ide.mcu.externaltools.gnu-tools-for-stm32.13.3.rel1.win32_1.0.0.202411081344/tools/bin/../lib/gcc/arm-none-eabi/13.3.1/../../../../arm-none-eabi/lib/thumb/v7e-m+fp/hard\libc_nano.a(libc_a-stdio.o)
                              D:/tool/STM32CubeIDE_1.18.1/STM32CubeIDE/plugins/com.st.stm32cube.ide.mcu.externaltools.gnu-tools-for-stm32.13.3.rel1.win32_1.0.0.202411081344/tools/bin/../lib/gcc/arm-none-eabi/13.3.1/../../../../arm-none-eabi/lib/thumb/v7e-m+fp/hard\libc_nano.a(libc_a-findfp.o) (__sread)
D:/tool/STM32CubeIDE_1.18.1/STM32CubeIDE/plugins/com.st.stm32cube.ide.mcu.externaltools.gnu-tools-for-stm32.13.3.rel1.win32_1.0.0.202411081344/tools/bin/../lib/gcc/arm-none-eabi/13.3.1/../../../../arm-none-eabi/lib/thumb/v7e-m+fp/hard\libc_nano.a(libc_a-memset.o)
                              D:/tool/STM32CubeIDE_1.18.1/STM32CubeIDE/plugins/com.st.stm32cube.ide.mcu.externaltools.gnu-tools-for-stm32.13.3.rel1.win32_1.0.0.202411081344/tools/bin/../lib/gcc/arm-none-eabi/13.3.1/../../../../arm-none-eabi/lib/thumb/v7e-m+fp/hard/crt0.o (memset)
D:/tool/STM32CubeIDE_1.18.1/STM32CubeIDE/plugins/com.st.stm32cube.ide.mcu.externaltools.gnu-tools-for-stm32.13.3.rel1.win32_1.0.0.202411081344/tools/bin/../lib/gcc/arm-none-eabi/13.3.1/../../../../arm-none-eabi/lib/thumb/v7e-m+fp/hard\libc_nano.a(libc_a-closer.o)
                              D:/tool/STM32CubeIDE_1.18.1/STM32CubeIDE/plugins/com.st.stm32cube.ide.mcu.externaltools.gnu-tools-for-stm32.13.3.rel1.win32_1.0.0.202411081344/tools/bin/../lib/gcc/arm-none-eabi/13.3.1/../../../../arm-none-eabi/lib/thumb/v7e-m+fp/hard\libc_nano.a(libc_a-stdio.o) (_close_r)
D:/tool/STM32CubeIDE_1.18.1/STM32CubeIDE/plugins/com.st.stm32cube.ide.mcu.externaltools.gnu-tools-for-stm32.13.3.rel1.win32_1.0.0.202411081344/tools/bin/../lib/gcc/arm-none-eabi/13.3.1/../../../../arm-none-eabi/lib/thumb/v7e-m+fp/hard\libc_nano.a(libc_a-reent.o)
                              D:/tool/STM32CubeIDE_1.18.1/STM32CubeIDE/plugins/com.st.stm32cube.ide.mcu.externaltools.gnu-tools-for-stm32.13.3.rel1.win32_1.0.0.202411081344/tools/bin/../lib/gcc/arm-none-eabi/13.3.1/../../../../arm-none-eabi/lib/thumb/v7e-m+fp/hard\libc_nano.a(libc_a-closer.o) (errno)
D:/tool/STM32CubeIDE_1.18.1/STM32CubeIDE/plugins/com.st.stm32cube.ide.mcu.externaltools.gnu-tools-for-stm32.13.3.rel1.win32_1.0.0.202411081344/tools/bin/../lib/gcc/arm-none-eabi/13.3.1/../../../../arm-none-eabi/lib/thumb/v7e-m+fp/hard\libc_nano.a(libc_a-impure.o)
                              D:/tool/STM32CubeIDE_1.18.1/STM32CubeIDE/plugins/com.st.stm32cube.ide.mcu.externaltools.gnu-tools-for-stm32.13.3.rel1.win32_1.0.0.202411081344/tools/bin/../lib/gcc/arm-none-eabi/13.3.1/../../../../arm-none-eabi/lib/thumb/v7e-m+fp/hard\libc_nano.a(libc_a-reent.o) (_impure_ptr)
D:/tool/STM32CubeIDE_1.18.1/STM32CubeIDE/plugins/com.st.stm32cube.ide.mcu.externaltools.gnu-tools-for-stm32.13.3.rel1.win32_1.0.0.202411081344/tools/bin/../lib/gcc/arm-none-eabi/13.3.1/../../../../arm-none-eabi/lib/thumb/v7e-m+fp/hard\libc_nano.a(libc_a-lseekr.o)
[...]
Memory Configuration

Name             Origin             Length             Attributes
RAM              0x20000000         0x00040000         xrw
RAM2             0x10000000         0x00010000         xrw
FLASH            0x08000000         0x00100000         xr
*default*        0x00000000         0xffffffff

Linker script and memory map

LOAD D:/tool/STM32CubeIDE_1.18.1/STM32CubeIDE/plugins/com.st.stm32cube.ide.mcu.externaltools.gnu-tools-for-stm32.13.3.rel1.win32_1.0.0.202411081344/tools/bin/../lib/gcc/arm-none-eabi/13.3.1/thumb/v7e-m+fp/hard/crti.o
LOAD D:/tool/STM32CubeIDE_1.18.1/STM32CubeIDE/plugins/com.st.stm32cube.ide.mcu.externaltools.gnu-tools-for-stm32.13.3.rel1.win32_1.0.0.202411081344/tools/bin/../lib/gcc/arm-none-eabi/13.3.1/thumb/v7e-m+fp/hard/crtbegin.o
LOAD D:/tool/STM32CubeIDE_1.18.1/STM32CubeIDE/plugins/com.st.stm32cube.ide.mcu.externaltools.gnu-tools-for-stm32.13.3.rel1.win32_1.0.0.202411081344/tools/bin/../lib/gcc/arm-none-eabi/13.3.1/../../../../arm-none-eabi/lib/thumb/v7e-m+fp/hard/crt0.o
LOAD ./APP/battery.o
LOAD ./APP/calibration.o
LOAD ./APP/controller.o
LOAD ./APP/encoder.o
LOAD ./APP/foc.o
LOAD ./APP/main_communication.o
LOAD ./APP/open_loop.o
LOAD ./APP/task.o
LOAD ./APP/trap_traj.o
LOAD ./APP/usr_config.o
LOAD ./APP/zero_cailbration.o
LOAD ./BSP/bsp_adc.o
LOAD ./BSP/bsp_gpio.o
LOAD ./BSP/bsp_tim.o
LOAD ./BSP/bsp_usart.o
LOAD ./BSP/dwt.o
LOAD ./Common/util.o
LOAD ./Core/Src/adc.o
LOAD ./Core/Src/dma.o
LOAD ./Core/Src/gpio.o
LOAD ./Core/Src/main.o
LOAD ./Core/Src/rtc.o
LOAD ./Core/Src/stm32l4xx_hal_msp.o
LOAD ./Core/Src/stm32l4xx_it.o
LOAD ./Core/Src/syscalls.o
LOAD ./Core/Src/sysmem.o
LOAD ./Core/Src/system_stm32l4xx.o
LOAD ./Core/Src/tim.o
LOAD ./Core/Src/usart.o
LOAD ./Core/Startup/startup_stm32l496rgtx.o
LOAD ./Drivers/STM32L4xx_HAL_Driver/Src/stm32l4xx_hal.o
LOAD ./Drivers/STM32L4xx_HAL_Driver/Src/stm32l4xx_hal_adc.o
LOAD ./Drivers/STM32L4xx_HAL_Driver/Src/stm32l4xx_hal_adc_ex.o
LOAD ./Drivers/STM32L4xx_HAL_Driver/Src/stm32l4xx_hal_cortex.o
LOAD ./Drivers/STM32L4xx_HAL_Driver/Src/stm32l4xx_hal_dma.o
LOAD ./Drivers/STM32L4xx_HAL_Driver/Src/stm32l4xx_hal_dma_ex.o
LOAD ./Drivers/STM32L4xx_HAL_Driver/Src/stm32l4xx_hal_exti.o
LOAD ./Drivers/STM32L4xx_HAL_Driver/Src/stm32l4xx_hal_flash.o
LOAD ./Drivers/STM32L4xx_HAL_Driver/Src/stm32l4xx_hal_flash_ex.o
LOAD ./Drivers/STM32L4xx_HAL_Driver/Src/stm32l4xx_hal_flash_ramfunc.o
LOAD ./Drivers/STM32L4xx_HAL_Driver/Src/stm32l4xx_hal_gpio.o
LOAD ./Drivers/STM32L4xx_HAL_Driver/Src/stm32l4xx_hal_i2c.o
LOAD ./Drivers/STM32L4xx_HAL_Driver/Src/stm32l4xx_hal_i2c_ex.o
LOAD ./Drivers/STM32L4xx_HAL_Driver/Src/stm32l4xx_hal_pwr.o
LOAD ./Drivers/STM32L4xx_HAL_Driver/Src/stm32l4xx_hal_pwr_ex.o
LOAD ./Drivers/STM32L4xx_HAL_Driver/Src/stm32l4xx_hal_rcc.o
LOAD ./Drivers/STM32L4xx_HAL_Driver/Src/stm32l4xx_hal_rcc_ex.o
LOAD ./Drivers/STM32L4xx_HAL_Driver/Src/stm32l4xx_hal_rtc.o
LOAD ./Drivers/STM32L4xx_HAL_Driver/Src/stm32l4xx_hal_rtc_ex.o
LOAD ./Drivers/STM32L4xx_HAL_Driver/Src/stm32l4xx_hal_tim.o
LOAD ./Drivers/STM32L4xx_HAL_Driver/Src/stm32l4xx_hal_tim_ex.o
LOAD ./Drivers/STM32L4xx_HAL_Driver/Src/stm32l4xx_hal_uart.o
LOAD ./Drivers/STM32L4xx_HAL_Driver/Src/stm32l4xx_hal_uart_ex.o
LOAD ../Middlewares/ST/ARM/DSP/Lib\libarm_cortexM4lf_math.a
START GROUP
LOAD D:/tool/STM32CubeIDE_1.18.1/STM32CubeIDE/plugins/com.st.stm32cube.ide.mcu.externaltools.gnu-tools-for-stm32.13.3.rel1.win32_1.0.0.202411081344/tools/bin/../lib/gcc/arm-none-eabi/13.3.1/../../../../arm-none-eabi/lib/thumb/v7e-m+fp/hard\libc_nano.a
LOAD D:/tool/STM32CubeIDE_1.18.1/STM32CubeIDE/plugins/com.st.stm32cube.ide.mcu.externaltools.gnu-tools-for-stm32.13.3.rel1.win32_1.0.0.202411081344/tools/bin/../lib/gcc/arm-none-eabi/13.3.1/../../../../arm-none-eabi/lib/thumb/v7e-m+fp/hard\libm.a
END GROUP
START GROUP
LOAD D:/tool/STM32CubeIDE_1.18.1/STM32CubeIDE/plugins/com.st.stm32cube.ide.mcu.externaltools.gnu-tools-for-stm32.13.3.rel1.win32_1.0.0.202411081344/tools/bin/../lib/gcc/arm-none-eabi/13.3.1/thumb/v7e-m+fp/hard\libgcc.a
LOAD D:/tool/STM32CubeIDE_1.18.1/STM32CubeIDE/plugins/com.st.stm32cube.ide.mcu.externaltools.gnu-tools-for-stm32.13.3.rel1.win32_1.0.0.202411081344/tools/bin/../lib/gcc/arm-none-eabi/13.3.1/../../../../arm-none-eabi/lib/thumb/v7e-m+fp/hard\libc_nano.a
END GROUP
START GROUP
LOAD D:/tool/STM32CubeIDE_1.18.1/STM32CubeIDE/plugins/com.st.stm32cube.ide.mcu.externaltools.gnu-tools-for-stm32.13.3.rel1.win32_1.0.0.202411081344/tools/bin/../lib/gcc/arm-none-eabi/13.3.1/thumb/v7e-m+fp/hard\libgcc.a
LOAD D:/tool/STM32CubeIDE_1.18.1/STM32CubeIDE/plugins/com.st.stm32cube.ide.mcu.externaltools.gnu-tools-for-stm32.13.3.rel1.win32_1.0.0.202411081344/tools/bin/../lib/gcc/arm-none-eabi/13.3.1/../../../../arm-none-eabi/lib/thumb/v7e-m+fp/hard\libc_nano.a
LOAD D:/tool/STM32CubeIDE_1.18.1/STM32CubeIDE/plugins/com.st.stm32cube.ide.mcu.externaltools.gnu-tools-for-stm32.13.3.rel1.win32_1.0.0.202411081344/tools/bin/../lib/gcc/arm-none-eabi/13.3.1/../../../../arm-none-eabi/lib/thumb/v7e-m+fp/hard\libnosys.a
END GROUP
START GROUP
LOAD D:/tool/STM32CubeIDE_1.18.1/STM32CubeIDE/plugins/com.st.stm32cube.ide.mcu.externaltools.gnu-tools-for-stm32.13.3.rel1.win32_1.0.0.202411081344/tools/bin/../lib/gcc/arm-none-eabi/13.3.1/thumb/v7e-m+fp/hard\libgcc.a
LOAD D:/tool/STM32CubeIDE_1.18.1/STM32CubeIDE/plugins/com.st.stm32cube.ide.mcu.externaltools.gnu-tools-for-stm32.13.3.rel1.win32_1.0.0.202411081344/tools/bin/../lib/gcc/arm-none-eabi/13.3.1/../../../../arm-none-eabi/lib/thumb/v7e-m+fp/hard\libc_nano.a
LOAD D:/tool/STM32CubeIDE_1.18.1/STM32CubeIDE/plugins/com.st.stm32cube.ide.mcu.externaltools.gnu-tools-for-stm32.13.3.rel1.win32_1.0.0.202411081344/tools/bin/../lib/gcc/arm-none-eabi/13.3.1/../../../../arm-none-eabi/lib/thumb/v7e-m+fp/hard\libnosys.a
END GROUP
LOAD D:/tool/STM32CubeIDE_1.18.1/STM32CubeIDE/plugins/com.st.stm32cube.ide.mcu.externaltools.gnu-tools-for-stm32.13.3.rel1.win32_1.0.0.202411081344/tools/bin/../lib/gcc/arm-none-eabi/13.3.1/thumb/v7e-m+fp/hard/crtend.o
LOAD D:/tool/STM32CubeIDE_1.18.1/STM32CubeIDE/plugins/com.st.stm32cube.ide.mcu.externaltools.gnu-tools-for-stm32.13.3.rel1.win32_1.0.0.202411081344/tools/bin/../lib/gcc/arm-none-eabi/13.3.1/thumb/v7e-m+fp/hard/crtn.o
                0x20040000                        _estack = (ORIGIN (RAM) + LENGTH (RAM))
                0x00000200                        _Min_Heap_Size = 0x200
                0x00000400                        _Min_Stack_Size = 0x400

.isr_vector     0x08000000      0x1ac
                0x08000000                        . = ALIGN (0x4)
 *(.isr_vector)
 .isr_vector    0x08000000      0x1ac ./Core/Startup/startup_stm32l496rgtx.o
                0x08000000                g_pfnVectors
                0x080001ac                        . = ALIGN (0x4)

.text           0x080001b0    0x1110c
                0x080001b0                        . = ALIGN (0x4)
 *(.text)
 .text          0x080001b0       0x40 D:/tool/STM32CubeIDE_1.18.1/STM32CubeIDE/plugins/com.st.stm32cube.ide.mcu.externaltools.gnu-tools-for-stm32.13.3.rel1.win32_1.0.0.202411081344/tools/bin/../lib/gcc/arm-none-eabi/13.3.1/thumb/v7e-m+fp/hard/crtbegin.o
 .text          0x080001f0      0x378 D:/tool/STM32CubeIDE_1.18.1/STM32CubeIDE/plugins/com.st.stm32cube.ide.mcu.externaltools.gnu-tools-for-stm32.13.3.rel1.win32_1.0.0.202411081344/tools/bin/../lib/gcc/arm-none-eabi/13.3.1/thumb/v7e-m+fp/hard\libgcc.a(_arm_addsubdf3.o)
                0x080001f0                __aeabi_drsub
                0x080001f8                __aeabi_dsub
                0x080001f8                __subdf3
                0x080001fc                __aeabi_dadd
                0x080001fc                __adddf3
                0x08000474                __floatunsidf
                0x08000474                __aeabi_ui2d
                0x08000494                __floatsidf
                0x08000494                __aeabi_i2d
                0x080004b8                __aeabi_f2d
                0x080004b8                __extendsfdf2
                0x080004fc                __floatundidf
                0x080004fc                __aeabi_ul2d
                0x0800050c                __floatdidf
                0x0800050c                __aeabi_l2d
 .text          0x08000568      0x424 D:/tool/STM32CubeIDE_1.18.1/STM32CubeIDE/plugins/com.st.stm32cube.ide.mcu.externaltools.gnu-tools-for-stm32.13.3.rel1.win32_1.0.0.202411081344/tools/bin/../lib/gcc/arm-none-eabi/13.3.1/thumb/v7e-m+fp/hard\libgcc.a(_arm_muldivdf3.o)
                0x08000568                __aeabi_dmul
                0x08000568                __muldf3
                0x080007bc                __divdf3
                0x080007bc                __aeabi_ddiv
 .text          0x0800098c      0x110 D:/tool/STM32CubeIDE_1.18.1/STM32CubeIDE/plugins/com.st.stm32cube.ide.mcu.externaltools.gnu-tools-for-stm32.13.3.rel1.win32_1.0.0.202411081344/tools/bin/../lib/gcc/arm-none-eabi/13.3.1/thumb/v7e-m+fp/hard\libgcc.a(_arm_cmpdf2.o)
                0x0800098c                __gtdf2
                0x0800098c                __gedf2
                0x08000994                __ltdf2
                0x08000994                __ledf2
                0x0800099c                __nedf2
                0x0800099c                __eqdf2
                0x0800099c                __cmpdf2
                0x08000a18                __aeabi_cdrcmple
                0x08000a28                __aeabi_cdcmpeq
                0x08000a28                __aeabi_cdcmple
                0x08000a38                __aeabi_dcmpeq
                0x08000a4c                __aeabi_dcmplt
                0x08000a60                __aeabi_dcmple
                0x08000a74                __aeabi_dcmpge
                0x08000a88                __aeabi_dcmpgt
 .text          0x08000a9c       0xa0 D:/tool/STM32CubeIDE_1.18.1/STM32CubeIDE/plugins/com.st.stm32cube.ide.mcu.externaltools.gnu-tools-for-stm32.13.3.rel1.win32_1.0.0.202411081344/tools/bin/../lib/gcc/arm-none-eabi/13.3.1/thumb/v7e-m+fp/hard\libgcc.a(_arm_truncdfsf2.o)
                0x08000a9c                __truncdfsf2
                0x08000a9c                __aeabi_d2f
 .text          0x08000b3c      0x21c D:/tool/STM32CubeIDE_1.18.1/STM32CubeIDE/plugins/com.st.stm32cube.ide.mcu.externaltools.gnu-tools-for-stm32.13.3.rel1.win32_1.0.0.202411081344/tools/bin/../lib/gcc/arm-none-eabi/13.3.1/thumb/v7e-m+fp/hard\libgcc.a(_arm_addsubsf3.o)
                0x08000b3c                __aeabi_frsub
                0x08000b44                __subsf3
                0x08000b44                __aeabi_fsub
                0x08000b48                __aeabi_fadd
                0x08000b48                __addsf3
                0x08000ca8                __aeabi_ui2f
                0x08000ca8                __floatunsisf
                0x08000cb0                __aeabi_i2f
                0x08000cb0                __floatsisf
                0x08000ccc                __aeabi_ul2f
                0x08000ccc                __floatundisf
                0x08000cdc                __aeabi_l2f
                0x08000cdc                __floatdisf
 .text          0x08000d58       0xa0 D:/tool/STM32CubeIDE_1.18.1/STM32CubeIDE/plugins/com.st.stm32cube.ide.mcu.externaltools.gnu-tools-for-stm32.13.3.rel1.win32_1.0.0.202411081344/tools/bin/../lib/gcc/arm-none-eabi/13.3.1/thumb/v7e-m+fp/hard\libgcc.a(_aeabi_ldivmod.o)
                0x08000d58                __aeabi_ldivmod
 .text          0x08000df8       0x30 D:/tool/STM32CubeIDE_1.18.1/STM32CubeIDE/plugins/com.st.stm32cube.ide.mcu.externaltools.gnu-tools-for-stm32.13.3.rel1.win32_1.0.0.202411081344/tools/bin/../lib/gcc/arm-none-eabi/13.3.1/thumb/v7e-m+fp/hard\libgcc.a(_aeabi_uldivmod.o)
                0x08000df8                __aeabi_uldivmod
 .text          0x08000e28      0x2f8 D:/tool/STM32CubeIDE_1.18.1/STM32CubeIDE/plugins/com.st.stm32cube.ide.mcu.externaltools.gnu-tools-for-stm32.13.3.rel1.win32_1.0.0.202411081344/tools/bin/../lib/gcc/arm-none-eabi/13.3.1/thumb/v7e-m+fp/hard\libgcc.a(_udivmoddi4.o)
                0x08000e28                __udivmoddi4
 .text          0x08001120        0x4 D:/tool/STM32CubeIDE_1.18.1/STM32CubeIDE/plugins/com.st.stm32cube.ide.mcu.externaltools.gnu-tools-for-stm32.13.3.rel1.win32_1.0.0.202411081344/tools/bin/../lib/gcc/arm-none-eabi/13.3.1/thumb/v7e-m+fp/hard\libgcc.a(_dvmd_tls.o)
                0x08001120                __aeabi_idiv0
                0x08001120                __aeabi_ldiv0
 *(.text*)
 .text.battery_send
                0x08001124       0x8e ./APP/battery.o
                0x08001124                battery_send
 *fill*         0x080011b2        0x2 
 .text.battery_read_message
                0x080011b4       0x58 ./APP/battery.o
                0x080011b4                battery_read_message
 .text.battery_read_voltage
                0x0800120c       0x58 ./APP/battery.o
                0x0800120c                battery_read_voltage
 .text.battery_set_press_time
                0x08001264       0x70 ./APP/battery.o
                0x08001264                battery_set_press_time
 .text.battery_led_control
                0x080012d4       0x84 ./APP/battery.o
                0x080012d4                battery_led_control
 .text.battery_check_handle
                0x08001358       0x4e ./APP/battery.o
                0x08001358                battery_check_handle
 *fill*         0x080013a6        0x2 
 .text.battery_data_process
                0x080013a8      0x26c ./APP/battery.o
                0x080013a8                battery_data_process
 .text.battery_rece
                0x08001614      0x114 ./APP/battery.o
                0x08001614                battery_rece
 .text.battery_tx_cp
                0x08001728       0x66 ./APP/battery.o
                0x08001728                battery_tx_cp
 .text.battery_rx_idle
                0x0800178e       0xbc ./APP/battery.o
                0x0800178e                battery_rx_idle
 .text.battery_rx_half
                0x0800184a       0x6e ./APP/battery.o
                0x0800184a                battery_rx_half
 .text.battery_rx_cp
                0x080018b8       0x6e ./APP/battery.o
                0x080018b8                battery_rx_cp
 .text.battery_loop
                0x08001926       0x1c ./APP/battery.o
                0x08001926                battery_loop
 .text.battery_init
                0x08001942       0x78 ./APP/battery.o
                0x08001942                battery_init
 .text.calibration_start
                0x080019ba       0x6a ./APP/calibration.o
                0x080019ba                calibration_start
 .text.calibration_end
                0x08001a24       0x20 ./APP/calibration.o
                0x08001a24                calibration_end
 *fill*         0x08001a44        0x4 
 .text.calibration_loop
                0x08001a48      0xcc0 ./APP/calibration.o
                0x08001a48                calibration_loop
 .text.controller_set_home
                0x08002708       0xc8 ./APP/controller.o
                0x08002708                controller_set_home
 .text.controller_sync_callback
                0x080027d0       0xe4 ./APP/controller.o
                0x080027d0                controller_sync_callback
 .text.controller_update_input_pos_filter_gain
                0x080028b4       0x60 ./APP/controller.o
                0x080028b4                controller_update_input_pos_filter_gain
 .text.controller_init
                0x08002914       0x22 ./APP/controller.o
                0x08002914                controller_init
 .text.controller_reset
                0x08002936       0xb0 ./APP/controller.o
                0x08002936                controller_reset
 *fill*         0x080029e6        0x2 
 .text.controller_loop
                0x080029e8      0xd90 ./APP/controller.o
                0x080029e8                controller_loop
 .text.encoder_send
                0x08003778       0x84 ./APP/encoder.o
                0x08003778                encoder_send
 .text.encoder_cmd
                0x080037fc       0x32 ./APP/encoder.o
                0x080037fc                encoder_cmd
 *fill*         0x0800382e        0x2 
 .text.encoder_data_deal
                0x08003830      0x4d0 ./APP/encoder.o
                0x08003830                encoder_data_deal
 .text.encoder_check_handle
                0x08003d00       0x50 ./APP/encoder.o
                0x08003d00                encoder_check_handle
 .text.encoder_data_process
                0x08003d50       0xec ./APP/encoder.o
                0x08003d50                encoder_data_process
 .text.encoder_rece
                0x08003e3c      0x12e ./APP/encoder.o
                0x08003e3c                encoder_rece
 .text.encoder_tx_cp
                0x08003f6a       0x66 ./APP/encoder.o
                0x08003f6a                encoder_tx_cp
 .text.encoder_rx_idle
                0x08003fd0       0xbc ./APP/encoder.o
                0x08003fd0                encoder_rx_idle
 .text.encoder_rx_half
                0x0800408c       0x70 ./APP/encoder.o
                0x0800408c                encoder_rx_half
 .text.encoder_rx_cp
                0x080040fc       0x6e ./APP/encoder.o
                0x080040fc                encoder_rx_cp
 *fill*         0x0800416a        0x2 
 .text.encoder_init
                0x0800416c      0x16c ./APP/encoder.o
                0x0800416c                encoder_init
 .text.encoder_loop
                0x080042d8       0x6e ./APP/encoder.o
                0x080042d8                encoder_loop
 *fill*         0x08004346        0x2 
 .text.FOC_update_current_ctrl_gain
                0x08004348       0x28 ./APP/foc.o
                0x08004348                FOC_update_current_ctrl_gain
 .text.FOC_init
                0x08004370       0x58 ./APP/foc.o
                0x08004370                FOC_init
 .text.FOC_arm  0x080043c8       0x90 ./APP/foc.o
                0x080043c8                FOC_arm
 .text.FOC_disarm
                0x08004458       0x6a ./APP/foc.o
                0x08004458                FOC_disarm
 *fill*         0x080044c2        0x2 
 .text.FOC_voltage
                0x080044c4      0x260 ./APP/foc.o
                0x080044c4                FOC_voltage
 .text.FOC_current
                0x08004724      0x50c ./APP/foc.o
                0x08004724                FOC_current
 .text.main_comm_send
                0x08004c30       0x82 ./APP/main_communication.o
                0x08004c30                main_comm_send
 .text.main_comm_response
                0x08004cb2      0x188 ./APP/main_communication.o
                0x08004cb2                main_comm_response
 .text.main_comm_check_handle
                0x08004e3a       0x6e ./APP/main_communication.o
                0x08004e3a                main_comm_check_handle
 .text.main_comm_data_process
                0x08004ea8      0x1e8 ./APP/main_communication.o
                0x08004ea8                main_comm_data_process
 .text.main_comm_rece
                0x08005090      0x134 ./APP/main_communication.o
                0x08005090                main_comm_rece
 .text.main_comm_data_deal
                0x080051c4      0x36c ./APP/main_communication.o
                0x080051c4                main_comm_data_deal
 .text.main_communication_tx_cp
                0x08005530       0x66 ./APP/main_communication.o
                0x08005530                main_communication_tx_cp
 .text.main_communication_rx_idle
                0x08005596       0xc4 ./APP/main_communication.o
                0x08005596                main_communication_rx_idle
 .text.main_communication_rx_half
                0x0800565a       0x76 ./APP/main_communication.o
                0x0800565a                main_communication_rx_half
 .text.main_communication_rx_cp
                0x080056d0       0x76 ./APP/main_communication.o
                0x080056d0                main_communication_rx_cp
 .text.main_communication_loop
                0x08005746       0x58 ./APP/main_communication.o
                0x08005746                main_communication_loop
 .text.main_communication_init
                0x0800579e       0x82 ./APP/main_communication.o
                0x0800579e                main_communication_init
 .text.open_loop_start
                0x08005820       0x2a ./APP/open_loop.o
                0x08005820                open_loop_start
 .text.open_loop_end
                0x0800584a       0x18 ./APP/open_loop.o
                0x0800584a                open_loop_end
 *fill*         0x08005862        0x2 
 .text.open_loop_loop
                0x08005864       0xc4 ./APP/open_loop.o
                0x08005864                open_loop_loop
 .text.read_vbus
                0x08005928       0x1c ./APP/task.o
 .text.task_init
                0x08005944       0x48 ./APP/task.o
                0x08005944                task_init
 .text.task_reset_error
                0x0800598c       0x28 ./APP/task.o
                0x0800598c                task_reset_error
 .text.task_set_state
                0x080059b4      0x1d0 ./APP/task.o
                0x080059b4                task_set_state
 .text.task_enter_state
                0x08005b84      0x20c ./APP/task.o
                0x08005b84                task_enter_state
 .text.task_exit_state
                0x08005d90      0x22c ./APP/task.o
                0x08005d90                task_exit_state
 .text.task_safety_task
                0x08005fbc       0x66 ./APP/task.o
                0x08005fbc                task_safety_task
 *fill*         0x08006022        0x6 
 .text.task_low_priority_task
                0x08006028      0x318 ./APP/task.o
                0x08006028                task_low_priority_task
 .text.task_high_frequency_task
                0x08006340      0x1fc ./APP/task.o
                0x08006340                task_high_frequency_task
 *fill*         0x0800653c        0x4 
 .text.traj_plan
                0x08006540      0x738 ./APP/trap_traj.o
                0x08006540                traj_plan
 .text.traj_eval
                0x08006c78      0x288 ./APP/trap_traj.o
                0x08006c78                traj_eval
 .text.usr_config_set_default_config
                0x08006f00      0x1c4 ./APP/usr_config.o
                0x08006f00                usr_config_set_default_config
 .text.usr_config_read_config
                0x080070c4       0x16 ./APP/usr_config.o
                0x080070c4                usr_config_read_config
 .text.usr_config_write_config
                0x080070da       0x16 ./APP/usr_config.o
                0x080070da                usr_config_write_config
 .text.usr_config_set_control_mode
                0x080070f0       0x20 ./APP/usr_config.o
                0x080070f0                usr_config_set_control_mode
 .text.zero_cailbration_start
                0x08007110       0x2a ./APP/zero_cailbration.o
                0x08007110                zero_cailbration_start
 *fill*         0x0800713a        0x2 
 .text.zero_cailbration_loop
                0x0800713c      0x180 ./APP/zero_cailbration.o
                0x0800713c                zero_cailbration_loop
 .text.zero_cailbration_stop
                0x080072bc       0x40 ./APP/zero_cailbration.o
                0x080072bc                zero_cailbration_stop
 *fill*         0x080072fc        0x4 
 .text.bsp_read_iphase_a
                0x08007300       0x60 ./BSP/bsp_adc.o
                0x08007300                bsp_read_iphase_a
 .text.bsp_read_iphase_b
                0x08007360       0x60 ./BSP/bsp_adc.o
                0x08007360                bsp_read_iphase_b
 .text.bsp_read_iphase_c
                0x080073c0       0x60 ./BSP/bsp_adc.o
                0x080073c0                bsp_read_iphase_c
 .text.pwmc_current_reading_polarization
                0x08007420      0x14e ./BSP/bsp_adc.o
                0x08007420                pwmc_current_reading_polarization
 *fill*         0x0800756e        0x2 
 .text.HAL_ADCEx_InjectedConvCpltCallback
                0x08007570       0xcc ./BSP/bsp_adc.o
                0x08007570                HAL_ADCEx_InjectedConvCpltCallback
 .text.bsp_adc_init
                0x0800763c       0x1c ./BSP/bsp_adc.o
                0x0800763c                bsp_adc_init
 .text.enable_motor_drive
                0x08007658       0x3c ./BSP/bsp_gpio.o
                0x08007658                enable_motor_drive
 .text.enable_boost
                0x08007694       0x3c ./BSP/bsp_gpio.o
                0x08007694                enable_boost
 .text.enable_encoder
                0x080076d0       0x3c ./BSP/bsp_gpio.o
                0x080076d0                enable_encoder
 .text.test_gpio
                0x0800770c       0x3c ./BSP/bsp_gpio.o
                0x0800770c                test_gpio
 .text.set_a_duty
                0x08007748       0x2c ./BSP/bsp_tim.o
                0x08007748                set_a_duty
 .text.set_b_duty
                0x08007774       0x2c ./BSP/bsp_tim.o
                0x08007774                set_b_duty
 .text.set_c_duty
                0x080077a0       0x2c ./BSP/bsp_tim.o
                0x080077a0                set_c_duty
 .text.switch_on_pwm
                0x080077cc       0x7c ./BSP/bsp_tim.o
                0x080077cc                switch_on_pwm
 .text.switch_off_pwm
                0x08007848       0x5e ./BSP/bsp_tim.o
                0x08007848                switch_off_pwm
 .text.turn_on_low_sides_pwm
                0x080078a6       0x76 ./BSP/bsp_tim.o
                0x080078a6                turn_on_low_sides_pwm
 .text.bsp_tim_init
                0x0800791c       0x84 ./BSP/bsp_tim.o
                0x0800791c                bsp_tim_init
 .text.bsp_usart_init
                0x080079a0      0x104 ./BSP/bsp_usart.o
                0x080079a0                bsp_usart_init
 .text.bsp_uart_idle_callback
                0x08007aa4       0x78 ./BSP/bsp_usart.o
                0x08007aa4                bsp_uart_idle_callback
 .text.HAL_UART_TxCpltCallback
                0x08007b1c       0x74 ./BSP/bsp_usart.o
                0x08007b1c                HAL_UART_TxCpltCallback
 .text.HAL_UART_RxHalfCpltCallback
                0x08007b90       0x74 ./BSP/bsp_usart.o
                0x08007b90                HAL_UART_RxHalfCpltCallback
 .text.HAL_UART_RxCpltCallback
                0x08007c04       0x74 ./BSP/bsp_usart.o
                0x08007c04                HAL_UART_RxCpltCallback
 .text.HAL_UART_ErrorCallback
                0x08007c78      0x13c ./BSP/bsp_usart.o
                0x08007c78                HAL_UART_ErrorCallback
 .text.DWT_Tick_TimerInit
                0x08007db4       0x64 ./BSP/dwt.o
                0x08007db4                DWT_Tick_TimerInit
 .text.APP_Math_CRC8_GenerateTable
                0x08007e18       0x6c ./Common/util.o
                0x08007e18                APP_Math_CRC8_GenerateTable
 .text.APP_Math_CRC8_StaticTable
                0x08007e84       0x44 ./Common/util.o
                0x08007e84                APP_Math_CRC8_StaticTable
 .text.clarke_transform
                0x08007ec8       0x48 ./Common/util.o
                0x08007ec8                clarke_transform
 .text.park_transform
                0x08007f10       0x7e ./Common/util.o
                0x08007f10                park_transform
 .text.inverse_park
                0x08007f8e       0x7a ./Common/util.o
                0x08007f8e                inverse_park
 .text.svm      0x08008008      0x46c ./Common/util.o
                0x08008008                svm
 .text.sin_f32  0x08008474      0x104 ./Common/util.o
                0x08008474                sin_f32
 .text.cos_f32  0x08008578      0x10c ./Common/util.o
                0x08008578                cos_f32
 .text.ModbusCRC16_Table
                0x08008684       0x5c ./Common/util.o
                0x08008684                ModbusCRC16_Table
 .text.calculate_checksum
                0x080086e0       0x4a ./Common/util.o
                0x080086e0                calculate_checksum
 .text.float_swap_endian
                0x0800872a       0x42 ./Common/util.o
                0x0800872a                float_swap_endian
 .text.MX_ADC1_Init
                0x0800876c      0x194 ./Core/Src/adc.o
                0x0800876c                MX_ADC1_Init
 .text.HAL_ADC_MspInit
                0x08008900       0xe4 ./Core/Src/adc.o
                0x08008900                HAL_ADC_MspInit
 .text.MX_DMA_Init
                0x080089e4       0x8c ./Core/Src/dma.o
                0x080089e4                MX_DMA_Init
 .text.MX_GPIO_Init
                0x08008a70      0x114 ./Core/Src/gpio.o
                0x08008a70                MX_GPIO_Init
 .text.sys_tick_call_back
                0x08008b84      0x1f4 ./Core/Src/main.o
                0x08008b84                sys_tick_call_back
 .text.main     0x08008d78      0x2b0 ./Core/Src/main.o
                0x08008d78                main
 .text.SystemClock_Config
                0x08009028       0xa2 ./Core/Src/main.o
                0x08009028                SystemClock_Config
 .text.Error_Handler
                0x080090ca        0xc ./Core/Src/main.o
                0x080090ca                Error_Handler
 *fill*         0x080090d6        0x2 
 .text.MX_RTC_Init
                0x080090d8       0x50 ./Core/Src/rtc.o
                0x080090d8                MX_RTC_Init
 .text.HAL_RTC_MspInit
                0x08009128       0x64 ./Core/Src/rtc.o
                0x08009128                HAL_RTC_MspInit
 .text.HAL_MspInit
                0x0800918c       0x48 ./Core/Src/stm32l4xx_hal_msp.o
                0x0800918c                HAL_MspInit
 .text.NMI_Handler
                0x080091d4        0x8 ./Core/Src/stm32l4xx_it.o
                0x080091d4                NMI_Handler
 .text.HardFault_Handler
                0x080091dc        0x8 ./Core/Src/stm32l4xx_it.o
                0x080091dc                HardFault_Handler
 .text.MemManage_Handler
                0x080091e4        0x8 ./Core/Src/stm32l4xx_it.o
                0x080091e4                MemManage_Handler
 .text.BusFault_Handler
                0x080091ec        0x8 ./Core/Src/stm32l4xx_it.o
                0x080091ec                BusFault_Handler
 .text.UsageFault_Handler
                0x080091f4        0x8 ./Core/Src/stm32l4xx_it.o
                0x080091f4                UsageFault_Handler
 .text.SVC_Handler
                0x080091fc        0xe ./Core/Src/stm32l4xx_it.o
                0x080091fc                SVC_Handler
 .text.DebugMon_Handler
                0x0800920a        0xe ./Core/Src/stm32l4xx_it.o
                0x0800920a                DebugMon_Handler
 .text.PendSV_Handler
                0x08009218        0xe ./Core/Src/stm32l4xx_it.o
                0x08009218                PendSV_Handler
 *fill*         0x08009226        0x2 
 .text.SysTick_Handler
                0x08009228       0x34 ./Core/Src/stm32l4xx_it.o
                0x08009228                SysTick_Handler
 .text.DMA1_Channel2_IRQHandler
                0x0800925c       0x14 ./Core/Src/stm32l4xx_it.o
                0x0800925c                DMA1_Channel2_IRQHandler
 .text.DMA1_Channel3_IRQHandler
                0x08009270       0x14 ./Core/Src/stm32l4xx_it.o
                0x08009270                DMA1_Channel3_IRQHandler
 .text.DMA1_Channel4_IRQHandler
                0x08009284       0x14 ./Core/Src/stm32l4xx_it.o
                0x08009284                DMA1_Channel4_IRQHandler
 .text.DMA1_Channel5_IRQHandler
                0x08009298       0x14 ./Core/Src/stm32l4xx_it.o
                0x08009298                DMA1_Channel5_IRQHandler
 .text.DMA1_Channel6_IRQHandler
                0x080092ac       0x14 ./Core/Src/stm32l4xx_it.o
                0x080092ac                DMA1_Channel6_IRQHandler
 .text.DMA1_Channel7_IRQHandler
                0x080092c0       0x14 ./Core/Src/stm32l4xx_it.o
                0x080092c0                DMA1_Channel7_IRQHandler
 .text.ADC1_2_IRQHandler
                0x080092d4       0x14 ./Core/Src/stm32l4xx_it.o
                0x080092d4                ADC1_2_IRQHandler
 .text.USART1_IRQHandler
                0x080092e8       0x18 ./Core/Src/stm32l4xx_it.o
                0x080092e8                USART1_IRQHandler
 .text.USART2_IRQHandler
                0x08009300       0x18 ./Core/Src/stm32l4xx_it.o
                0x08009300                USART2_IRQHandler
 .text.USART3_IRQHandler
                0x08009318       0x18 ./Core/Src/stm32l4xx_it.o
                0x08009318                USART3_IRQHandler
 .text.SystemInit
                0x08009330       0x24 ./Core/Src/system_stm32l4xx.o
                0x08009330                SystemInit
 .text.MX_TIM1_Init
                0x08009354      0x1a0 ./Core/Src/tim.o
                0x08009354                MX_TIM1_Init
 .text.HAL_TIM_PWM_MspInit
                0x080094f4       0x40 ./Core/Src/tim.o
                0x080094f4                HAL_TIM_PWM_MspInit
 .text.HAL_TIM_MspPostInit
                0x08009534       0x70 ./Core/Src/tim.o
                0x08009534                HAL_TIM_MspPostInit
 .text.MX_USART1_UART_Init
                0x080095a4       0x60 ./Core/Src/usart.o
                0x080095a4                MX_USART1_UART_Init
 .text.MX_USART2_UART_Init
                0x08009604       0x68 ./Core/Src/usart.o
                0x08009604                MX_USART2_UART_Init
 .text.MX_USART3_UART_Init
                0x0800966c       0x60 ./Core/Src/usart.o
                0x0800966c                MX_USART3_UART_Init
 .text.HAL_UART_MspInit
                0x080096cc      0x428 ./Core/Src/usart.o
                0x080096cc                HAL_UART_MspInit
 .text.Reset_Handler
                0x08009af4       0x50 ./Core/Startup/startup_stm32l496rgtx.o
                0x08009af4                Reset_Handler
 .text.Default_Handler
                0x08009b44        0x2 ./Core/Startup/startup_stm32l496rgtx.o
                0x08009b44                RTC_Alarm_IRQHandler
                0x08009b44                EXTI2_IRQHandler
                0x08009b44                TIM8_TRG_COM_IRQHandler
                0x08009b44                TIM8_CC_IRQHandler
                0x08009b44                TIM1_CC_IRQHandler
                0x08009b44                TSC_IRQHandler
                0x08009b44                TAMP_STAMP_IRQHandler
                0x08009b44                CAN2_RX1_IRQHandler
                0x08009b44                EXTI3_IRQHandler
                0x08009b44                LPTIM2_IRQHandler
                0x08009b44                DFSDM1_FLT1_IRQHandler
                0x08009b44                I2C3_ER_IRQHandler
                0x08009b44                DFSDM1_FLT2_IRQHandler
                0x08009b44                EXTI0_IRQHandler
                0x08009b44                I2C2_EV_IRQHandler
                0x08009b44                CAN1_RX0_IRQHandler
                0x08009b44                FPU_IRQHandler
                0x08009b44                TIM1_UP_TIM16_IRQHandler
                0x08009b44                CAN2_SCE_IRQHandler
                0x08009b44                SPI1_IRQHandler
                0x08009b44                TIM6_DAC_IRQHandler
                0x08009b44                DCMI_IRQHandler
                0x08009b44                CAN2_RX0_IRQHandler
                0x08009b44                TIM8_UP_IRQHandler
                0x08009b44                DMA2_Channel2_IRQHandler
                0x08009b44                SAI2_IRQHandler
                0x08009b44                DFSDM1_FLT3_IRQHandler
                0x08009b44                CAN1_RX1_IRQHandler
                0x08009b44                LCD_IRQHandler
                0x08009b44                UART5_IRQHandler
                0x08009b44                ADC3_IRQHandler
                0x08009b44                TIM4_IRQHandler
                0x08009b44                DMA2_Channel1_IRQHandler
                0x08009b44                QUADSPI_IRQHandler
                0x08009b44                I2C1_EV_IRQHandler
                0x08009b44                UART4_IRQHandler
                0x08009b44                DMA2_Channel4_IRQHandler
                0x08009b44                TIM3_IRQHandler
                0x08009b44                RCC_IRQHandler
                0x08009b44                DMA1_Channel1_IRQHandler
                0x08009b44                Default_Handler
                0x08009b44                DMA2_Channel7_IRQHandler
                0x08009b44                EXTI15_10_IRQHandler
                0x08009b44                TIM7_IRQHandler
                0x08009b44                SDMMC1_IRQHandler
                0x08009b44                CAN2_TX_IRQHandler
                0x08009b44                TIM5_IRQHandler
                0x08009b44                I2C3_EV_IRQHandler
                0x08009b44                EXTI9_5_IRQHandler
                0x08009b44                RTC_WKUP_IRQHandler
                0x08009b44                PVD_PVM_IRQHandler
                0x08009b44                SPI2_IRQHandler
                0x08009b44                CAN1_TX_IRQHandler
                0x08009b44                DMA2_Channel5_IRQHandler
                0x08009b44                CRS_IRQHandler
                0x08009b44                EXTI4_IRQHandler
                0x08009b44                RNG_IRQHandler
                0x08009b44                TIM1_TRG_COM_TIM17_IRQHandler
                0x08009b44                COMP_IRQHandler
                0x08009b44                WWDG_IRQHandler
                0x08009b44                I2C4_EV_IRQHandler
                0x08009b44                LPUART1_IRQHandler
                0x08009b44                DMA2_Channel6_IRQHandler
                0x08009b44                TIM2_IRQHandler
                0x08009b44                EXTI1_IRQHandler
                0x08009b44                DFSDM1_FLT0_IRQHandler
                0x08009b44                I2C2_ER_IRQHandler
                0x08009b44                TIM8_BRK_IRQHandler
                0x08009b44                CAN1_SCE_IRQHandler
                0x08009b44                FLASH_IRQHandler
                0x08009b44                OTG_FS_IRQHandler
                0x08009b44                SPI3_IRQHandler
                0x08009b44                I2C1_ER_IRQHandler
                0x08009b44                FMC_IRQHandler
                0x08009b44                SWPMI1_IRQHandler
                0x08009b44                LPTIM1_IRQHandler
                0x08009b44                I2C4_ER_IRQHandler
                0x08009b44                SAI1_IRQHandler
                0x08009b44                DMA2_Channel3_IRQHandler
                0x08009b44                TIM1_BRK_TIM15_IRQHandler
 .text.HAL_Init
                0x08009b46       0x30 ./Drivers/STM32L4xx_HAL_Driver/Src/stm32l4xx_hal.o
                0x08009b46                HAL_Init
 *fill*         0x08009b76        0x2 
 .text.HAL_InitTick
                0x08009b78       0x78 ./Drivers/STM32L4xx_HAL_Driver/Src/stm32l4xx_hal.o
                0x08009b78                HAL_InitTick
 .text.HAL_IncTick
                0x08009bf0       0x28 ./Drivers/STM32L4xx_HAL_Driver/Src/stm32l4xx_hal.o
                0x08009bf0                HAL_IncTick
 .text.HAL_GetTick
                0x08009c18       0x18 ./Drivers/STM32L4xx_HAL_Driver/Src/stm32l4xx_hal.o
                0x08009c18                HAL_GetTick
 .text.HAL_Delay
                0x08009c30       0x48 ./Drivers/STM32L4xx_HAL_Driver/Src/stm32l4xx_hal.o
                0x08009c30                HAL_Delay
 .text.LL_ADC_SetCommonClock
                0x08009c78       0x26 ./Drivers/STM32L4xx_HAL_Driver/Src/stm32l4xx_hal_adc.o
 .text.LL_ADC_SetCommonPathInternalCh
                0x08009c9e       0x26 ./Drivers/STM32L4xx_HAL_Driver/Src/stm32l4xx_hal_adc.o
 .text.LL_ADC_GetCommonPathInternalCh
                0x08009cc4       0x1c ./Drivers/STM32L4xx_HAL_Driver/Src/stm32l4xx_hal_adc.o
 .text.LL_ADC_SetOffset
                0x08009ce0       0x48 ./Drivers/STM32L4xx_HAL_Driver/Src/stm32l4xx_hal_adc.o
 .text.LL_ADC_GetOffsetChannel
                0x08009d28       0x2c ./Drivers/STM32L4xx_HAL_Driver/Src/stm32l4xx_hal_adc.o
 .text.LL_ADC_SetOffsetState
                0x08009d54       0x36 ./Drivers/STM32L4xx_HAL_Driver/Src/stm32l4xx_hal_adc.o
 .text.LL_ADC_SetSamplingTimeCommonConfig
                0x08009d8a       0x26 ./Drivers/STM32L4xx_HAL_Driver/Src/stm32l4xx_hal_adc.o
 .text.LL_ADC_REG_IsTriggerSourceSWStart
                0x08009db0       0x26 ./Drivers/STM32L4xx_HAL_Driver/Src/stm32l4xx_hal_adc.o
 .text.LL_ADC_REG_SetSequencerRanks
                0x08009dd6       0x58 ./Drivers/STM32L4xx_HAL_Driver/Src/stm32l4xx_hal_adc.o
 .text.LL_ADC_INJ_IsTriggerSourceSWStart
                0x08009e2e       0x26 ./Drivers/STM32L4xx_HAL_Driver/Src/stm32l4xx_hal_adc.o
 .text.LL_ADC_SetChannelSamplingTime
                0x08009e54       0x56 ./Drivers/STM32L4xx_HAL_Driver/Src/stm32l4xx_hal_adc.o
 *fill*         0x08009eaa        0x2 
 .text.LL_ADC_SetChannelSingleDiff
                0x08009eac       0x48 ./Drivers/STM32L4xx_HAL_Driver/Src/stm32l4xx_hal_adc.o
 .text.LL_ADC_GetMultimode
                0x08009ef4       0x1c ./Drivers/STM32L4xx_HAL_Driver/Src/stm32l4xx_hal_adc.o
 .text.LL_ADC_GetMultiDMATransfer
                0x08009f10       0x1c ./Drivers/STM32L4xx_HAL_Driver/Src/stm32l4xx_hal_adc.o
 .text.LL_ADC_DisableDeepPowerDown
                0x08009f2c       0x24 ./Drivers/STM32L4xx_HAL_Driver/Src/stm32l4xx_hal_adc.o
 .text.LL_ADC_IsDeepPowerDownEnabled
                0x08009f50       0x28 ./Drivers/STM32L4xx_HAL_Driver/Src/stm32l4xx_hal_adc.o
 .text.LL_ADC_EnableInternalRegulator
                0x08009f78       0x28 ./Drivers/STM32L4xx_HAL_Driver/Src/stm32l4xx_hal_adc.o
 .text.LL_ADC_IsInternalRegulatorEnabled
                0x08009fa0       0x28 ./Drivers/STM32L4xx_HAL_Driver/Src/stm32l4xx_hal_adc.o
 .text.LL_ADC_Enable
                0x08009fc8       0x28 ./Drivers/STM32L4xx_HAL_Driver/Src/stm32l4xx_hal_adc.o
 .text.LL_ADC_Disable
                0x08009ff0       0x28 ./Drivers/STM32L4xx_HAL_Driver/Src/stm32l4xx_hal_adc.o
 .text.LL_ADC_IsEnabled
                0x0800a018       0x26 ./Drivers/STM32L4xx_HAL_Driver/Src/stm32l4xx_hal_adc.o
 .text.LL_ADC_IsDisableOngoing
                0x0800a03e       0x26 ./Drivers/STM32L4xx_HAL_Driver/Src/stm32l4xx_hal_adc.o
 .text.LL_ADC_REG_IsConversionOngoing
                0x0800a064       0x26 ./Drivers/STM32L4xx_HAL_Driver/Src/stm32l4xx_hal_adc.o
 .text.LL_ADC_INJ_IsConversionOngoing
                0x0800a08a       0x26 ./Drivers/STM32L4xx_HAL_Driver/Src/stm32l4xx_hal_adc.o
 .text.HAL_ADC_Init
                0x0800a0b0      0x2a8 ./Drivers/STM32L4xx_HAL_Driver/Src/stm32l4xx_hal_adc.o
                0x0800a0b0                HAL_ADC_Init
 .text.HAL_ADC_IRQHandler
                0x0800a358      0x434 ./Drivers/STM32L4xx_HAL_Driver/Src/stm32l4xx_hal_adc.o
                0x0800a358                HAL_ADC_IRQHandler
 .text.HAL_ADC_ConvCpltCallback
                0x0800a78c       0x14 ./Drivers/STM32L4xx_HAL_Driver/Src/stm32l4xx_hal_adc.o
                0x0800a78c                HAL_ADC_ConvCpltCallback
 .text.HAL_ADC_LevelOutOfWindowCallback
                0x0800a7a0       0x14 ./Drivers/STM32L4xx_HAL_Driver/Src/stm32l4xx_hal_adc.o
                0x0800a7a0                HAL_ADC_LevelOutOfWindowCallback
 .text.HAL_ADC_ErrorCallback
                0x0800a7b4       0x14 ./Drivers/STM32L4xx_HAL_Driver/Src/stm32l4xx_hal_adc.o
                0x0800a7b4                HAL_ADC_ErrorCallback
 .text.HAL_ADC_ConfigChannel
                0x0800a7c8      0x818 ./Drivers/STM32L4xx_HAL_Driver/Src/stm32l4xx_hal_adc.o
                0x0800a7c8                HAL_ADC_ConfigChannel
 .text.ADC_Enable
                0x0800afe0      0x10c ./Drivers/STM32L4xx_HAL_Driver/Src/stm32l4xx_hal_adc.o
                0x0800afe0                ADC_Enable
 .text.ADC_Disable
                0x0800b0ec       0xbe ./Drivers/STM32L4xx_HAL_Driver/Src/stm32l4xx_hal_adc.o
                0x0800b0ec                ADC_Disable
 .text.LL_ADC_SetCommonPathInternalCh
                0x0800b1aa       0x26 ./Drivers/STM32L4xx_HAL_Driver/Src/stm32l4xx_hal_adc_ex.o
 .text.LL_ADC_GetCommonPathInternalCh
                0x0800b1d0       0x1c ./Drivers/STM32L4xx_HAL_Driver/Src/stm32l4xx_hal_adc_ex.o
 .text.LL_ADC_SetOffset
                0x0800b1ec       0x48 ./Drivers/STM32L4xx_HAL_Driver/Src/stm32l4xx_hal_adc_ex.o
 .text.LL_ADC_GetOffsetChannel
                0x0800b234       0x2c ./Drivers/STM32L4xx_HAL_Driver/Src/stm32l4xx_hal_adc_ex.o
 .text.LL_ADC_SetOffsetState
                0x0800b260       0x36 ./Drivers/STM32L4xx_HAL_Driver/Src/stm32l4xx_hal_adc_ex.o
 .text.LL_ADC_SetSamplingTimeCommonConfig
                0x0800b296       0x26 ./Drivers/STM32L4xx_HAL_Driver/Src/stm32l4xx_hal_adc_ex.o
 .text.LL_ADC_INJ_GetTrigAuto
                0x0800b2bc       0x1c ./Drivers/STM32L4xx_HAL_Driver/Src/stm32l4xx_hal_adc_ex.o
 .text.LL_ADC_INJ_SetQueueMode
                0x0800b2d8       0x2a ./Drivers/STM32L4xx_HAL_Driver/Src/stm32l4xx_hal_adc_ex.o
 .text.LL_ADC_SetChannelSamplingTime
                0x0800b302       0x56 ./Drivers/STM32L4xx_HAL_Driver/Src/stm32l4xx_hal_adc_ex.o
 .text.LL_ADC_SetChannelSingleDiff
                0x0800b358       0x48 ./Drivers/STM32L4xx_HAL_Driver/Src/stm32l4xx_hal_adc_ex.o
 .text.LL_ADC_GetMultimode
                0x0800b3a0       0x1c ./Drivers/STM32L4xx_HAL_Driver/Src/stm32l4xx_hal_adc_ex.o
 .text.LL_ADC_IsEnabled
                0x0800b3bc       0x26 ./Drivers/STM32L4xx_HAL_Driver/Src/stm32l4xx_hal_adc_ex.o
 .text.LL_ADC_StartCalibration
                0x0800b3e2       0x32 ./Drivers/STM32L4xx_HAL_Driver/Src/stm32l4xx_hal_adc_ex.o
 .text.LL_ADC_IsCalibrationOnGoing
                0x0800b414       0x28 ./Drivers/STM32L4xx_HAL_Driver/Src/stm32l4xx_hal_adc_ex.o
 .text.LL_ADC_REG_IsConversionOngoing
                0x0800b43c       0x26 ./Drivers/STM32L4xx_HAL_Driver/Src/stm32l4xx_hal_adc_ex.o
 .text.LL_ADC_INJ_StartConversion
                0x0800b462       0x28 ./Drivers/STM32L4xx_HAL_Driver/Src/stm32l4xx_hal_adc_ex.o
 .text.LL_ADC_INJ_IsConversionOngoing
                0x0800b48a       0x26 ./Drivers/STM32L4xx_HAL_Driver/Src/stm32l4xx_hal_adc_ex.o
 .text.HAL_ADCEx_Calibration_Start
                0x0800b4b0       0xc0 ./Drivers/STM32L4xx_HAL_Driver/Src/stm32l4xx_hal_adc_ex.o
                0x0800b4b0                HAL_ADCEx_Calibration_Start
 .text.HAL_ADCEx_InjectedStart_IT
                0x0800b570      0x1cc ./Drivers/STM32L4xx_HAL_Driver/Src/stm32l4xx_hal_adc_ex.o
                0x0800b570                HAL_ADCEx_InjectedStart_IT
 .text.HAL_ADCEx_InjectedQueueOverflowCallback
                0x0800b73c       0x14 ./Drivers/STM32L4xx_HAL_Driver/Src/stm32l4xx_hal_adc_ex.o
                0x0800b73c                HAL_ADCEx_InjectedQueueOverflowCallback
 .text.HAL_ADCEx_LevelOutOfWindow2Callback
                0x0800b750       0x14 ./Drivers/STM32L4xx_HAL_Driver/Src/stm32l4xx_hal_adc_ex.o
                0x0800b750                HAL_ADCEx_LevelOutOfWindow2Callback
 .text.HAL_ADCEx_LevelOutOfWindow3Callback
                0x0800b764       0x14 ./Drivers/STM32L4xx_HAL_Driver/Src/stm32l4xx_hal_adc_ex.o
                0x0800b764                HAL_ADCEx_LevelOutOfWindow3Callback
 .text.HAL_ADCEx_EndOfSamplingCallback
                0x0800b778       0x14 ./Drivers/STM32L4xx_HAL_Driver/Src/stm32l4xx_hal_adc_ex.o
                0x0800b778                HAL_ADCEx_EndOfSamplingCallback
 .text.HAL_ADCEx_InjectedConfigChannel
                0x0800b78c      0x994 ./Drivers/STM32L4xx_HAL_Driver/Src/stm32l4xx_hal_adc_ex.o
                0x0800b78c                HAL_ADCEx_InjectedConfigChannel
 .text.HAL_ADCEx_MultiModeConfigChannel
                0x0800c120      0x160 ./Drivers/STM32L4xx_HAL_Driver/Src/stm32l4xx_hal_adc_ex.o
                0x0800c120                HAL_ADCEx_MultiModeConfigChannel
 .text.HAL_ADCEx_DisableInjectedQueue
                0x0800c280       0x4e ./Drivers/STM32L4xx_HAL_Driver/Src/stm32l4xx_hal_adc_ex.o
                0x0800c280                HAL_ADCEx_DisableInjectedQueue
 *fill*         0x0800c2ce        0x2 
 .text.__NVIC_SetPriorityGrouping
                0x0800c2d0       0x48 ./Drivers/STM32L4xx_HAL_Driver/Src/stm32l4xx_hal_cortex.o
 .text.__NVIC_GetPriorityGrouping
                0x0800c318       0x1c ./Drivers/STM32L4xx_HAL_Driver/Src/stm32l4xx_hal_cortex.o
 .text.__NVIC_EnableIRQ
                0x0800c334       0x3c ./Drivers/STM32L4xx_HAL_Driver/Src/stm32l4xx_hal_cortex.o
 .text.__NVIC_SetPriority
                0x0800c370       0x54 ./Drivers/STM32L4xx_HAL_Driver/Src/stm32l4xx_hal_cortex.o
 .text.NVIC_EncodePriority
                0x0800c3c4       0x66 ./Drivers/STM32L4xx_HAL_Driver/Src/stm32l4xx_hal_cortex.o
 *fill*         0x0800c42a        0x2 
 .text.SysTick_Config
                0x0800c42c       0x44 ./Drivers/STM32L4xx_HAL_Driver/Src/stm32l4xx_hal_cortex.o
 .text.HAL_NVIC_SetPriorityGrouping
                0x0800c470       0x16 ./Drivers/STM32L4xx_HAL_Driver/Src/stm32l4xx_hal_cortex.o
                0x0800c470                HAL_NVIC_SetPriorityGrouping
 .text.HAL_NVIC_SetPriority
                0x0800c486       0x38 ./Drivers/STM32L4xx_HAL_Driver/Src/stm32l4xx_hal_cortex.o
                0x0800c486                HAL_NVIC_SetPriority
 .text.HAL_NVIC_EnableIRQ
                0x0800c4be       0x1c ./Drivers/STM32L4xx_HAL_Driver/Src/stm32l4xx_hal_cortex.o
                0x0800c4be                HAL_NVIC_EnableIRQ
 .text.HAL_SYSTICK_Config
                0x0800c4da       0x18 ./Drivers/STM32L4xx_HAL_Driver/Src/stm32l4xx_hal_cortex.o
                0x0800c4da                HAL_SYSTICK_Config
 *fill*         0x0800c4f2        0x2 
 .text.HAL_DMA_Init
                0x0800c4f4      0x170 ./Drivers/STM32L4xx_HAL_Driver/Src/stm32l4xx_hal_dma.o
                0x0800c4f4                HAL_DMA_Init
 .text.HAL_DMA_Start_IT
                0x0800c664       0xc0 ./Drivers/STM32L4xx_HAL_Driver/Src/stm32l4xx_hal_dma.o
                0x0800c664                HAL_DMA_Start_IT
 .text.HAL_DMA_Abort
                0x0800c724       0x7c ./Drivers/STM32L4xx_HAL_Driver/Src/stm32l4xx_hal_dma.o
                0x0800c724                HAL_DMA_Abort
 .text.HAL_DMA_Abort_IT
                0x0800c7a0       0x82 ./Drivers/STM32L4xx_HAL_Driver/Src/stm32l4xx_hal_dma.o
                0x0800c7a0                HAL_DMA_Abort_IT
 .text.HAL_DMA_IRQHandler
                0x0800c822      0x15e ./Drivers/STM32L4xx_HAL_Driver/Src/stm32l4xx_hal_dma.o
                0x0800c822                HAL_DMA_IRQHandler
 .text.DMA_SetConfig
                0x0800c980       0x60 ./Drivers/STM32L4xx_HAL_Driver/Src/stm32l4xx_hal_dma.o
 .text.HAL_GPIO_Init
                0x0800c9e0      0x324 ./Drivers/STM32L4xx_HAL_Driver/Src/stm32l4xx_hal_gpio.o
                0x0800c9e0                HAL_GPIO_Init
 .text.HAL_GPIO_WritePin
                0x0800cd04       0x30 ./Drivers/STM32L4xx_HAL_Driver/Src/stm32l4xx_hal_gpio.o
                0x0800cd04                HAL_GPIO_WritePin
 .text.HAL_PWREx_GetVoltageRange
                0x0800cd34       0x1c ./Drivers/STM32L4xx_HAL_Driver/Src/stm32l4xx_hal_pwr_ex.o
                0x0800cd34                HAL_PWREx_GetVoltageRange
 .text.HAL_PWREx_ControlVoltageScaling
                0x0800cd50       0xac ./Drivers/STM32L4xx_HAL_Driver/Src/stm32l4xx_hal_pwr_ex.o
                0x0800cd50                HAL_PWREx_ControlVoltageScaling
 .text.HAL_RCC_OscConfig
                0x0800cdfc      0x834 ./Drivers/STM32L4xx_HAL_Driver/Src/stm32l4xx_hal_rcc.o
                0x0800cdfc                HAL_RCC_OscConfig
 .text.HAL_RCC_ClockConfig
                0x0800d630      0x200 ./Drivers/STM32L4xx_HAL_Driver/Src/stm32l4xx_hal_rcc.o
                0x0800d630                HAL_RCC_ClockConfig
 .text.HAL_RCC_GetSysClockFreq
                0x0800d830      0x114 ./Drivers/STM32L4xx_HAL_Driver/Src/stm32l4xx_hal_rcc.o
                0x0800d830                HAL_RCC_GetSysClockFreq
 .text.HAL_RCC_GetHCLKFreq
                0x0800d944       0x18 ./Drivers/STM32L4xx_HAL_Driver/Src/stm32l4xx_hal_rcc.o
                0x0800d944                HAL_RCC_GetHCLKFreq
 .text.HAL_RCC_GetPCLK1Freq
                0x0800d95c       0x2c ./Drivers/STM32L4xx_HAL_Driver/Src/stm32l4xx_hal_rcc.o
                0x0800d95c                HAL_RCC_GetPCLK1Freq
 .text.HAL_RCC_GetPCLK2Freq
                0x0800d988       0x2c ./Drivers/STM32L4xx_HAL_Driver/Src/stm32l4xx_hal_rcc.o
                0x0800d988                HAL_RCC_GetPCLK2Freq
 .text.RCC_SetFlashLatencyFromMSIRange
                0x0800d9b4       0xc0 ./Drivers/STM32L4xx_HAL_Driver/Src/stm32l4xx_hal_rcc.o
 .text.HAL_RCCEx_PeriphCLKConfig
                0x0800da74      0x5f8 ./Drivers/STM32L4xx_HAL_Driver/Src/stm32l4xx_hal_rcc_ex.o
                0x0800da74                HAL_RCCEx_PeriphCLKConfig
 .text.RCCEx_PLLSAI1_Config
                0x0800e06c      0x1e4 ./Drivers/STM32L4xx_HAL_Driver/Src/stm32l4xx_hal_rcc_ex.o
 .text.RCCEx_PLLSAI2_Config
                0x0800e250      0x1b8 ./Drivers/STM32L4xx_HAL_Driver/Src/stm32l4xx_hal_rcc_ex.o
 .text.HAL_RTC_Init
                0x0800e408      0x110 ./Drivers/STM32L4xx_HAL_Driver/Src/stm32l4xx_hal_rtc.o
                0x0800e408                HAL_RTC_Init
 .text.HAL_RTC_WaitForSynchro
                0x0800e518       0x48 ./Drivers/STM32L4xx_HAL_Driver/Src/stm32l4xx_hal_rtc.o
                0x0800e518                HAL_RTC_WaitForSynchro
 .text.RTC_EnterInitMode
                0x0800e560       0x66 ./Drivers/STM32L4xx_HAL_Driver/Src/stm32l4xx_hal_rtc.o
                0x0800e560                RTC_EnterInitMode
 *fill*         0x0800e5c6        0x2 
 .text.RTC_ExitInitMode
                0x0800e5c8       0x7c ./Drivers/STM32L4xx_HAL_Driver/Src/stm32l4xx_hal_rtc.o
                0x0800e5c8                RTC_ExitInitMode
 .text.HAL_TIM_Base_Start_IT
                0x0800e644       0xe0 ./Drivers/STM32L4xx_HAL_Driver/Src/stm32l4xx_hal_tim.o
                0x0800e644                HAL_TIM_Base_Start_IT
 .text.HAL_TIM_OC_Init
                0x0800e724       0xae ./Drivers/STM32L4xx_HAL_Driver/Src/stm32l4xx_hal_tim.o
                0x0800e724                HAL_TIM_OC_Init
 .text.HAL_TIM_OC_MspInit
                0x0800e7d2       0x14 ./Drivers/STM32L4xx_HAL_Driver/Src/stm32l4xx_hal_tim.o
                0x0800e7d2                HAL_TIM_OC_MspInit
 *fill*         0x0800e7e6        0x2 
 .text.HAL_TIM_OC_Start
                0x0800e7e8      0x20c ./Drivers/STM32L4xx_HAL_Driver/Src/stm32l4xx_hal_tim.o
                0x0800e7e8                HAL_TIM_OC_Start
 .text.HAL_TIM_OC_Stop
                0x0800e9f4      0x12c ./Drivers/STM32L4xx_HAL_Driver/Src/stm32l4xx_hal_tim.o
                0x0800e9f4                HAL_TIM_OC_Stop
 .text.HAL_TIM_PWM_Init
                0x0800eb20       0xae ./Drivers/STM32L4xx_HAL_Driver/Src/stm32l4xx_hal_tim.o
                0x0800eb20                HAL_TIM_PWM_Init
 *fill*         0x0800ebce        0x2 
 .text.HAL_TIM_PWM_Start
                0x0800ebd0      0x20c ./Drivers/STM32L4xx_HAL_Driver/Src/stm32l4xx_hal_tim.o
                0x0800ebd0                HAL_TIM_PWM_Start
 .text.HAL_TIM_OC_ConfigChannel
                0x0800eddc       0xf4 ./Drivers/STM32L4xx_HAL_Driver/Src/stm32l4xx_hal_tim.o
                0x0800eddc                HAL_TIM_OC_ConfigChannel
 .text.HAL_TIM_PWM_ConfigChannel
                0x0800eed0      0x228 ./Drivers/STM32L4xx_HAL_Driver/Src/stm32l4xx_hal_tim.o
                0x0800eed0                HAL_TIM_PWM_ConfigChannel
 .text.TIM_Base_SetConfig
                0x0800f0f8      0x14c ./Drivers/STM32L4xx_HAL_Driver/Src/stm32l4xx_hal_tim.o
                0x0800f0f8                TIM_Base_SetConfig
 .text.TIM_OC1_SetConfig
                0x0800f244      0x120 ./Drivers/STM32L4xx_HAL_Driver/Src/stm32l4xx_hal_tim.o
 .text.TIM_OC2_SetConfig
                0x0800f364      0x114 ./Drivers/STM32L4xx_HAL_Driver/Src/stm32l4xx_hal_tim.o
                0x0800f364                TIM_OC2_SetConfig
 .text.TIM_OC3_SetConfig
                0x0800f478      0x110 ./Drivers/STM32L4xx_HAL_Driver/Src/stm32l4xx_hal_tim.o
 .text.TIM_OC4_SetConfig
                0x0800f588       0xd4 ./Drivers/STM32L4xx_HAL_Driver/Src/stm32l4xx_hal_tim.o
 .text.TIM_OC5_SetConfig
                0x0800f65c       0xc8 ./Drivers/STM32L4xx_HAL_Driver/Src/stm32l4xx_hal_tim.o
 .text.TIM_OC6_SetConfig
                0x0800f724       0xcc ./Drivers/STM32L4xx_HAL_Driver/Src/stm32l4xx_hal_tim.o
 .text.TIM_CCxChannelCmd
                0x0800f7f0       0x4a ./Drivers/STM32L4xx_HAL_Driver/Src/stm32l4xx_hal_tim.o
                0x0800f7f0                TIM_CCxChannelCmd
 *fill*         0x0800f83a        0x2 
 .text.HAL_TIMEx_MasterConfigSynchronization
                0x0800f83c      0x110 ./Drivers/STM32L4xx_HAL_Driver/Src/stm32l4xx_hal_tim_ex.o
                0x0800f83c                HAL_TIMEx_MasterConfigSynchronization
 .text.HAL_TIMEx_ConfigBreakDeadTime
                0x0800f94c       0xfc ./Drivers/STM32L4xx_HAL_Driver/Src/stm32l4xx_hal_tim_ex.o
                0x0800f94c                HAL_TIMEx_ConfigBreakDeadTime
 .text.HAL_UART_Init
                0x0800fa48       0x9c ./Drivers/STM32L4xx_HAL_Driver/Src/stm32l4xx_hal_uart.o
                0x0800fa48                HAL_UART_Init
 .text.HAL_UART_Transmit_DMA
                0x0800fae4       0xf8 ./Drivers/STM32L4xx_HAL_Driver/Src/stm32l4xx_hal_uart.o
                0x0800fae4                HAL_UART_Transmit_DMA
 .text.HAL_UART_Receive_DMA
                0x0800fbdc       0x98 ./Drivers/STM32L4xx_HAL_Driver/Src/stm32l4xx_hal_uart.o
                0x0800fbdc                HAL_UART_Receive_DMA
 .text.HAL_UART_IRQHandler
                0x0800fc74      0x60c ./Drivers/STM32L4xx_HAL_Driver/Src/stm32l4xx_hal_uart.o
                0x0800fc74                HAL_UART_IRQHandler
 .text.HAL_UART_TxHalfCpltCallback
                0x08010280       0x14 ./Drivers/STM32L4xx_HAL_Driver/Src/stm32l4xx_hal_uart.o
                0x08010280                HAL_UART_TxHalfCpltCallback
 .text.HAL_UARTEx_RxEventCallback
                0x08010294       0x18 ./Drivers/STM32L4xx_HAL_Driver/Src/stm32l4xx_hal_uart.o
                0x08010294                HAL_UARTEx_RxEventCallback
 .text.UART_SetConfig
                0x080102ac      0x570 ./Drivers/STM32L4xx_HAL_Driver/Src/stm32l4xx_hal_uart.o
                0x080102ac                UART_SetConfig
 .text.UART_AdvFeatureConfig
                0x0801081c      0x144 ./Drivers/STM32L4xx_HAL_Driver/Src/stm32l4xx_hal_uart.o
                0x0801081c                UART_AdvFeatureConfig
 .text.UART_CheckIdleState
                0x08010960      0x150 ./Drivers/STM32L4xx_HAL_Driver/Src/stm32l4xx_hal_uart.o
                0x08010960                UART_CheckIdleState
 .text.UART_WaitOnFlagUntilTimeout
                0x08010ab0       0xda ./Drivers/STM32L4xx_HAL_Driver/Src/stm32l4xx_hal_uart.o
                0x08010ab0                UART_WaitOnFlagUntilTimeout
 *fill*         0x08010b8a        0x2 
 .text.UART_Start_Receive_DMA
                0x08010b8c      0x140 ./Drivers/STM32L4xx_HAL_Driver/Src/stm32l4xx_hal_uart.o
                0x08010b8c                UART_Start_Receive_DMA
 .text.UART_EndTxTransfer
                0x08010ccc       0x4c ./Drivers/STM32L4xx_HAL_Driver/Src/stm32l4xx_hal_uart.o
 .text.UART_EndRxTransfer
                0x08010d18       0xc8 ./Drivers/STM32L4xx_HAL_Driver/Src/stm32l4xx_hal_uart.o
 .text.UART_DMATransmitCplt
                0x08010de0       0x9a ./Drivers/STM32L4xx_HAL_Driver/Src/stm32l4xx_hal_uart.o
 .text.UART_DMATxHalfCplt
                0x08010e7a       0x1c ./Drivers/STM32L4xx_HAL_Driver/Src/stm32l4xx_hal_uart.o
 .text.UART_DMAReceiveCplt
                0x08010e96      0x12c ./Drivers/STM32L4xx_HAL_Driver/Src/stm32l4xx_hal_uart.o
 .text.UART_DMARxHalfCplt
                0x08010fc2       0x3e ./Drivers/STM32L4xx_HAL_Driver/Src/stm32l4xx_hal_uart.o
 .text.UART_DMAError
                0x08011000       0x7e ./Drivers/STM32L4xx_HAL_Driver/Src/stm32l4xx_hal_uart.o
 .text.UART_DMAAbortOnError
                0x0801107e       0x2c ./Drivers/STM32L4xx_HAL_Driver/Src/stm32l4xx_hal_uart.o
 .text.UART_EndTransmit_IT
                0x080110aa       0x54 ./Drivers/STM32L4xx_HAL_Driver/Src/stm32l4xx_hal_uart.o
 .text.HAL_RS485Ex_Init
                0x080110fe       0xce ./Drivers/STM32L4xx_HAL_Driver/Src/stm32l4xx_hal_uart_ex.o
                0x080110fe                HAL_RS485Ex_Init
 .text.HAL_UARTEx_WakeupCallback
                0x080111cc       0x14 ./Drivers/STM32L4xx_HAL_Driver/Src/stm32l4xx_hal_uart_ex.o
                0x080111cc                HAL_UARTEx_WakeupCallback
 .text.memset   0x080111e0       0x10 D:/tool/STM32CubeIDE_1.18.1/STM32CubeIDE/plugins/com.st.stm32cube.ide.mcu.externaltools.gnu-tools-for-stm32.13.3.rel1.win32_1.0.0.202411081344/tools/bin/../lib/gcc/arm-none-eabi/13.3.1/../../../../arm-none-eabi/lib/thumb/v7e-m+fp/hard\libc_nano.a(libc_a-memset.o)
                0x080111e0                memset
 .text.__errno  0x080111f0        0xc D:/tool/STM32CubeIDE_1.18.1/STM32CubeIDE/plugins/com.st.stm32cube.ide.mcu.externaltools.gnu-tools-for-stm32.13.3.rel1.win32_1.0.0.202411081344/tools/bin/../lib/gcc/arm-none-eabi/13.3.1/../../../../arm-none-eabi/lib/thumb/v7e-m+fp/hard\libc_nano.a(libc_a-errno.o)
                0x080111f0                __errno
 .text.__libc_init_array
                0x080111fc       0x48 D:/tool/STM32CubeIDE_1.18.1/STM32CubeIDE/plugins/com.st.stm32cube.ide.mcu.externaltools.gnu-tools-for-stm32.13.3.rel1.win32_1.0.0.202411081344/tools/bin/../lib/gcc/arm-none-eabi/13.3.1/../../../../arm-none-eabi/lib/thumb/v7e-m+fp/hard\libc_nano.a(libc_a-init.o)
                0x080111fc                __libc_init_array
 .text.memcpy   0x08011244       0x1c D:/tool/STM32CubeIDE_1.18.1/STM32CubeIDE/plugins/com.st.stm32cube.ide.mcu.externaltools.gnu-tools-for-stm32.13.3.rel1.win32_1.0.0.202411081344/tools/bin/../lib/gcc/arm-none-eabi/13.3.1/../../../../arm-none-eabi/lib/thumb/v7e-m+fp/hard\libc_nano.a(libc_a-memcpy-stub.o)
                0x08011244                memcpy
 .text.sqrtf    0x08011260       0x3c D:/tool/STM32CubeIDE_1.18.1/STM32CubeIDE/plugins/com.st.stm32cube.ide.mcu.externaltools.gnu-tools-for-stm32.13.3.rel1.win32_1.0.0.202411081344/tools/bin/../lib/gcc/arm-none-eabi/13.3.1/../../../../arm-none-eabi/lib/thumb/v7e-m+fp/hard\libm.a(libm_a-wf_sqrt.o)
                0x08011260                sqrtf
 .text.__ieee754_sqrtf
                0x0801129c        0x6 D:/tool/STM32CubeIDE_1.18.1/STM32CubeIDE/plugins/com.st.stm32cube.ide.mcu.externaltools.gnu-tools-for-stm32.13.3.rel1.win32_1.0.0.202411081344/tools/bin/../lib/gcc/arm-none-eabi/13.3.1/../../../../arm-none-eabi/lib/thumb/v7e-m+fp/hard\libm.a(libm_a-ef_sqrt.o)
                0x0801129c                __ieee754_sqrtf
 *(.glue_7)
 .glue_7        0x080112a2        0x0 linker stubs
 *(.glue_7t)
 .glue_7t       0x080112a2        0x0 linker stubs
 *(.eh_frame)
 *fill*         0x080112a2        0x2 
 .eh_frame      0x080112a4        0x0 D:/tool/STM32CubeIDE_1.18.1/STM32CubeIDE/plugins/com.st.stm32cube.ide.mcu.externaltools.gnu-tools-for-stm32.13.3.rel1.win32_1.0.0.202411081344/tools/bin/../lib/gcc/arm-none-eabi/13.3.1/thumb/v7e-m+fp/hard/crtbegin.o
 *(.init)
 .init          0x080112a4        0x4 D:/tool/STM32CubeIDE_1.18.1/STM32CubeIDE/plugins/com.st.stm32cube.ide.mcu.externaltools.gnu-tools-for-stm32.13.3.rel1.win32_1.0.0.202411081344/tools/bin/../lib/gcc/arm-none-eabi/13.3.1/thumb/v7e-m+fp/hard/crti.o
                0x080112a4                _init
 .init          0x080112a8        0x8 D:/tool/STM32CubeIDE_1.18.1/STM32CubeIDE/plugins/com.st.stm32cube.ide.mcu.externaltools.gnu-tools-for-stm32.13.3.rel1.win32_1.0.0.202411081344/tools/bin/../lib/gcc/arm-none-eabi/13.3.1/thumb/v7e-m+fp/hard/crtn.o
 *(.fini)
 .fini          0x080112b0        0x4 D:/tool/STM32CubeIDE_1.18.1/STM32CubeIDE/plugins/com.st.stm32cube.ide.mcu.externaltools.gnu-tools-for-stm32.13.3.rel1.win32_1.0.0.202411081344/tools/bin/../lib/gcc/arm-none-eabi/13.3.1/thumb/v7e-m+fp/hard/crti.o
                0x080112b0                _fini
 .fini          0x080112b4        0x8 D:/tool/STM32CubeIDE_1.18.1/STM32CubeIDE/plugins/com.st.stm32cube.ide.mcu.externaltools.gnu-tools-for-stm32.13.3.rel1.win32_1.0.0.202411081344/tools/bin/../lib/gcc/arm-none-eabi/13.3.1/thumb/v7e-m+fp/hard/crtn.o
                0x080112bc                        . = ALIGN (0x4)
                0x080112bc                        _etext = .

.vfp11_veneer   0x080112bc        0x0
 .vfp11_veneer  0x080112bc        0x0 linker stubs

.v4_bx          0x080112bc        0x0
 .v4_bx         0x080112bc        0x0 linker stubs

.iplt           0x080112bc        0x0
 .iplt          0x080112bc        0x0 D:/tool/STM32CubeIDE_1.18.1/STM32CubeIDE/plugins/com.st.stm32cube.ide.mcu.externaltools.gnu-tools-for-stm32.13.3.rel1.win32_1.0.0.202411081344/tools/bin/../lib/gcc/arm-none-eabi/13.3.1/thumb/v7e-m+fp/hard/crtbegin.o

.rodata         0x080112bc      0xa70
                0x080112bc                        . = ALIGN (0x4)
 *(.rodata)
 .rodata        0x080112bc       0x24 ./APP/battery.o
 *(.rodata*)
 .rodata.sinTable_f32
                0x080112e0      0x804 ./Common/util.o
 .rodata.crc16_table
                0x08011ae4      0x200 ./Common/util.o
 .rodata.AHBPrescTable
                0x08011ce4       0x10 ./Core/Src/system_stm32l4xx.o
                0x08011ce4                AHBPrescTable
 .rodata.APBPrescTable
                0x08011cf4        0x8 ./Core/Src/system_stm32l4xx.o
                0x08011cf4                APBPrescTable
 .rodata.MSIRangeTable
                0x08011cfc       0x30 ./Core/Src/system_stm32l4xx.o
                0x08011cfc                MSIRangeTable
                0x08011d2c                        . = ALIGN (0x4)

.ARM.extab      0x08011d2c        0x0
                0x08011d2c                        . = ALIGN (0x4)
 *(.ARM.extab* .gnu.linkonce.armextab.*)
                0x08011d2c                        . = ALIGN (0x4)

.ARM            0x08011d2c        0x8
                0x08011d2c                        . = ALIGN (0x4)
                0x08011d2c                        __exidx_start = .
 *(.ARM.exidx*)
 .ARM.exidx     0x08011d2c        0x8 D:/tool/STM32CubeIDE_1.18.1/STM32CubeIDE/plugins/com.st.stm32cube.ide.mcu.externaltools.gnu-tools-for-stm32.13.3.rel1.win32_1.0.0.202411081344/tools/bin/../lib/gcc/arm-none-eabi/13.3.1/thumb/v7e-m+fp/hard\libgcc.a(_udivmoddi4.o)
                0x08011d34                        __exidx_end = .
                0x08011d34                        . = ALIGN (0x4)

.preinit_array  0x08011d34        0x0
                0x08011d34                        . = ALIGN (0x4)
                0x08011d34                        PROVIDE (__preinit_array_start = .)
 *(.preinit_array*)
                0x08011d34                        PROVIDE (__preinit_array_end = .)
                0x08011d34                        . = ALIGN (0x4)

.init_array     0x08011d34        0x4
                0x08011d34                        . = ALIGN (0x4)
                0x08011d34                        PROVIDE (__init_array_start = .)
 *(SORT_BY_NAME(.init_array.*))
 *(.init_array*)
 .init_array    0x08011d34        0x4 D:/tool/STM32CubeIDE_1.18.1/STM32CubeIDE/plugins/com.st.stm32cube.ide.mcu.externaltools.gnu-tools-for-stm32.13.3.rel1.win32_1.0.0.202411081344/tools/bin/../lib/gcc/arm-none-eabi/13.3.1/thumb/v7e-m+fp/hard/crtbegin.o
                0x08011d38                        PROVIDE (__init_array_end = .)
                0x08011d38                        . = ALIGN (0x4)

.fini_array     0x08011d38        0x4
                0x08011d38                        . = ALIGN (0x4)
                [!provide]                        PROVIDE (__fini_array_start = .)
 *(SORT_BY_NAME(.fini_array.*))
 *(.fini_array*)
 .fini_array    0x08011d38        0x4 D:/tool/STM32CubeIDE_1.18.1/STM32CubeIDE/plugins/com.st.stm32cube.ide.mcu.externaltools.gnu-tools-for-stm32.13.3.rel1.win32_1.0.0.202411081344/tools/bin/../lib/gcc/arm-none-eabi/13.3.1/thumb/v7e-m+fp/hard/crtbegin.o
                [!provide]                        PROVIDE (__fini_array_end = .)
                0x08011d3c                        . = ALIGN (0x4)
                0x08011d3c                        _sidata = LOADADDR (.data)

.rel.dyn        0x08011d3c        0x0
 .rel.iplt      0x08011d3c        0x0 D:/tool/STM32CubeIDE_1.18.1/STM32CubeIDE/plugins/com.st.stm32cube.ide.mcu.externaltools.gnu-tools-for-stm32.13.3.rel1.win32_1.0.0.202411081344/tools/bin/../lib/gcc/arm-none-eabi/13.3.1/thumb/v7e-m+fp/hard/crtbegin.o

.data           0x20000000     0x1a14 load address 0x08011d3c
                0x20000000                        . = ALIGN (0x4)
                0x20000000                        _sdata = .
 *(.data)
 *(.data*)
 .data.crc8_table_static
                0x20000000      0x100 ./Common/util.o
 .data.motor    0x20000100     0x18b8 ./Core/Src/main.o
                0x20000100                motor
 .data.SystemCoreClock
                0x200019b8        0x4 ./Core/Src/system_stm32l4xx.o
                0x200019b8                SystemCoreClock
 .data.uwTickPrio
                0x200019bc        0x4 ./Drivers/STM32L4xx_HAL_Driver/Src/stm32l4xx_hal.o
                0x200019bc                uwTickPrio
 .data.uwTickFreq
                0x200019c0        0x1 ./Drivers/STM32L4xx_HAL_Driver/Src/stm32l4xx_hal.o
                0x200019c0                uwTickFreq
 *fill*         0x200019c1        0x3 
 .data._impure_ptr
                0x200019c4        0x4 D:/tool/STM32CubeIDE_1.18.1/STM32CubeIDE/plugins/com.st.stm32cube.ide.mcu.externaltools.gnu-tools-for-stm32.13.3.rel1.win32_1.0.0.202411081344/tools/bin/../lib/gcc/arm-none-eabi/13.3.1/../../../../arm-none-eabi/lib/thumb/v7e-m+fp/hard\libc_nano.a(libc_a-impure.o)
                0x200019c4                _impure_ptr
 .data._impure_data
                0x200019c8       0x4c D:/tool/STM32CubeIDE_1.18.1/STM32CubeIDE/plugins/com.st.stm32cube.ide.mcu.externaltools.gnu-tools-for-stm32.13.3.rel1.win32_1.0.0.202411081344/tools/bin/../lib/gcc/arm-none-eabi/13.3.1/../../../../arm-none-eabi/lib/thumb/v7e-m+fp/hard\libc_nano.a(libc_a-impure.o)
                0x200019c8                _impure_data
 *(.RamFunc)
 *(.RamFunc*)
                0x20001a14                        . = ALIGN (0x4)
                0x20001a14                        _edata = .

.igot.plt       0x20001a14        0x0 load address 0x08013750
 .igot.plt      0x20001a14        0x0 D:/tool/STM32CubeIDE_1.18.1/STM32CubeIDE/plugins/com.st.stm32cube.ide.mcu.externaltools.gnu-tools-for-stm32.13.3.rel1.win32_1.0.0.202411081344/tools/bin/../lib/gcc/arm-none-eabi/13.3.1/thumb/v7e-m+fp/hard/crtbegin.o
                0x20001a14                        . = ALIGN (0x4)

.bss            0x20001a18      0x9bc load address 0x08013750
                0x20001a18                        _sbss = .
                0x20001a18                        __bss_start__ = _sbss
 *(.bss)
 .bss           0x20001a18       0x1c D:/tool/STM32CubeIDE_1.18.1/STM32CubeIDE/plugins/com.st.stm32cube.ide.mcu.externaltools.gnu-tools-for-stm32.13.3.rel1.win32_1.0.0.202411081344/tools/bin/../lib/gcc/arm-none-eabi/13.3.1/thumb/v7e-m+fp/hard/crtbegin.o
 *(.bss*)
 .bss.test_mod_scalefactor
                0x20001a34        0x4 ./APP/foc.o
                0x20001a34                test_mod_scalefactor
 .bss.test_err_iq
                0x20001a38        0x4 ./APP/foc.o
                0x20001a38                test_err_iq
 .bss.test_err_id
                0x20001a3c        0x4 ./APP/foc.o
                0x20001a3c                test_err_id
 .bss.duty_a    0x20001a40        0x4 ./BSP/bsp_tim.o
                0x20001a40                duty_a
 .bss.duty_b    0x20001a44        0x4 ./BSP/bsp_tim.o
                0x20001a44                duty_b
 .bss.duty_c    0x20001a48        0x4 ./BSP/bsp_tim.o
                0x20001a48                duty_c
 .bss.usart1_dma_rx_buf
                0x20001a4c      0x100 ./BSP/bsp_usart.o
                0x20001a4c                usart1_dma_rx_buf
 .bss.usart2_dma_rx_buf
                0x20001b4c      0x200 ./BSP/bsp_usart.o
                0x20001b4c                usart2_dma_rx_buf
 .bss.usart3_dma_rx_buf
                0x20001d4c      0x100 ./BSP/bsp_usart.o
                0x20001d4c                usart3_dma_rx_buf
 .bss.hadc1     0x20001e4c       0x68 ./Core/Src/adc.o
                0x20001e4c                hadc1
 *fill*         0x20001eb4        0x4 
 .bss.TasktickCount
                0x20001eb8        0x8 ./Core/Src/main.o
                0x20001eb8                TasktickCount
 .bss.SystickCount
                0x20001ec0        0x4 ./Core/Src/main.o
                0x20001ec0                SystickCount
 *fill*         0x20001ec4        0x4 
 .bss.App_period_1ms
                0x20001ec8        0x8 ./Core/Src/main.o
                0x20001ec8                App_period_1ms
 .bss.App_period_5ms
                0x20001ed0        0x8 ./Core/Src/main.o
                0x20001ed0                App_period_5ms
 .bss.App_period_1s
                0x20001ed8        0x8 ./Core/Src/main.o
                0x20001ed8                App_period_1s
 .bss.hrtc      0x20001ee0       0x24 ./Core/Src/rtc.o
                0x20001ee0                hrtc
 .bss.htim1     0x20001f04       0x4c ./Core/Src/tim.o
                0x20001f04                htim1
 .bss.huart1    0x20001f50       0x88 ./Core/Src/usart.o
                0x20001f50                huart1
 .bss.huart2    0x20001fd8       0x88 ./Core/Src/usart.o
                0x20001fd8                huart2
 .bss.huart3    0x20002060       0x88 ./Core/Src/usart.o
                0x20002060                huart3
 .bss.hdma_usart1_rx
                0x200020e8       0x48 ./Core/Src/usart.o
                0x200020e8                hdma_usart1_rx
 .bss.hdma_usart1_tx
                0x20002130       0x48 ./Core/Src/usart.o
                0x20002130                hdma_usart1_tx
 .bss.hdma_usart2_rx
                0x20002178       0x48 ./Core/Src/usart.o
                0x20002178                hdma_usart2_rx
 .bss.hdma_usart2_tx
                0x200021c0       0x48 ./Core/Src/usart.o
                0x200021c0                hdma_usart2_tx
 .bss.hdma_usart3_rx
                0x20002208       0x48 ./Core/Src/usart.o
                0x20002208                hdma_usart3_rx
 .bss.hdma_usart3_tx
                0x20002250       0x48 ./Core/Src/usart.o
                0x20002250                hdma_usart3_tx
 .bss.uwTick    0x20002298        0x4 ./Drivers/STM32L4xx_HAL_Driver/Src/stm32l4xx_hal.o
                0x20002298                uwTick
 .bss.__sf      0x2000229c      0x138 D:/tool/STM32CubeIDE_1.18.1/STM32CubeIDE/plugins/com.st.stm32cube.ide.mcu.externaltools.gnu-tools-for-stm32.13.3.rel1.win32_1.0.0.202411081344/tools/bin/../lib/gcc/arm-none-eabi/13.3.1/../../../../arm-none-eabi/lib/thumb/v7e-m+fp/hard\libc_nano.a(libc_a-findfp.o)
                0x2000229c                __sf
 *(COMMON)
                0x200023d4                        . = ALIGN (0x4)
                0x200023d4                        _ebss = .
                0x200023d4                        __bss_end__ = _ebss

._user_heap_stack
                0x200023d4      0x604 load address 0x08013750
                0x200023d8                        . = ALIGN (0x8)
 *fill*         0x200023d4        0x4 
                [!provide]                        PROVIDE (end = .)
                0x200023d8                        PROVIDE (_end = .)
                0x200025d8                        . = (. + _Min_Heap_Size)
 *fill*         0x200023d8      0x200 
                0x200029d8                        . = (. + _Min_Stack_Size)
 *fill*         0x200025d8      0x400 
                0x200029d8                        . = ALIGN (0x8)

/DISCARD/
 libc.a(*)
 libm.a(*)
 libgcc.a(*)

.ARM.attributes
                0x00000000       0x30
 *(.ARM.attributes)
 .ARM.attributes
                0x00000000       0x22 D:/tool/STM32CubeIDE_1.18.1/STM32CubeIDE/plugins/com.st.stm32cube.ide.mcu.externaltools.gnu-tools-for-stm32.13.3.rel1.win32_1.0.0.202411081344/tools/bin/../lib/gcc/arm-none-eabi/13.3.1/thumb/v7e-m+fp/hard/crti.o
 .ARM.attributes
                0x00000022       0x34 D:/tool/STM32CubeIDE_1.18.1/STM32CubeIDE/plugins/com.st.stm32cube.ide.mcu.externaltools.gnu-tools-for-stm32.13.3.rel1.win32_1.0.0.202411081344/tools/bin/../lib/gcc/arm-none-eabi/13.3.1/thumb/v7e-m+fp/hard/crtbegin.o
 .ARM.attributes
                0x00000056       0x34 ./APP/battery.o
 .ARM.attributes
                0x0000008a       0x34 ./APP/calibration.o
 .ARM.attributes
                0x000000be       0x34 ./APP/controller.o
 .ARM.attributes
                0x000000f2       0x34 ./APP/encoder.o
 .ARM.attributes
                0x00000126       0x34 ./APP/foc.o
 .ARM.attributes
                0x0000015a       0x34 ./APP/main_communication.o
 .ARM.attributes
                0x0000018e       0x34 ./APP/open_loop.o
 .ARM.attributes
                0x000001c2       0x34 ./APP/task.o
 .ARM.attributes
                0x000001f6       0x34 ./APP/trap_traj.o
 .ARM.attributes
                0x0000022a       0x34 ./APP/usr_config.o
 .ARM.attributes
                0x0000025e       0x34 ./APP/zero_cailbration.o
 .ARM.attributes
                0x00000292       0x34 ./BSP/bsp_adc.o
 .ARM.attributes
                0x000002c6       0x34 ./BSP/bsp_gpio.o
 .ARM.attributes
                0x000002fa       0x34 ./BSP/bsp_tim.o
 .ARM.attributes
                0x0000032e       0x34 ./BSP/bsp_usart.o
 .ARM.attributes
                0x00000362       0x34 ./BSP/dwt.o
 .ARM.attributes
                0x00000396       0x34 ./Common/util.o
 .ARM.attributes
                0x000003ca       0x34 ./Core/Src/adc.o
 .ARM.attributes
                0x000003fe       0x34 ./Core/Src/dma.o
 .ARM.attributes
                0x00000432       0x34 ./Core/Src/gpio.o
 .ARM.attributes
                0x00000466       0x34 ./Core/Src/main.o
 .ARM.attributes
                0x0000049a       0x34 ./Core/Src/rtc.o
 .ARM.attributes
                0x000004ce       0x34 ./Core/Src/stm32l4xx_hal_msp.o
 .ARM.attributes
                0x00000502       0x34 ./Core/Src/stm32l4xx_it.o
 .ARM.attributes
                0x00000536       0x34 ./Core/Src/system_stm32l4xx.o
 .ARM.attributes
                0x0000056a       0x34 ./Core/Src/tim.o
 .ARM.attributes
                0x0000059e       0x34 ./Core/Src/usart.o
 .ARM.attributes
                0x000005d2       0x21 ./Core/Startup/startup_stm32l496rgtx.o
 .ARM.attributes
                0x000005f3       0x34 ./Drivers/STM32L4xx_HAL_Driver/Src/stm32l4xx_hal.o
 .ARM.attributes
                0x00000627       0x34 ./Drivers/STM32L4xx_HAL_Driver/Src/stm32l4xx_hal_adc.o
 .ARM.attributes
                0x0000065b       0x34 ./Drivers/STM32L4xx_HAL_Driver/Src/stm32l4xx_hal_adc_ex.o
 .ARM.attributes
                0x0000068f       0x34 ./Drivers/STM32L4xx_HAL_Driver/Src/stm32l4xx_hal_cortex.o
 .ARM.attributes
                0x000006c3       0x34 ./Drivers/STM32L4xx_HAL_Driver/Src/stm32l4xx_hal_dma.o
 .ARM.attributes
                0x000006f7       0x34 ./Drivers/STM32L4xx_HAL_Driver/Src/stm32l4xx_hal_gpio.o
 .ARM.attributes
                0x0000072b       0x34 ./Drivers/STM32L4xx_HAL_Driver/Src/stm32l4xx_hal_pwr_ex.o
 .ARM.attributes
                0x0000075f       0x34 ./Drivers/STM32L4xx_HAL_Driver/Src/stm32l4xx_hal_rcc.o
 .ARM.attributes
                0x00000793       0x34 ./Drivers/STM32L4xx_HAL_Driver/Src/stm32l4xx_hal_rcc_ex.o
 .ARM.attributes
                0x000007c7       0x34 ./Drivers/STM32L4xx_HAL_Driver/Src/stm32l4xx_hal_rtc.o
 .ARM.attributes
                0x000007fb       0x34 ./Drivers/STM32L4xx_HAL_Driver/Src/stm32l4xx_hal_tim.o
 .ARM.attributes
                0x0000082f       0x34 ./Drivers/STM32L4xx_HAL_Driver/Src/stm32l4xx_hal_tim_ex.o
 .ARM.attributes
                0x00000863       0x34 ./Drivers/STM32L4xx_HAL_Driver/Src/stm32l4xx_hal_uart.o
 .ARM.attributes
                0x00000897       0x34 ./Drivers/STM32L4xx_HAL_Driver/Src/stm32l4xx_hal_uart_ex.o
 .ARM.attributes
                0x000008cb       0x34 D:/tool/STM32CubeIDE_1.18.1/STM32CubeIDE/plugins/com.st.stm32cube.ide.mcu.externaltools.gnu-tools-for-stm32.13.3.rel1.win32_1.0.0.202411081344/tools/bin/../lib/gcc/arm-none-eabi/13.3.1/../../../../arm-none-eabi/lib/thumb/v7e-m+fp/hard\libc_nano.a(libc_a-findfp.o)
 .ARM.attributes
                0x000008ff       0x34 D:/tool/STM32CubeIDE_1.18.1/STM32CubeIDE/plugins/com.st.stm32cube.ide.mcu.externaltools.gnu-tools-for-stm32.13.3.rel1.win32_1.0.0.202411081344/tools/bin/../lib/gcc/arm-none-eabi/13.3.1/../../../../arm-none-eabi/lib/thumb/v7e-m+fp/hard\libc_nano.a(libc_a-memset.o)
 .ARM.attributes
                0x00000933       0x34 D:/tool/STM32CubeIDE_1.18.1/STM32CubeIDE/plugins/com.st.stm32cube.ide.mcu.externaltools.gnu-tools-for-stm32.13.3.rel1.win32_1.0.0.202411081344/tools/bin/../lib/gcc/arm-none-eabi/13.3.1/../../../../arm-none-eabi/lib/thumb/v7e-m+fp/hard\libc_nano.a(libc_a-impure.o)
 .ARM.attributes
                0x00000967       0x34 D:/tool/STM32CubeIDE_1.18.1/STM32CubeIDE/plugins/com.st.stm32cube.ide.mcu.externaltools.gnu-tools-for-stm32.13.3.rel1.win32_1.0.0.202411081344/tools/bin/../lib/gcc/arm-none-eabi/13.3.1/../../../../arm-none-eabi/lib/thumb/v7e-m+fp/hard\libc_nano.a(libc_a-errno.o)
 .ARM.attributes
                0x0000099b       0x34 D:/tool/STM32CubeIDE_1.18.1/STM32CubeIDE/plugins/com.st.stm32cube.ide.mcu.externaltools.gnu-tools-for-stm32.13.3.rel1.win32_1.0.0.202411081344/tools/bin/../lib/gcc/arm-none-eabi/13.3.1/../../../../arm-none-eabi/lib/thumb/v7e-m+fp/hard\libc_nano.a(libc_a-init.o)
 .ARM.attributes
                0x000009cf       0x34 D:/tool/STM32CubeIDE_1.18.1/STM32CubeIDE/plugins/com.st.stm32cube.ide.mcu.externaltools.gnu-tools-for-stm32.13.3.rel1.win32_1.0.0.202411081344/tools/bin/../lib/gcc/arm-none-eabi/13.3.1/../../../../arm-none-eabi/lib/thumb/v7e-m+fp/hard\libc_nano.a(libc_a-memcpy-stub.o)
 .ARM.attributes
                0x00000a03       0x34 D:/tool/STM32CubeIDE_1.18.1/STM32CubeIDE/plugins/com.st.stm32cube.ide.mcu.externaltools.gnu-tools-for-stm32.13.3.rel1.win32_1.0.0.202411081344/tools/bin/../lib/gcc/arm-none-eabi/13.3.1/../../../../arm-none-eabi/lib/thumb/v7e-m+fp/hard\libm.a(libm_a-wf_sqrt.o)
 .ARM.attributes
                0x00000a37       0x34 D:/tool/STM32CubeIDE_1.18.1/STM32CubeIDE/plugins/com.st.stm32cube.ide.mcu.externaltools.gnu-tools-for-stm32.13.3.rel1.win32_1.0.0.202411081344/tools/bin/../lib/gcc/arm-none-eabi/13.3.1/../../../../arm-none-eabi/lib/thumb/v7e-m+fp/hard\libm.a(libm_a-ef_sqrt.o)
 .ARM.attributes
                0x00000a6b       0x22 D:/tool/STM32CubeIDE_1.18.1/STM32CubeIDE/plugins/com.st.stm32cube.ide.mcu.externaltools.gnu-tools-for-stm32.13.3.rel1.win32_1.0.0.202411081344/tools/bin/../lib/gcc/arm-none-eabi/13.3.1/thumb/v7e-m+fp/hard\libgcc.a(_arm_addsubdf3.o)
 .ARM.attributes
                0x00000a8d       0x22 D:/tool/STM32CubeIDE_1.18.1/STM32CubeIDE/plugins/com.st.stm32cube.ide.mcu.externaltools.gnu-tools-for-stm32.13.3.rel1.win32_1.0.0.202411081344/tools/bin/../lib/gcc/arm-none-eabi/13.3.1/thumb/v7e-m+fp/hard\libgcc.a(_arm_muldivdf3.o)
 .ARM.attributes
                0x00000aaf       0x22 D:/tool/STM32CubeIDE_1.18.1/STM32CubeIDE/plugins/com.st.stm32cube.ide.mcu.externaltools.gnu-tools-for-stm32.13.3.rel1.win32_1.0.0.202411081344/tools/bin/../lib/gcc/arm-none-eabi/13.3.1/thumb/v7e-m+fp/hard\libgcc.a(_arm_cmpdf2.o)
 .ARM.attributes
                0x00000ad1       0x22 D:/tool/STM32CubeIDE_1.18.1/STM32CubeIDE/plugins/com.st.stm32cube.ide.mcu.externaltools.gnu-tools-for-stm32.13.3.rel1.win32_1.0.0.202411081344/tools/bin/../lib/gcc/arm-none-eabi/13.3.1/thumb/v7e-m+fp/hard\libgcc.a(_arm_truncdfsf2.o)
 .ARM.attributes
                0x00000af3       0x22 D:/tool/STM32CubeIDE_1.18.1/STM32CubeIDE/plugins/com.st.stm32cube.ide.mcu.externaltools.gnu-tools-for-stm32.13.3.rel1.win32_1.0.0.202411081344/tools/bin/../lib/gcc/arm-none-eabi/13.3.1/thumb/v7e-m+fp/hard\libgcc.a(_arm_addsubsf3.o)
 .ARM.attributes
                0x00000b15       0x22 D:/tool/STM32CubeIDE_1.18.1/STM32CubeIDE/plugins/com.st.stm32cube.ide.mcu.externaltools.gnu-tools-for-stm32.13.3.rel1.win32_1.0.0.202411081344/tools/bin/../lib/gcc/arm-none-eabi/13.3.1/thumb/v7e-m+fp/hard\libgcc.a(_aeabi_ldivmod.o)
 .ARM.attributes
                0x00000b37       0x22 D:/tool/STM32CubeIDE_1.18.1/STM32CubeIDE/plugins/com.st.stm32cube.ide.mcu.externaltools.gnu-tools-for-stm32.13.3.rel1.win32_1.0.0.202411081344/tools/bin/../lib/gcc/arm-none-eabi/13.3.1/thumb/v7e-m+fp/hard\libgcc.a(_aeabi_uldivmod.o)
 .ARM.attributes
                0x00000b59       0x34 D:/tool/STM32CubeIDE_1.18.1/STM32CubeIDE/plugins/com.st.stm32cube.ide.mcu.externaltools.gnu-tools-for-stm32.13.3.rel1.win32_1.0.0.202411081344/tools/bin/../lib/gcc/arm-none-eabi/13.3.1/thumb/v7e-m+fp/hard\libgcc.a(_udivmoddi4.o)
 .ARM.attributes
                0x00000b8d       0x22 D:/tool/STM32CubeIDE_1.18.1/STM32CubeIDE/plugins/com.st.stm32cube.ide.mcu.externaltools.gnu-tools-for-stm32.13.3.rel1.win32_1.0.0.202411081344/tools/bin/../lib/gcc/arm-none-eabi/13.3.1/thumb/v7e-m+fp/hard\libgcc.a(_dvmd_tls.o)
 .ARM.attributes
                0x00000baf       0x22 D:/tool/STM32CubeIDE_1.18.1/STM32CubeIDE/plugins/com.st.stm32cube.ide.mcu.externaltools.gnu-tools-for-stm32.13.3.rel1.win32_1.0.0.202411081344/tools/bin/../lib/gcc/arm-none-eabi/13.3.1/thumb/v7e-m+fp/hard/crtn.o
OUTPUT(huaiguanjie.elf elf32-littlearm)
LOAD linker stubs
LOAD D:/tool/STM32CubeIDE_1.18.1/STM32CubeIDE/plugins/com.st.stm32cube.ide.mcu.externaltools.gnu-tools-for-stm32.13.3.rel1.win32_1.0.0.202411081344/tools/bin/../lib/gcc/arm-none-eabi/13.3.1/../../../../arm-none-eabi/lib/thumb/v7e-m+fp/hard\libc.a
LOAD D:/tool/STM32CubeIDE_1.18.1/STM32CubeIDE/plugins/com.st.stm32cube.ide.mcu.externaltools.gnu-tools-for-stm32.13.3.rel1.win32_1.0.0.202411081344/tools/bin/../lib/gcc/arm-none-eabi/13.3.1/../../../../arm-none-eabi/lib/thumb/v7e-m+fp/hard\libm.a
LOAD D:/tool/STM32CubeIDE_1.18.1/STM32CubeIDE/plugins/com.st.stm32cube.ide.mcu.externaltools.gnu-tools-for-stm32.13.3.rel1.win32_1.0.0.202411081344/tools/bin/../lib/gcc/arm-none-eabi/13.3.1/thumb/v7e-m+fp/hard\libgcc.a

.debug_info     0x00000000    0x3c25a
 .debug_info    0x00000000      0xeee ./APP/battery.o
 .debug_info    0x00000eee     0x2b6d ./APP/calibration.o
 .debug_info    0x00003a5b     0x2c19 ./APP/controller.o
 .debug_info    0x00006674     0x2f73 ./APP/encoder.o
 .debug_info    0x000095e7     0x2d5a ./APP/foc.o
 .debug_info    0x0000c341     0x2fdf ./APP/main_communication.o
 .debug_info    0x0000f320     0x2a11 ./APP/open_loop.o
 .debug_info    0x00011d31     0x2ae1 ./APP/task.o
 .debug_info    0x00014812     0x2b0b ./APP/trap_traj.o
 .debug_info    0x0001731d      0x424 ./APP/usr_config.o
 .debug_info    0x00017741     0x2a28 ./APP/zero_cailbration.o
 .debug_info    0x0001a169     0x2b86 ./BSP/bsp_adc.o
 .debug_info    0x0001ccef      0x356 ./BSP/bsp_gpio.o
 .debug_info    0x0001d045      0x939 ./BSP/bsp_tim.o
 .debug_info    0x0001d97e     0x2aff ./BSP/bsp_usart.o
 .debug_info    0x0002047d      0x180 ./BSP/dwt.o
 .debug_info    0x000205fd      0xd14 ./Common/util.o
 .debug_info    0x00021311     0x12f0 ./Core/Src/adc.o
 .debug_info    0x00022601      0x56d ./Core/Src/dma.o
 .debug_info    0x00022b6e      0x49b ./Core/Src/gpio.o
 .debug_info    0x00023009     0x340b ./Core/Src/main.o
 .debug_info    0x00026414      0xa02 ./Core/Src/rtc.o
 .debug_info    0x00026e16      0x2ed ./Core/Src/stm32l4xx_hal_msp.o
 .debug_info    0x00027103      0xccd ./Core/Src/stm32l4xx_it.o
 .debug_info    0x00027dd0      0x5cd ./Core/Src/system_stm32l4xx.o
 .debug_info    0x0002839d      0xd4b ./Core/Src/tim.o
 .debug_info    0x000290e8     0x11b0 ./Core/Src/usart.o
 .debug_info    0x0002a298       0x30 ./Core/Startup/startup_stm32l496rgtx.o
 .debug_info    0x0002a2c8      0xb4b ./Drivers/STM32L4xx_HAL_Driver/Src/stm32l4xx_hal.o
 .debug_info    0x0002ae13     0x1dfb ./Drivers/STM32L4xx_HAL_Driver/Src/stm32l4xx_hal_adc.o
 .debug_info    0x0002cc0e     0x1b67 ./Drivers/STM32L4xx_HAL_Driver/Src/stm32l4xx_hal_adc_ex.o
 .debug_info    0x0002e775      0xdb7 ./Drivers/STM32L4xx_HAL_Driver/Src/stm32l4xx_hal_cortex.o
 .debug_info    0x0002f52c      0x6f4 ./Drivers/STM32L4xx_HAL_Driver/Src/stm32l4xx_hal_dma.o
 .debug_info    0x0002fc20      0x76f ./Drivers/STM32L4xx_HAL_Driver/Src/stm32l4xx_hal_gpio.o
 .debug_info    0x0003038f      0x996 ./Drivers/STM32L4xx_HAL_Driver/Src/stm32l4xx_hal_pwr_ex.o
 .debug_info    0x00030d25      0xc3b ./Drivers/STM32L4xx_HAL_Driver/Src/stm32l4xx_hal_rcc.o
 .debug_info    0x00031960     0x10c1 ./Drivers/STM32L4xx_HAL_Driver/Src/stm32l4xx_hal_rcc_ex.o
 .debug_info    0x00032a21      0xd7d ./Drivers/STM32L4xx_HAL_Driver/Src/stm32l4xx_hal_rtc.o
 .debug_info    0x0003379e     0x2a9a ./Drivers/STM32L4xx_HAL_Driver/Src/stm32l4xx_hal_tim.o
 .debug_info    0x00036238     0x169e ./Drivers/STM32L4xx_HAL_Driver/Src/stm32l4xx_hal_tim_ex.o
 .debug_info    0x000378d6     0x3b85 ./Drivers/STM32L4xx_HAL_Driver/Src/stm32l4xx_hal_uart.o
 .debug_info    0x0003b45b      0xdff ./Drivers/STM32L4xx_HAL_Driver/Src/stm32l4xx_hal_uart_ex.o

.debug_abbrev   0x00000000     0x5c51
 .debug_abbrev  0x00000000      0x287 ./APP/battery.o
 .debug_abbrev  0x00000287      0x2b2 ./APP/calibration.o
 .debug_abbrev  0x00000539      0x2d7 ./APP/controller.o
 .debug_abbrev  0x00000810      0x372 ./APP/encoder.o
 .debug_abbrev  0x00000b82      0x2ff ./APP/foc.o
 .debug_abbrev  0x00000e81      0x36d ./APP/main_communication.o
 .debug_abbrev  0x000011ee      0x272 ./APP/open_loop.o
 .debug_abbrev  0x00001460      0x2cf ./APP/task.o
 .debug_abbrev  0x0000172f      0x262 ./APP/trap_traj.o
 .debug_abbrev  0x00001991      0x10b ./APP/usr_config.o
 .debug_abbrev  0x00001a9c      0x260 ./APP/zero_cailbration.o
 .debug_abbrev  0x00001cfc      0x2f5 ./BSP/bsp_adc.o
 .debug_abbrev  0x00001ff1      0x13a ./BSP/bsp_gpio.o
 .debug_abbrev  0x0000212b      0x1eb ./BSP/bsp_tim.o
 .debug_abbrev  0x00002316      0x295 ./BSP/bsp_usart.o
 .debug_abbrev  0x000025ab       0xb3 ./BSP/dwt.o
 .debug_abbrev  0x0000265e      0x182 ./Common/util.o
 .debug_abbrev  0x000027e0      0x1f8 ./Core/Src/adc.o
 .debug_abbrev  0x000029d8       0xfc ./Core/Src/dma.o
 .debug_abbrev  0x00002ad4      0x152 ./Core/Src/gpio.o
 .debug_abbrev  0x00002c26      0x380 ./Core/Src/main.o
 .debug_abbrev  0x00002fa6      0x196 ./Core/Src/rtc.o
 .debug_abbrev  0x0000313c       0xc6 ./Core/Src/stm32l4xx_hal_msp.o
 .debug_abbrev  0x00003202      0x1d9 ./Core/Src/stm32l4xx_it.o
 .debug_abbrev  0x000033db      0x11a ./Core/Src/system_stm32l4xx.o
 .debug_abbrev  0x000034f5      0x219 ./Core/Src/tim.o
 .debug_abbrev  0x0000370e      0x252 ./Core/Src/usart.o
 .debug_abbrev  0x00003960       0x24 ./Core/Startup/startup_stm32l496rgtx.o
 .debug_abbrev  0x00003984      0x242 ./Drivers/STM32L4xx_HAL_Driver/Src/stm32l4xx_hal.o
 .debug_abbrev  0x00003bc6      0x2de ./Drivers/STM32L4xx_HAL_Driver/Src/stm32l4xx_hal_adc.o
 .debug_abbrev  0x00003ea4      0x2f1 ./Drivers/STM32L4xx_HAL_Driver/Src/stm32l4xx_hal_adc_ex.o
 .debug_abbrev  0x00004195      0x31c ./Drivers/STM32L4xx_HAL_Driver/Src/stm32l4xx_hal_cortex.o
 .debug_abbrev  0x000044b1      0x1e4 ./Drivers/STM32L4xx_HAL_Driver/Src/stm32l4xx_hal_dma.o
 .debug_abbrev  0x00004695      0x1cb ./Drivers/STM32L4xx_HAL_Driver/Src/stm32l4xx_hal_gpio.o
 .debug_abbrev  0x00004860      0x1f9 ./Drivers/STM32L4xx_HAL_Driver/Src/stm32l4xx_hal_pwr_ex.o
 .debug_abbrev  0x00004a59      0x2cb ./Drivers/STM32L4xx_HAL_Driver/Src/stm32l4xx_hal_rcc.o
 .debug_abbrev  0x00004d24      0x2a3 ./Drivers/STM32L4xx_HAL_Driver/Src/stm32l4xx_hal_rcc_ex.o
 .debug_abbrev  0x00004fc7      0x201 ./Drivers/STM32L4xx_HAL_Driver/Src/stm32l4xx_hal_rtc.o
 .debug_abbrev  0x000051c8      0x278 ./Drivers/STM32L4xx_HAL_Driver/Src/stm32l4xx_hal_tim.o
 .debug_abbrev  0x00005440      0x283 ./Drivers/STM32L4xx_HAL_Driver/Src/stm32l4xx_hal_tim_ex.o
 .debug_abbrev  0x000056c3      0x2d0 ./Drivers/STM32L4xx_HAL_Driver/Src/stm32l4xx_hal_uart.o
 .debug_abbrev  0x00005993      0x2be ./Drivers/STM32L4xx_HAL_Driver/Src/stm32l4xx_hal_uart_ex.o

.debug_aranges  0x00000000     0x1af0
 .debug_aranges
                0x00000000       0x88 ./APP/battery.o
 .debug_aranges
                0x00000088       0x30 ./APP/calibration.o
 .debug_aranges
                0x000000b8       0x48 ./APP/controller.o
 .debug_aranges
                0x00000100       0x78 ./APP/encoder.o
 .debug_aranges
                0x00000178       0x48 ./APP/foc.o
 .debug_aranges
                0x000001c0       0x78 ./APP/main_communication.o
 .debug_aranges
                0x00000238       0x30 ./APP/open_loop.o
 .debug_aranges
                0x00000268       0x60 ./APP/task.o
 .debug_aranges
                0x000002c8       0x28 ./APP/trap_traj.o
 .debug_aranges
                0x000002f0       0x40 ./APP/usr_config.o
 .debug_aranges
                0x00000330       0x30 ./APP/zero_cailbration.o
 .debug_aranges
                0x00000360       0x48 ./BSP/bsp_adc.o
 .debug_aranges
                0x000003a8       0x38 ./BSP/bsp_gpio.o
 .debug_aranges
                0x000003e0       0x50 ./BSP/bsp_tim.o
 .debug_aranges
                0x00000430       0x48 ./BSP/bsp_usart.o
 .debug_aranges
                0x00000478       0x38 ./BSP/dwt.o
 .debug_aranges
                0x000004b0       0xf0 ./Common/util.o
 .debug_aranges
                0x000005a0       0x30 ./Core/Src/adc.o
 .debug_aranges
                0x000005d0       0x20 ./Core/Src/dma.o
 .debug_aranges
                0x000005f0       0x20 ./Core/Src/gpio.o
 .debug_aranges
                0x00000610       0x38 ./Core/Src/main.o
 .debug_aranges
                0x00000648       0x30 ./Core/Src/rtc.o
 .debug_aranges
                0x00000678       0x20 ./Core/Src/stm32l4xx_hal_msp.o
 .debug_aranges
                0x00000698       0xb0 ./Core/Src/stm32l4xx_it.o
 .debug_aranges
                0x00000748       0x28 ./Core/Src/system_stm32l4xx.o
 .debug_aranges
                0x00000770       0x38 ./Core/Src/tim.o
 .debug_aranges
                0x000007a8       0x40 ./Core/Src/usart.o
 .debug_aranges
                0x000007e8       0x28 ./Core/Startup/startup_stm32l496rgtx.o
 .debug_aranges
                0x00000810      0x130 ./Drivers/STM32L4xx_HAL_Driver/Src/stm32l4xx_hal.o
 .debug_aranges
                0x00000940      0x228 ./Drivers/STM32L4xx_HAL_Driver/Src/stm32l4xx_hal_adc.o
 .debug_aranges