../Drivers/STM32L4xx_HAL_Driver/Src/stm32l4xx_hal_rtc.c:707:13:HAL_RTC_MspInit	0	static
../Drivers/STM32L4xx_HAL_Driver/Src/stm32l4xx_hal_rtc.c:722:13:HAL_RTC_MspDeInit	0	static
../Drivers/STM32L4xx_HAL_Driver/Src/stm32l4xx_hal_rtc.c:2123:19:HAL_RTC_DeactivateAlarm	16	static
../Drivers/STM32L4xx_HAL_Driver/Src/stm32l4xx_hal_rtc.c:2287:6:HAL_RTC_DST_Add1Hour	0	static
../Drivers/STM32L4xx_HAL_Driver/Src/stm32l4xx_hal_rtc.c:2300:6:HAL_RTC_DST_Sub1Hour	0	static
../Drivers/STM32L4xx_HAL_Driver/Src/stm32l4xx_hal_rtc.c:2313:6:HAL_RTC_DST_SetStoreOperation	0	static
../Drivers/STM32L4xx_HAL_Driver/Src/stm32l4xx_hal_rtc.c:2325:6:HAL_RTC_DST_ClearStoreOperation	0	static
../Drivers/STM32L4xx_HAL_Driver/Src/stm32l4xx_hal_rtc.c:2337:10:HAL_RTC_DST_ReadStoreOperation	0	static
../Drivers/STM32L4xx_HAL_Driver/Src/stm32l4xx_hal_rtc.c:2428:13:HAL_RTC_AlarmAEventCallback	0	static
../Drivers/STM32L4xx_HAL_Driver/Src/stm32l4xx_hal_rtc.c:2347:6:HAL_RTC_AlarmIRQHandler	8	static
../Drivers/STM32L4xx_HAL_Driver/Src/stm32l4xx_hal_rtc.c:2444:19:HAL_RTC_PollForAlarmAEvent	16	static
../Drivers/STM32L4xx_HAL_Driver/Src/stm32l4xx_hal_rtc.c:2503:19:HAL_RTC_WaitForSynchro	16	static
../Drivers/STM32L4xx_HAL_Driver/Src/stm32l4xx_hal_rtc.c:2559:21:HAL_RTC_GetState	0	static
../Drivers/STM32L4xx_HAL_Driver/Src/stm32l4xx_hal_rtc.c:2583:19:RTC_EnterInitMode	16	static
../Drivers/STM32L4xx_HAL_Driver/Src/stm32l4xx_hal_rtc.c:2633:19:RTC_ExitInitMode	16	static
../Drivers/STM32L4xx_HAL_Driver/Src/stm32l4xx_hal_rtc.c:246:19:HAL_RTC_Init	16	static
../Drivers/STM32L4xx_HAL_Driver/Src/stm32l4xx_hal_rtc.c:391:19:HAL_RTC_DeInit	16	static
../Drivers/STM32L4xx_HAL_Driver/Src/stm32l4xx_hal_rtc.c:2677:9:RTC_ByteToBcd2	0	static
../Drivers/STM32L4xx_HAL_Driver/Src/stm32l4xx_hal_rtc.c:1454:19:HAL_RTC_SetTime	24	static
../Drivers/STM32L4xx_HAL_Driver/Src/stm32l4xx_hal_rtc.c:1608:19:HAL_RTC_SetDate	24	static
../Drivers/STM32L4xx_HAL_Driver/Src/stm32l4xx_hal_rtc.c:1746:19:HAL_RTC_SetAlarm	32	static
../Drivers/STM32L4xx_HAL_Driver/Src/stm32l4xx_hal_rtc.c:1933:19:HAL_RTC_SetAlarm_IT	32	static
../Drivers/STM32L4xx_HAL_Driver/Src/stm32l4xx_hal_rtc.c:2696:9:RTC_Bcd2ToByte	0	static
../Drivers/STM32L4xx_HAL_Driver/Src/stm32l4xx_hal_rtc.c:1564:19:HAL_RTC_GetTime	16	static
../Drivers/STM32L4xx_HAL_Driver/Src/stm32l4xx_hal_rtc.c:1692:19:HAL_RTC_GetDate	16	static
../Drivers/STM32L4xx_HAL_Driver/Src/stm32l4xx_hal_rtc.c:2225:19:HAL_RTC_GetAlarm	24	static
