../Core/Src/stm32l4xx_it.c:78:6:NMI_Handler	4	static
../Core/Src/stm32l4xx_it.c:93:6:HardFault_Handler	4	static
../Core/Src/stm32l4xx_it.c:108:6:MemManage_Handler	4	static
../Core/Src/stm32l4xx_it.c:123:6:BusFault_Handler	4	static
../Core/Src/stm32l4xx_it.c:138:6:UsageFault_Handler	4	static
../Core/Src/stm32l4xx_it.c:153:6:SVC_Handler	4	static
../Core/Src/stm32l4xx_it.c:166:6:DebugMon_Handler	4	static
../Core/Src/stm32l4xx_it.c:179:6:PendSV_Handler	4	static
../Core/Src/stm32l4xx_it.c:192:6:SysTick_Handler	8	static
../Core/Src/stm32l4xx_it.c:214:6:DMA1_Channel2_IRQHandler	8	static
../Core/Src/stm32l4xx_it.c:228:6:DMA1_Channel3_IRQHandler	8	static
../Core/Src/stm32l4xx_it.c:242:6:DMA1_Channel4_IRQHandler	8	static
../Core/Src/stm32l4xx_it.c:256:6:DMA1_Channel5_IRQHandler	8	static
../Core/Src/stm32l4xx_it.c:270:6:DMA1_Channel6_IRQHandler	8	static
../Core/Src/stm32l4xx_it.c:284:6:DMA1_Channel7_IRQHandler	8	static
../Core/Src/stm32l4xx_it.c:298:6:ADC1_2_IRQHandler	8	static
../Core/Src/stm32l4xx_it.c:312:6:USART1_IRQHandler	8	static
../Core/Src/stm32l4xx_it.c:326:6:USART2_IRQHandler	8	static
../Core/Src/stm32l4xx_it.c:340:6:USART3_IRQHandler	8	static
