Archive member included to satisfy reference by file (symbol)

D:/tool/STM32CubeIDE_1.18.1/STM32CubeIDE/plugins/com.st.stm32cube.ide.mcu.externaltools.gnu-tools-for-stm32.13.3.rel1.win32_1.0.0.202411081344/tools/bin/../lib/gcc/arm-none-eabi/13.3.1/../../../../arm-none-eabi/lib/thumb/v7e-m+fp/hard\libc_nano.a(libc_a-exit.o)
                              D:/tool/STM32CubeIDE_1.18.1/STM32CubeIDE/plugins/com.st.stm32cube.ide.mcu.externaltools.gnu-tools-for-stm32.13.3.rel1.win32_1.0.0.202411081344/tools/bin/../lib/gcc/arm-none-eabi/13.3.1/../../../../arm-none-eabi/lib/thumb/v7e-m+fp/hard/crt0.o (exit)
D:/tool/STM32CubeIDE_1.18.1/STM32CubeIDE/plugins/com.st.stm32cube.ide.mcu.externaltools.gnu-tools-for-stm32.13.3.rel1.win32_1.0.0.202411081344/tools/bin/../lib/gcc/arm-none-eabi/13.3.1/../../../../arm-none-eabi/lib/thumb/v7e-m+fp/hard\libc_nano.a(libc_a-findfp.o)
                              D:/tool/STM32CubeIDE_1.18.1/STM32CubeIDE/plugins/com.st.stm32cube.ide.mcu.externaltools.gnu-tools-for-stm32.13.3.rel1.win32_1.0.0.202411081344/tools/bin/../lib/gcc/arm-none-eabi/13.3.1/../../../../arm-none-eabi/lib/thumb/v7e-m+fp/hard\libc_nano.a(libc_a-exit.o) (__stdio_exit_handler)
D:/tool/STM32CubeIDE_1.18.1/STM32CubeIDE/plugins/com.st.stm32cube.ide.mcu.externaltools.gnu-tools-for-stm32.13.3.rel1.win32_1.0.0.202411081344/tools/bin/../lib/gcc/arm-none-eabi/13.3.1/../../../../arm-none-eabi/lib/thumb/v7e-m+fp/hard\libc_nano.a(libc_a-fwalk.o)
                              D:/tool/STM32CubeIDE_1.18.1/STM32CubeIDE/plugins/com.st.stm32cube.ide.mcu.externaltools.gnu-tools-for-stm32.13.3.rel1.win32_1.0.0.202411081344/tools/bin/../lib/gcc/arm-none-eabi/13.3.1/../../../../arm-none-eabi/lib/thumb/v7e-m+fp/hard\libc_nano.a(libc_a-findfp.o) (_fwalk_sglue)
D:/tool/STM32CubeIDE_1.18.1/STM32CubeIDE/plugins/com.st.stm32cube.ide.mcu.externaltools.gnu-tools-for-stm32.13.3.rel1.win32_1.0.0.202411081344/tools/bin/../lib/gcc/arm-none-eabi/13.3.1/../../../../arm-none-eabi/lib/thumb/v7e-m+fp/hard\libc_nano.a(libc_a-stdio.o)
                              D:/tool/STM32CubeIDE_1.18.1/STM32CubeIDE/plugins/com.st.stm32cube.ide.mcu.externaltools.gnu-tools-for-stm32.13.3.rel1.win32_1.0.0.202411081344/tools/bin/../lib/gcc/arm-none-eabi/13.3.1/../../../../arm-none-eabi/lib/thumb/v7e-m+fp/hard\libc_nano.a(libc_a-findfp.o) (__sread)
D:/tool/STM32CubeIDE_1.18.1/STM32CubeIDE/plugins/com.st.stm32cube.ide.mcu.externaltools.gnu-tools-for-stm32.13.3.rel1.win32_1.0.0.202411081344/tools/bin/../lib/gcc/arm-none-eabi/13.3.1/../../../../arm-none-eabi/lib/thumb/v7e-m+fp/hard\libc_nano.a(libc_a-memset.o)
                              D:/tool/STM32CubeIDE_1.18.1/STM32CubeIDE/plugins/com.st.stm32cube.ide.mcu.externaltools.gnu-tools-for-stm32.13.3.rel1.win32_1.0.0.202411081344/tools/bin/../lib/gcc/arm-none-eabi/13.3.1/../../../../arm-none-eabi/lib/thumb/v7e-m+fp/hard/crt0.o (memset)
D:/tool/STM32CubeIDE_1.18.1/STM32CubeIDE/plugins/com.st.stm32cube.ide.mcu.externaltools.gnu-tools-for-stm32.13.3.rel1.win32_1.0.0.202411081344/tools/bin/../lib/gcc/arm-none-eabi/13.3.1/../../../../arm-none-eabi/lib/thumb/v7e-m+fp/hard\libc_nano.a(libc_a-closer.o)
                              D:/tool/STM32CubeIDE_1.18.1/STM32CubeIDE/plugins/com.st.stm32cube.ide.mcu.externaltools.gnu-tools-for-stm32.13.3.rel1.win32_1.0.0.202411081344/tools/bin/../lib/gcc/arm-none-eabi/13.3.1/../../../../arm-none-eabi/lib/thumb/v7e-m+fp/hard\libc_nano.a(libc_a-stdio.o) (_close_r)
D:/tool/STM32CubeIDE_1.18.1/STM32CubeIDE/plugins/com.st.stm32cube.ide.mcu.externaltools.gnu-tools-for-stm32.13.3.rel1.win32_1.0.0.202411081344/tools/bin/../lib/gcc/arm-none-eabi/13.3.1/../../../../arm-none-eabi/lib/thumb/v7e-m+fp/hard\libc_nano.a(libc_a-reent.o)
                              D:/tool/STM32CubeIDE_1.18.1/STM32CubeIDE/plugins/com.st.stm32cube.ide.mcu.externaltools.gnu-tools-for-stm32.13.3.rel1.win32_1.0.0.202411081344/tools/bin/../lib/gcc/arm-none-eabi/13.3.1/../../../../arm-none-eabi/lib/thumb/v7e-m+fp/hard\libc_nano.a(libc_a-closer.o) (errno)
D:/tool/STM32CubeIDE_1.18.1/STM32CubeIDE/plugins/com.st.stm32cube.ide.mcu.externaltools.gnu-tools-for-stm32.13.3.rel1.win32_1.0.0.202411081344/tools/bin/../lib/gcc/arm-none-eabi/13.3.1/../../../../arm-none-eabi/lib/thumb/v7e-m+fp/hard\libc_nano.a(libc_a-impure.o)
                              D:/tool/STM32CubeIDE_1.18.1/STM32CubeIDE/plugins/com.st.stm32cube.ide.mcu.externaltools.gnu-tools-for-stm32.13.3.rel1.win32_1.0.0.202411081344/tools/bin/../lib/gcc/arm-none-eabi/13.3.1/../../../../arm-none-eabi/lib/thumb/v7e-m+fp/hard\libc_nano.a(libc_a-reent.o) (_impure_ptr)
D:/tool/STM32CubeIDE_1.18.1/STM32CubeIDE/plugins/com.st.stm32cube.ide.mcu.externaltools.gnu-tools-for-stm32.13.3.rel1.win32_1.0.0.202411081344/tools/bin/../lib/gcc/arm-none-eabi/13.3.1/../../../../arm-none-eabi/lib/thumb/v7e-m+fp/hard\libc_nano.a(libc_a-lseekr.o)
[...]
Memory Configuration

Name             Origin             Length             Attributes
RAM              0x20000000         0x00040000         xrw
RAM2             0x10000000         0x00010000         xrw
FLASH            0x08000000         0x00100000         xr
*default*        0x00000000         0xffffffff

Linker script and memory map

LOAD D:/tool/STM32CubeIDE_1.18.1/STM32CubeIDE/plugins/com.st.stm32cube.ide.mcu.externaltools.gnu-tools-for-stm32.13.3.rel1.win32_1.0.0.202411081344/tools/bin/../lib/gcc/arm-none-eabi/13.3.1/thumb/v7e-m+fp/hard/crti.o
LOAD D:/tool/STM32CubeIDE_1.18.1/STM32CubeIDE/plugins/com.st.stm32cube.ide.mcu.externaltools.gnu-tools-for-stm32.13.3.rel1.win32_1.0.0.202411081344/tools/bin/../lib/gcc/arm-none-eabi/13.3.1/thumb/v7e-m+fp/hard/crtbegin.o
LOAD D:/tool/STM32CubeIDE_1.18.1/STM32CubeIDE/plugins/com.st.stm32cube.ide.mcu.externaltools.gnu-tools-for-stm32.13.3.rel1.win32_1.0.0.202411081344/tools/bin/../lib/gcc/arm-none-eabi/13.3.1/../../../../arm-none-eabi/lib/thumb/v7e-m+fp/hard/crt0.o
LOAD ./APP/calibration.o
LOAD ./APP/controller.o
LOAD ./APP/encoder.o
LOAD ./APP/foc.o
LOAD ./APP/noninductive_foc.o
LOAD ./APP/open_loop.o
LOAD ./APP/smo.o
LOAD ./APP/task.o
LOAD ./APP/trap_traj.o
LOAD ./APP/usr_config.o
LOAD ./BSP/bsp_adc.o
LOAD ./BSP/bsp_tim.o
LOAD ./Common/util.o
LOAD ./Core/Src/adc.o
LOAD ./Core/Src/gpio.o
LOAD ./Core/Src/main.o
LOAD ./Core/Src/rtc.o
LOAD ./Core/Src/stm32l4xx_hal_msp.o
LOAD ./Core/Src/stm32l4xx_it.o
LOAD ./Core/Src/syscalls.o
LOAD ./Core/Src/sysmem.o
LOAD ./Core/Src/system_stm32l4xx.o
LOAD ./Core/Src/tim.o
LOAD ./Core/Src/usart.o
LOAD ./Core/Startup/startup_stm32l496rgtx.o
LOAD ./Drivers/STM32L4xx_HAL_Driver/Src/stm32l4xx_hal.o
LOAD ./Drivers/STM32L4xx_HAL_Driver/Src/stm32l4xx_hal_adc.o
LOAD ./Drivers/STM32L4xx_HAL_Driver/Src/stm32l4xx_hal_adc_ex.o
LOAD ./Drivers/STM32L4xx_HAL_Driver/Src/stm32l4xx_hal_cortex.o
LOAD ./Drivers/STM32L4xx_HAL_Driver/Src/stm32l4xx_hal_dma.o
LOAD ./Drivers/STM32L4xx_HAL_Driver/Src/stm32l4xx_hal_dma_ex.o
LOAD ./Drivers/STM32L4xx_HAL_Driver/Src/stm32l4xx_hal_exti.o
LOAD ./Drivers/STM32L4xx_HAL_Driver/Src/stm32l4xx_hal_flash.o
LOAD ./Drivers/STM32L4xx_HAL_Driver/Src/stm32l4xx_hal_flash_ex.o
LOAD ./Drivers/STM32L4xx_HAL_Driver/Src/stm32l4xx_hal_flash_ramfunc.o
LOAD ./Drivers/STM32L4xx_HAL_Driver/Src/stm32l4xx_hal_gpio.o
LOAD ./Drivers/STM32L4xx_HAL_Driver/Src/stm32l4xx_hal_i2c.o
LOAD ./Drivers/STM32L4xx_HAL_Driver/Src/stm32l4xx_hal_i2c_ex.o
LOAD ./Drivers/STM32L4xx_HAL_Driver/Src/stm32l4xx_hal_pwr.o
LOAD ./Drivers/STM32L4xx_HAL_Driver/Src/stm32l4xx_hal_pwr_ex.o
LOAD ./Drivers/STM32L4xx_HAL_Driver/Src/stm32l4xx_hal_rcc.o
LOAD ./Drivers/STM32L4xx_HAL_Driver/Src/stm32l4xx_hal_rcc_ex.o
LOAD ./Drivers/STM32L4xx_HAL_Driver/Src/stm32l4xx_hal_rtc.o
LOAD ./Drivers/STM32L4xx_HAL_Driver/Src/stm32l4xx_hal_rtc_ex.o
LOAD ./Drivers/STM32L4xx_HAL_Driver/Src/stm32l4xx_hal_tim.o
LOAD ./Drivers/STM32L4xx_HAL_Driver/Src/stm32l4xx_hal_tim_ex.o
LOAD ./Drivers/STM32L4xx_HAL_Driver/Src/stm32l4xx_hal_uart.o
LOAD ./Drivers/STM32L4xx_HAL_Driver/Src/stm32l4xx_hal_uart_ex.o
START GROUP
LOAD D:/tool/STM32CubeIDE_1.18.1/STM32CubeIDE/plugins/com.st.stm32cube.ide.mcu.externaltools.gnu-tools-for-stm32.13.3.rel1.win32_1.0.0.202411081344/tools/bin/../lib/gcc/arm-none-eabi/13.3.1/../../../../arm-none-eabi/lib/thumb/v7e-m+fp/hard\libc_nano.a
LOAD D:/tool/STM32CubeIDE_1.18.1/STM32CubeIDE/plugins/com.st.stm32cube.ide.mcu.externaltools.gnu-tools-for-stm32.13.3.rel1.win32_1.0.0.202411081344/tools/bin/../lib/gcc/arm-none-eabi/13.3.1/../../../../arm-none-eabi/lib/thumb/v7e-m+fp/hard\libm.a
END GROUP
START GROUP
LOAD D:/tool/STM32CubeIDE_1.18.1/STM32CubeIDE/plugins/com.st.stm32cube.ide.mcu.externaltools.gnu-tools-for-stm32.13.3.rel1.win32_1.0.0.202411081344/tools/bin/../lib/gcc/arm-none-eabi/13.3.1/thumb/v7e-m+fp/hard\libgcc.a
LOAD D:/tool/STM32CubeIDE_1.18.1/STM32CubeIDE/plugins/com.st.stm32cube.ide.mcu.externaltools.gnu-tools-for-stm32.13.3.rel1.win32_1.0.0.202411081344/tools/bin/../lib/gcc/arm-none-eabi/13.3.1/../../../../arm-none-eabi/lib/thumb/v7e-m+fp/hard\libc_nano.a
END GROUP
START GROUP
LOAD D:/tool/STM32CubeIDE_1.18.1/STM32CubeIDE/plugins/com.st.stm32cube.ide.mcu.externaltools.gnu-tools-for-stm32.13.3.rel1.win32_1.0.0.202411081344/tools/bin/../lib/gcc/arm-none-eabi/13.3.1/thumb/v7e-m+fp/hard\libgcc.a
LOAD D:/tool/STM32CubeIDE_1.18.1/STM32CubeIDE/plugins/com.st.stm32cube.ide.mcu.externaltools.gnu-tools-for-stm32.13.3.rel1.win32_1.0.0.202411081344/tools/bin/../lib/gcc/arm-none-eabi/13.3.1/../../../../arm-none-eabi/lib/thumb/v7e-m+fp/hard\libc_nano.a
LOAD D:/tool/STM32CubeIDE_1.18.1/STM32CubeIDE/plugins/com.st.stm32cube.ide.mcu.externaltools.gnu-tools-for-stm32.13.3.rel1.win32_1.0.0.202411081344/tools/bin/../lib/gcc/arm-none-eabi/13.3.1/../../../../arm-none-eabi/lib/thumb/v7e-m+fp/hard\libnosys.a
END GROUP
START GROUP
LOAD D:/tool/STM32CubeIDE_1.18.1/STM32CubeIDE/plugins/com.st.stm32cube.ide.mcu.externaltools.gnu-tools-for-stm32.13.3.rel1.win32_1.0.0.202411081344/tools/bin/../lib/gcc/arm-none-eabi/13.3.1/thumb/v7e-m+fp/hard\libgcc.a
LOAD D:/tool/STM32CubeIDE_1.18.1/STM32CubeIDE/plugins/com.st.stm32cube.ide.mcu.externaltools.gnu-tools-for-stm32.13.3.rel1.win32_1.0.0.202411081344/tools/bin/../lib/gcc/arm-none-eabi/13.3.1/../../../../arm-none-eabi/lib/thumb/v7e-m+fp/hard\libc_nano.a
LOAD D:/tool/STM32CubeIDE_1.18.1/STM32CubeIDE/plugins/com.st.stm32cube.ide.mcu.externaltools.gnu-tools-for-stm32.13.3.rel1.win32_1.0.0.202411081344/tools/bin/../lib/gcc/arm-none-eabi/13.3.1/../../../../arm-none-eabi/lib/thumb/v7e-m+fp/hard\libnosys.a
END GROUP
LOAD D:/tool/STM32CubeIDE_1.18.1/STM32CubeIDE/plugins/com.st.stm32cube.ide.mcu.externaltools.gnu-tools-for-stm32.13.3.rel1.win32_1.0.0.202411081344/tools/bin/../lib/gcc/arm-none-eabi/13.3.1/thumb/v7e-m+fp/hard/crtend.o
LOAD D:/tool/STM32CubeIDE_1.18.1/STM32CubeIDE/plugins/com.st.stm32cube.ide.mcu.externaltools.gnu-tools-for-stm32.13.3.rel1.win32_1.0.0.202411081344/tools/bin/../lib/gcc/arm-none-eabi/13.3.1/thumb/v7e-m+fp/hard/crtn.o
                0x20040000                        _estack = (ORIGIN (RAM) + LENGTH (RAM))
                0x00000200                        _Min_Heap_Size = 0x200
                0x00000400                        _Min_Stack_Size = 0x400

.isr_vector     0x08000000      0x1ac
                0x08000000                        . = ALIGN (0x4)
 *(.isr_vector)
 .isr_vector    0x08000000      0x1ac ./Core/Startup/startup_stm32l496rgtx.o
                0x08000000                g_pfnVectors
                0x080001ac                        . = ALIGN (0x4)

.text           0x080001b0     0x6f50
                0x080001b0                        . = ALIGN (0x4)
 *(.text)
 .text          0x080001b0       0x40 D:/tool/STM32CubeIDE_1.18.1/STM32CubeIDE/plugins/com.st.stm32cube.ide.mcu.externaltools.gnu-tools-for-stm32.13.3.rel1.win32_1.0.0.202411081344/tools/bin/../lib/gcc/arm-none-eabi/13.3.1/thumb/v7e-m+fp/hard/crtbegin.o
 .text          0x080001f0      0x378 D:/tool/STM32CubeIDE_1.18.1/STM32CubeIDE/plugins/com.st.stm32cube.ide.mcu.externaltools.gnu-tools-for-stm32.13.3.rel1.win32_1.0.0.202411081344/tools/bin/../lib/gcc/arm-none-eabi/13.3.1/thumb/v7e-m+fp/hard\libgcc.a(_arm_addsubdf3.o)
                0x080001f0                __aeabi_drsub
                0x080001f8                __aeabi_dsub
                0x080001f8                __subdf3
                0x080001fc                __aeabi_dadd
                0x080001fc                __adddf3
                0x08000474                __floatunsidf
                0x08000474                __aeabi_ui2d
                0x08000494                __floatsidf
                0x08000494                __aeabi_i2d
                0x080004b8                __aeabi_f2d
                0x080004b8                __extendsfdf2
                0x080004fc                __floatundidf
                0x080004fc                __aeabi_ul2d
                0x0800050c                __floatdidf
                0x0800050c                __aeabi_l2d
 .text          0x08000568      0x424 D:/tool/STM32CubeIDE_1.18.1/STM32CubeIDE/plugins/com.st.stm32cube.ide.mcu.externaltools.gnu-tools-for-stm32.13.3.rel1.win32_1.0.0.202411081344/tools/bin/../lib/gcc/arm-none-eabi/13.3.1/thumb/v7e-m+fp/hard\libgcc.a(_arm_muldivdf3.o)
                0x08000568                __aeabi_dmul
                0x08000568                __muldf3
                0x080007bc                __divdf3
                0x080007bc                __aeabi_ddiv
 .text          0x0800098c      0x110 D:/tool/STM32CubeIDE_1.18.1/STM32CubeIDE/plugins/com.st.stm32cube.ide.mcu.externaltools.gnu-tools-for-stm32.13.3.rel1.win32_1.0.0.202411081344/tools/bin/../lib/gcc/arm-none-eabi/13.3.1/thumb/v7e-m+fp/hard\libgcc.a(_arm_cmpdf2.o)
                0x0800098c                __gtdf2
                0x0800098c                __gedf2
                0x08000994                __ltdf2
                0x08000994                __ledf2
                0x0800099c                __nedf2
                0x0800099c                __eqdf2
                0x0800099c                __cmpdf2
                0x08000a18                __aeabi_cdrcmple
                0x08000a28                __aeabi_cdcmpeq
                0x08000a28                __aeabi_cdcmple
                0x08000a38                __aeabi_dcmpeq
                0x08000a4c                __aeabi_dcmplt
                0x08000a60                __aeabi_dcmple
                0x08000a74                __aeabi_dcmpge
                0x08000a88                __aeabi_dcmpgt
 .text          0x08000a9c       0x2c D:/tool/STM32CubeIDE_1.18.1/STM32CubeIDE/plugins/com.st.stm32cube.ide.mcu.externaltools.gnu-tools-for-stm32.13.3.rel1.win32_1.0.0.202411081344/tools/bin/../lib/gcc/arm-none-eabi/13.3.1/thumb/v7e-m+fp/hard\libgcc.a(_arm_unorddf2.o)
                0x08000a9c                __unorddf2
                0x08000a9c                __aeabi_dcmpun
 .text          0x08000ac8       0xa0 D:/tool/STM32CubeIDE_1.18.1/STM32CubeIDE/plugins/com.st.stm32cube.ide.mcu.externaltools.gnu-tools-for-stm32.13.3.rel1.win32_1.0.0.202411081344/tools/bin/../lib/gcc/arm-none-eabi/13.3.1/thumb/v7e-m+fp/hard\libgcc.a(_arm_truncdfsf2.o)
                0x08000ac8                __truncdfsf2
                0x08000ac8                __aeabi_d2f
 .text          0x08000b68      0x21c D:/tool/STM32CubeIDE_1.18.1/STM32CubeIDE/plugins/com.st.stm32cube.ide.mcu.externaltools.gnu-tools-for-stm32.13.3.rel1.win32_1.0.0.202411081344/tools/bin/../lib/gcc/arm-none-eabi/13.3.1/thumb/v7e-m+fp/hard\libgcc.a(_arm_addsubsf3.o)
                0x08000b68                __aeabi_frsub
                0x08000b70                __subsf3
                0x08000b70                __aeabi_fsub
                0x08000b74                __aeabi_fadd
                0x08000b74                __addsf3
                0x08000cd4                __aeabi_ui2f
                0x08000cd4                __floatunsisf
                0x08000cdc                __aeabi_i2f
                0x08000cdc                __floatsisf
                0x08000cf8                __aeabi_ul2f
                0x08000cf8                __floatundisf
                0x08000d08                __aeabi_l2f
                0x08000d08                __floatdisf
 .text          0x08000d84       0x30 D:/tool/STM32CubeIDE_1.18.1/STM32CubeIDE/plugins/com.st.stm32cube.ide.mcu.externaltools.gnu-tools-for-stm32.13.3.rel1.win32_1.0.0.202411081344/tools/bin/../lib/gcc/arm-none-eabi/13.3.1/thumb/v7e-m+fp/hard\libgcc.a(_aeabi_uldivmod.o)
                0x08000d84                __aeabi_uldivmod
 .text          0x08000db4      0x2f8 D:/tool/STM32CubeIDE_1.18.1/STM32CubeIDE/plugins/com.st.stm32cube.ide.mcu.externaltools.gnu-tools-for-stm32.13.3.rel1.win32_1.0.0.202411081344/tools/bin/../lib/gcc/arm-none-eabi/13.3.1/thumb/v7e-m+fp/hard\libgcc.a(_udivmoddi4.o)
                0x08000db4                __udivmoddi4
 .text          0x080010ac        0x4 D:/tool/STM32CubeIDE_1.18.1/STM32CubeIDE/plugins/com.st.stm32cube.ide.mcu.externaltools.gnu-tools-for-stm32.13.3.rel1.win32_1.0.0.202411081344/tools/bin/../lib/gcc/arm-none-eabi/13.3.1/thumb/v7e-m+fp/hard\libgcc.a(_dvmd_tls.o)
                0x080010ac                __aeabi_idiv0
                0x080010ac                __aeabi_ldiv0
 *(.text*)
 .text.calibration_start
                0x080010b0       0x12 ./APP/calibration.o
                0x080010b0                calibration_start
 .text.calibration_end
                0x080010c2        0xc ./APP/calibration.o
                0x080010c2                calibration_end
 *fill*         0x080010ce        0x2 
 .text.calibration_loop
                0x080010d0      0x3b0 ./APP/calibration.o
                0x080010d0                calibration_loop
 .text.controller_set_home
                0x08001480       0x68 ./APP/controller.o
                0x08001480                controller_set_home
 .text.controller_sync_callback
                0x080014e8       0x5a ./APP/controller.o
                0x080014e8                controller_sync_callback
 *fill*         0x08001542        0x2 
 .text.controller_update_input_pos_filter_gain
                0x08001544       0x30 ./APP/controller.o
                0x08001544                controller_update_input_pos_filter_gain
 .text.controller_init
                0x08001574        0x8 ./APP/controller.o
                0x08001574                controller_init
 .text.controller_reset
                0x0800157c       0x38 ./APP/controller.o
                0x0800157c                controller_reset
 .text.controller_loop
                0x080015b4      0x4b0 ./APP/controller.o
                0x080015b4                controller_loop
 .text.encoder_init
                0x08001a64        0x2 ./APP/encoder.o
                0x08001a64                encoder_init
 .text.encoder_loop
                0x08001a66        0x2 ./APP/encoder.o
                0x08001a66                encoder_loop
 .text.FOC_update_current_ctrl_gain
                0x08001a68       0x34 ./APP/foc.o
                0x08001a68                FOC_update_current_ctrl_gain
 .text.FOC_init
                0x08001a9c       0x18 ./APP/foc.o
                0x08001a9c                FOC_init
 .text.FOC_arm  0x08001ab4       0x28 ./APP/foc.o
                0x08001ab4                FOC_arm
 .text.FOC_disarm
                0x08001adc       0x24 ./APP/foc.o
                0x08001adc                FOC_disarm
 .text.FOC_voltage
                0x08001b00      0x170 ./APP/foc.o
                0x08001b00                FOC_voltage
 .text.FOC_current
                0x08001c70      0x1d8 ./APP/foc.o
                0x08001c70                FOC_current
 .text.noninductive_FOC_update_current_ctrl_gain
                0x08001e48       0x34 ./APP/noninductive_foc.o
                0x08001e48                noninductive_FOC_update_current_ctrl_gain
 .text.noninductive_FOC_init
                0x08001e7c       0x2c ./APP/noninductive_foc.o
                0x08001e7c                noninductive_FOC_init
 .text.noninductive_FOC_arm
                0x08001ea8       0x30 ./APP/noninductive_foc.o
                0x08001ea8                noninductive_FOC_arm
 .text.noninductive_FOC_disarm
                0x08001ed8       0x2c ./APP/noninductive_foc.o
                0x08001ed8                noninductive_FOC_disarm
 .text.noninductive_FOC_current
                0x08001f04      0x1fc ./APP/noninductive_foc.o
                0x08001f04                noninductive_FOC_current
 .text.open_loop_start
                0x08002100        0xc ./APP/open_loop.o
                0x08002100                open_loop_start
 .text.open_loop_end
                0x0800210c        0x2 ./APP/open_loop.o
                0x0800210c                open_loop_end
 *fill*         0x0800210e        0x2 
 .text.open_loop_loop
                0x08002110       0x68 ./APP/open_loop.o
                0x08002110                open_loop_loop
 .text.smo_init
                0x08002178       0x30 ./APP/smo.o
                0x08002178                smo_init
 .text.smo_reset
                0x080021a8       0x18 ./APP/smo.o
                0x080021a8                smo_reset
 .text.smo_update
                0x080021c0      0x178 ./APP/smo.o
                0x080021c0                smo_update
 .text.task_init
                0x08002338       0x20 ./APP/task.o
                0x08002338                task_init
 .text.task_reset_error
                0x08002358        0xc ./APP/task.o
                0x08002358                task_reset_error
 .text.task_set_state
                0x08002364       0xae ./APP/task.o
                0x08002364                task_set_state
 .text.task_enter_state
                0x08002412       0xda ./APP/task.o
                0x08002412                task_enter_state
 .text.task_exit_state
                0x080024ec       0xc4 ./APP/task.o
                0x080024ec                task_exit_state
 .text.task_safety_task
                0x080025b0       0x38 ./APP/task.o
                0x080025b0                task_safety_task
 .text.task_low_priority_task
                0x080025e8       0x5a ./APP/task.o
                0x080025e8                task_low_priority_task
 *fill*         0x08002642        0x2 
 .text.task_high_frequency_task
                0x08002644      0x198 ./APP/task.o
                0x08002644                task_high_frequency_task
 *fill*         0x080027dc        0x4 
 .text.traj_plan
                0x080027e0      0x1dc ./APP/trap_traj.o
                0x080027e0                traj_plan
 .text.traj_eval
                0x080029bc       0xe4 ./APP/trap_traj.o
                0x080029bc                traj_eval
 .text.usr_config_set_default_config
                0x08002aa0       0xdc ./APP/usr_config.o
                0x08002aa0                usr_config_set_default_config
 .text.usr_config_read_config
                0x08002b7c        0x4 ./APP/usr_config.o
                0x08002b7c                usr_config_read_config
 .text.usr_config_write_config
                0x08002b80        0x4 ./APP/usr_config.o
                0x08002b80                usr_config_write_config
 .text.usr_config_set_control_mode
                0x08002b84        0x6 ./APP/usr_config.o
                0x08002b84                usr_config_set_control_mode
 *fill*         0x08002b8a        0x6 
 .text.bsp_read_iphase_a
                0x08002b90       0x40 ./BSP/bsp_adc.o
                0x08002b90                bsp_read_iphase_a
 .text.bsp_read_iphase_b
                0x08002bd0       0x40 ./BSP/bsp_adc.o
                0x08002bd0                bsp_read_iphase_b
 .text.bsp_read_iphase_c
                0x08002c10       0x40 ./BSP/bsp_adc.o
                0x08002c10                bsp_read_iphase_c
 .text.pwmc_current_reading_polarization
                0x08002c50       0x72 ./BSP/bsp_adc.o
                0x08002c50                pwmc_current_reading_polarization
 *fill*         0x08002cc2        0x2 
 .text.HAL_ADCEx_InjectedConvCpltCallback
                0x08002cc4       0x40 ./BSP/bsp_adc.o
                0x08002cc4                HAL_ADCEx_InjectedConvCpltCallback
 .text.bsp_adc_init
                0x08002d04       0x1c ./BSP/bsp_adc.o
                0x08002d04                bsp_adc_init
 .text.set_a_duty
                0x08002d20        0x8 ./BSP/bsp_tim.o
                0x08002d20                set_a_duty
 .text.set_b_duty
                0x08002d28        0x8 ./BSP/bsp_tim.o
                0x08002d28                set_b_duty
 .text.set_c_duty
                0x08002d30        0x8 ./BSP/bsp_tim.o
                0x08002d30                set_c_duty
 .text.switch_on_pwm
                0x08002d38       0x3e ./BSP/bsp_tim.o
                0x08002d38                switch_on_pwm
 .text.switch_off_pwm
                0x08002d76       0x34 ./BSP/bsp_tim.o
                0x08002d76                switch_off_pwm
 .text.turn_on_low_sides_pwm
                0x08002daa       0x3c ./BSP/bsp_tim.o
                0x08002daa                turn_on_low_sides_pwm
 *fill*         0x08002de6        0x2 
 .text.bsp_tim_init
                0x08002de8       0x60 ./BSP/bsp_tim.o
                0x08002de8                bsp_tim_init
 .text.clarke_transform
                0x08002e48       0x1c ./Common/util.o
                0x08002e48                clarke_transform
 .text.svm      0x08002e64      0x1c4 ./Common/util.o
                0x08002e64                svm
 .text.sin_f32  0x08003028       0x84 ./Common/util.o
                0x08003028                sin_f32
 .text.cos_f32  0x080030ac       0x88 ./Common/util.o
                0x080030ac                cos_f32
 .text.park_transform
                0x08003134       0x36 ./Common/util.o
                0x08003134                park_transform
 .text.inverse_park
                0x0800316a       0x36 ./Common/util.o
                0x0800316a                inverse_park
 .text.atan_f32
                0x080031a0       0xec ./Common/util.o
                0x080031a0                atan_f32
 .text.sign_func
                0x0800328c       0x24 ./Common/util.o
                0x0800328c                sign_func
 .text.normalize_angle
                0x080032b0       0x98 ./Common/util.o
                0x080032b0                normalize_angle
 .text.low_pass_filter
                0x08003348       0x1a ./Common/util.o
                0x08003348                low_pass_filter
 *fill*         0x08003362        0x2 
 .text.MX_ADC1_Init
                0x08003364      0x11c ./Core/Src/adc.o
                0x08003364                MX_ADC1_Init
 .text.HAL_ADC_MspInit
                0x08003480       0xb4 ./Core/Src/adc.o
                0x08003480                HAL_ADC_MspInit
 .text.MX_GPIO_Init
                0x08003534       0xd4 ./Core/Src/gpio.o
                0x08003534                MX_GPIO_Init
 .text.SystemClock_Config
                0x08003608       0x72 ./Core/Src/main.o
                0x08003608                SystemClock_Config
 *fill*         0x0800367a        0x2 
 .text.startup.main
                0x0800367c      0x19c ./Core/Src/main.o
                0x0800367c                main
 .text.Error_Handler
                0x08003818        0x4 ./Core/Src/main.o
                0x08003818                Error_Handler
 .text.MX_RTC_Init
                0x0800381c       0x34 ./Core/Src/rtc.o
                0x0800381c                MX_RTC_Init
 .text.HAL_RTC_MspInit
                0x08003850       0x4c ./Core/Src/rtc.o
                0x08003850                HAL_RTC_MspInit
 .text.HAL_MspInit
                0x0800389c       0x30 ./Core/Src/stm32l4xx_hal_msp.o
                0x0800389c                HAL_MspInit
 .text.NMI_Handler
                0x080038cc        0x2 ./Core/Src/stm32l4xx_it.o
                0x080038cc                NMI_Handler
 .text.HardFault_Handler
                0x080038ce        0x2 ./Core/Src/stm32l4xx_it.o
                0x080038ce                HardFault_Handler
 .text.MemManage_Handler
                0x080038d0        0x2 ./Core/Src/stm32l4xx_it.o
                0x080038d0                MemManage_Handler
 .text.BusFault_Handler
                0x080038d2        0x2 ./Core/Src/stm32l4xx_it.o
                0x080038d2                BusFault_Handler
 .text.UsageFault_Handler
                0x080038d4        0x2 ./Core/Src/stm32l4xx_it.o
                0x080038d4                UsageFault_Handler
 .text.SVC_Handler
                0x080038d6        0x2 ./Core/Src/stm32l4xx_it.o
                0x080038d6                SVC_Handler
 .text.DebugMon_Handler
                0x080038d8        0x2 ./Core/Src/stm32l4xx_it.o
                0x080038d8                DebugMon_Handler
 .text.PendSV_Handler
                0x080038da        0x2 ./Core/Src/stm32l4xx_it.o
                0x080038da                PendSV_Handler
 .text.SysTick_Handler
                0x080038dc       0x2c ./Core/Src/stm32l4xx_it.o
                0x080038dc                SysTick_Handler
 .text.ADC1_2_IRQHandler
                0x08003908        0xc ./Core/Src/stm32l4xx_it.o
                0x08003908                ADC1_2_IRQHandler
 .text.SystemInit
                0x08003914       0x14 ./Core/Src/system_stm32l4xx.o
                0x08003914                SystemInit
 .text.HAL_TIM_PWM_MspInit
                0x08003928       0x28 ./Core/Src/tim.o
                0x08003928                HAL_TIM_PWM_MspInit
 .text.HAL_TIM_MspPostInit
                0x08003950       0x50 ./Core/Src/tim.o
                0x08003950                HAL_TIM_MspPostInit
 .text.MX_TIM1_Init
                0x080039a0      0x124 ./Core/Src/tim.o
                0x080039a0                MX_TIM1_Init
 .text.MX_USART1_UART_Init
                0x08003ac4       0x3c ./Core/Src/usart.o
                0x08003ac4                MX_USART1_UART_Init
 .text.MX_USART2_UART_Init
                0x08003b00       0x3c ./Core/Src/usart.o
                0x08003b00                MX_USART2_UART_Init
 .text.MX_USART3_UART_Init
                0x08003b3c       0x3c ./Core/Src/usart.o
                0x08003b3c                MX_USART3_UART_Init
 .text.HAL_UART_MspInit
                0x08003b78      0x144 ./Core/Src/usart.o
                0x08003b78                HAL_UART_MspInit
 .text.Reset_Handler
                0x08003cbc       0x50 ./Core/Startup/startup_stm32l496rgtx.o
                0x08003cbc                Reset_Handler
 .text.Default_Handler
                0x08003d0c        0x2 ./Core/Startup/startup_stm32l496rgtx.o
                0x08003d0c                RTC_Alarm_IRQHandler
                0x08003d0c                EXTI2_IRQHandler
                0x08003d0c                TIM8_TRG_COM_IRQHandler
                0x08003d0c                TIM8_CC_IRQHandler
                0x08003d0c                TIM1_CC_IRQHandler
                0x08003d0c                TSC_IRQHandler
                0x08003d0c                TAMP_STAMP_IRQHandler
                0x08003d0c                CAN2_RX1_IRQHandler
                0x08003d0c                EXTI3_IRQHandler
                0x08003d0c                LPTIM2_IRQHandler
                0x08003d0c                DFSDM1_FLT1_IRQHandler
                0x08003d0c                I2C3_ER_IRQHandler
                0x08003d0c                DFSDM1_FLT2_IRQHandler
                0x08003d0c                EXTI0_IRQHandler
                0x08003d0c                I2C2_EV_IRQHandler
                0x08003d0c                CAN1_RX0_IRQHandler
                0x08003d0c                FPU_IRQHandler
                0x08003d0c                TIM1_UP_TIM16_IRQHandler
                0x08003d0c                CAN2_SCE_IRQHandler
                0x08003d0c                SPI1_IRQHandler
                0x08003d0c                TIM6_DAC_IRQHandler
                0x08003d0c                DCMI_IRQHandler
                0x08003d0c                CAN2_RX0_IRQHandler
                0x08003d0c                TIM8_UP_IRQHandler
                0x08003d0c                DMA2_Channel2_IRQHandler
                0x08003d0c                DMA1_Channel4_IRQHandler
                0x08003d0c                SAI2_IRQHandler
                0x08003d0c                DFSDM1_FLT3_IRQHandler
                0x08003d0c                USART3_IRQHandler
                0x08003d0c                DMA1_Channel7_IRQHandler
                0x08003d0c                CAN1_RX1_IRQHandler
                0x08003d0c                LCD_IRQHandler
                0x08003d0c                UART5_IRQHandler
                0x08003d0c                ADC3_IRQHandler
                0x08003d0c                TIM4_IRQHandler
                0x08003d0c                DMA2_Channel1_IRQHandler
                0x08003d0c                QUADSPI_IRQHandler
                0x08003d0c                I2C1_EV_IRQHandler
                0x08003d0c                DMA1_Channel6_IRQHandler
                0x08003d0c                UART4_IRQHandler
                0x08003d0c                DMA2_Channel4_IRQHandler
                0x08003d0c                TIM3_IRQHandler
                0x08003d0c                RCC_IRQHandler
                0x08003d0c                DMA1_Channel1_IRQHandler
                0x08003d0c                Default_Handler
                0x08003d0c                DMA2_Channel7_IRQHandler
                0x08003d0c                EXTI15_10_IRQHandler
                0x08003d0c                TIM7_IRQHandler
                0x08003d0c                SDMMC1_IRQHandler
                0x08003d0c                CAN2_TX_IRQHandler
                0x08003d0c                TIM5_IRQHandler
                0x08003d0c                I2C3_EV_IRQHandler
                0x08003d0c                EXTI9_5_IRQHandler
                0x08003d0c                RTC_WKUP_IRQHandler
                0x08003d0c                PVD_PVM_IRQHandler
                0x08003d0c                SPI2_IRQHandler
                0x08003d0c                CAN1_TX_IRQHandler
                0x08003d0c                DMA2_Channel5_IRQHandler
                0x08003d0c                CRS_IRQHandler
                0x08003d0c                DMA1_Channel5_IRQHandler
                0x08003d0c                EXTI4_IRQHandler
                0x08003d0c                RNG_IRQHandler
                0x08003d0c                TIM1_TRG_COM_TIM17_IRQHandler
                0x08003d0c                DMA1_Channel3_IRQHandler
                0x08003d0c                COMP_IRQHandler
                0x08003d0c                WWDG_IRQHandler
                0x08003d0c                I2C4_EV_IRQHandler
                0x08003d0c                LPUART1_IRQHandler
                0x08003d0c                DMA2_Channel6_IRQHandler
                0x08003d0c                TIM2_IRQHandler
                0x08003d0c                EXTI1_IRQHandler
                0x08003d0c                USART2_IRQHandler
                0x08003d0c                DFSDM1_FLT0_IRQHandler
                0x08003d0c                I2C2_ER_IRQHandler
                0x08003d0c                DMA1_Channel2_IRQHandler
                0x08003d0c                TIM8_BRK_IRQHandler
                0x08003d0c                CAN1_SCE_IRQHandler
                0x08003d0c                FLASH_IRQHandler
                0x08003d0c                USART1_IRQHandler
                0x08003d0c                OTG_FS_IRQHandler
                0x08003d0c                SPI3_IRQHandler
                0x08003d0c                I2C1_ER_IRQHandler
                0x08003d0c                FMC_IRQHandler
                0x08003d0c                SWPMI1_IRQHandler
                0x08003d0c                LPTIM1_IRQHandler
                0x08003d0c                I2C4_ER_IRQHandler
                0x08003d0c                SAI1_IRQHandler
                0x08003d0c                DMA2_Channel3_IRQHandler
                0x08003d0c                TIM1_BRK_TIM15_IRQHandler
 *fill*         0x08003d0e        0x2 
 .text.HAL_InitTick
                0x08003d10       0x4c ./Drivers/STM32L4xx_HAL_Driver/Src/stm32l4xx_hal.o
                0x08003d10                HAL_InitTick
 .text.HAL_Init
                0x08003d5c       0x1e ./Drivers/STM32L4xx_HAL_Driver/Src/stm32l4xx_hal.o
                0x08003d5c                HAL_Init
 *fill*         0x08003d7a        0x2 
 .text.HAL_IncTick
                0x08003d7c       0x18 ./Drivers/STM32L4xx_HAL_Driver/Src/stm32l4xx_hal.o
                0x08003d7c                HAL_IncTick
 .text.HAL_GetTick
                0x08003d94        0xc ./Drivers/STM32L4xx_HAL_Driver/Src/stm32l4xx_hal.o
                0x08003d94                HAL_GetTick
 .text.LL_ADC_SetChannelSamplingTime
                0x08003da0       0x20 ./Drivers/STM32L4xx_HAL_Driver/Src/stm32l4xx_hal_adc.o
 .text.LL_ADC_IsEnabled
                0x08003dc0        0x8 ./Drivers/STM32L4xx_HAL_Driver/Src/stm32l4xx_hal_adc.o
 .text.LL_ADC_REG_IsConversionOngoing
                0x08003dc8        0x8 ./Drivers/STM32L4xx_HAL_Driver/Src/stm32l4xx_hal_adc.o
 .text.HAL_ADC_Init
                0x08003dd0      0x1b8 ./Drivers/STM32L4xx_HAL_Driver/Src/stm32l4xx_hal_adc.o
                0x08003dd0                HAL_ADC_Init
 .text.HAL_ADC_ConvCpltCallback
                0x08003f88        0x2 ./Drivers/STM32L4xx_HAL_Driver/Src/stm32l4xx_hal_adc.o
                0x08003f88                HAL_ADC_ConvCpltCallback
 .text.HAL_ADC_LevelOutOfWindowCallback
                0x08003f8a        0x2 ./Drivers/STM32L4xx_HAL_Driver/Src/stm32l4xx_hal_adc.o
                0x08003f8a                HAL_ADC_LevelOutOfWindowCallback
 .text.HAL_ADC_ErrorCallback
                0x08003f8c        0x2 ./Drivers/STM32L4xx_HAL_Driver/Src/stm32l4xx_hal_adc.o
                0x08003f8c                HAL_ADC_ErrorCallback
 *fill*         0x08003f8e        0x2 
 .text.HAL_ADC_IRQHandler
                0x08003f90      0x244 ./Drivers/STM32L4xx_HAL_Driver/Src/stm32l4xx_hal_adc.o
                0x08003f90                HAL_ADC_IRQHandler
 .text.HAL_ADC_ConfigChannel
                0x080041d4      0x394 ./Drivers/STM32L4xx_HAL_Driver/Src/stm32l4xx_hal_adc.o
                0x080041d4                HAL_ADC_ConfigChannel
 .text.ADC_Enable
                0x08004568       0xb4 ./Drivers/STM32L4xx_HAL_Driver/Src/stm32l4xx_hal_adc.o
                0x08004568                ADC_Enable
 .text.ADC_Disable
                0x0800461c       0x6a ./Drivers/STM32L4xx_HAL_Driver/Src/stm32l4xx_hal_adc.o
                0x0800461c                ADC_Disable
 .text.LL_ADC_SetChannelSamplingTime
                0x08004686       0x20 ./Drivers/STM32L4xx_HAL_Driver/Src/stm32l4xx_hal_adc_ex.o
 .text.LL_ADC_IsEnabled
                0x080046a6        0x8 ./Drivers/STM32L4xx_HAL_Driver/Src/stm32l4xx_hal_adc_ex.o
 .text.LL_ADC_REG_IsConversionOngoing
                0x080046ae        0x8 ./Drivers/STM32L4xx_HAL_Driver/Src/stm32l4xx_hal_adc_ex.o
 .text.LL_ADC_INJ_IsConversionOngoing
                0x080046b6        0x8 ./Drivers/STM32L4xx_HAL_Driver/Src/stm32l4xx_hal_adc_ex.o
 .text.HAL_ADCEx_Calibration_Start
                0x080046be       0x90 ./Drivers/STM32L4xx_HAL_Driver/Src/stm32l4xx_hal_adc_ex.o
                0x080046be                HAL_ADCEx_Calibration_Start
 *fill*         0x0800474e        0x2 
 .text.HAL_ADCEx_InjectedStart_IT
                0x08004750      0x110 ./Drivers/STM32L4xx_HAL_Driver/Src/stm32l4xx_hal_adc_ex.o
                0x08004750                HAL_ADCEx_InjectedStart_IT
 .text.HAL_ADCEx_InjectedQueueOverflowCallback
                0x08004860        0x2 ./Drivers/STM32L4xx_HAL_Driver/Src/stm32l4xx_hal_adc_ex.o
                0x08004860                HAL_ADCEx_InjectedQueueOverflowCallback
 .text.HAL_ADCEx_LevelOutOfWindow2Callback
                0x08004862        0x2 ./Drivers/STM32L4xx_HAL_Driver/Src/stm32l4xx_hal_adc_ex.o
                0x08004862                HAL_ADCEx_LevelOutOfWindow2Callback
 .text.HAL_ADCEx_LevelOutOfWindow3Callback
                0x08004864        0x2 ./Drivers/STM32L4xx_HAL_Driver/Src/stm32l4xx_hal_adc_ex.o
                0x08004864                HAL_ADCEx_LevelOutOfWindow3Callback
 .text.HAL_ADCEx_EndOfSamplingCallback
                0x08004866        0x2 ./Drivers/STM32L4xx_HAL_Driver/Src/stm32l4xx_hal_adc_ex.o
                0x08004866                HAL_ADCEx_EndOfSamplingCallback
 .text.HAL_ADCEx_InjectedConfigChannel
                0x08004868      0x43c ./Drivers/STM32L4xx_HAL_Driver/Src/stm32l4xx_hal_adc_ex.o
                0x08004868                HAL_ADCEx_InjectedConfigChannel
 .text.HAL_ADCEx_MultiModeConfigChannel
                0x08004ca4       0xe8 ./Drivers/STM32L4xx_HAL_Driver/Src/stm32l4xx_hal_adc_ex.o
                0x08004ca4                HAL_ADCEx_MultiModeConfigChannel
 .text.HAL_ADCEx_DisableInjectedQueue
                0x08004d8c       0x2c ./Drivers/STM32L4xx_HAL_Driver/Src/stm32l4xx_hal_adc_ex.o
                0x08004d8c                HAL_ADCEx_DisableInjectedQueue
 .text.HAL_NVIC_SetPriorityGrouping
                0x08004db8       0x24 ./Drivers/STM32L4xx_HAL_Driver/Src/stm32l4xx_hal_cortex.o
                0x08004db8                HAL_NVIC_SetPriorityGrouping
 .text.HAL_NVIC_SetPriority
                0x08004ddc       0x64 ./Drivers/STM32L4xx_HAL_Driver/Src/stm32l4xx_hal_cortex.o
                0x08004ddc                HAL_NVIC_SetPriority
 .text.HAL_NVIC_EnableIRQ
                0x08004e40       0x1c ./Drivers/STM32L4xx_HAL_Driver/Src/stm32l4xx_hal_cortex.o
                0x08004e40                HAL_NVIC_EnableIRQ
 .text.HAL_SYSTICK_Config
                0x08004e5c       0x28 ./Drivers/STM32L4xx_HAL_Driver/Src/stm32l4xx_hal_cortex.o
                0x08004e5c                HAL_SYSTICK_Config
 .text.HAL_GPIO_Init
                0x08004e84      0x1ac ./Drivers/STM32L4xx_HAL_Driver/Src/stm32l4xx_hal_gpio.o
                0x08004e84                HAL_GPIO_Init
 .text.HAL_GPIO_WritePin
                0x08005030        0xa ./Drivers/STM32L4xx_HAL_Driver/Src/stm32l4xx_hal_gpio.o
                0x08005030                HAL_GPIO_WritePin
 *fill*         0x0800503a        0x2 
 .text.HAL_PWREx_GetVoltageRange
                0x0800503c       0x10 ./Drivers/STM32L4xx_HAL_Driver/Src/stm32l4xx_hal_pwr_ex.o
                0x0800503c                HAL_PWREx_GetVoltageRange
 .text.HAL_PWREx_ControlVoltageScaling
                0x0800504c       0x6c ./Drivers/STM32L4xx_HAL_Driver/Src/stm32l4xx_hal_pwr_ex.o
                0x0800504c                HAL_PWREx_ControlVoltageScaling
 .text.RCC_SetFlashLatencyFromMSIRange
                0x080050b8       0x84 ./Drivers/STM32L4xx_HAL_Driver/Src/stm32l4xx_hal_rcc.o
 .text.HAL_RCC_GetSysClockFreq
                0x0800513c       0x8c ./Drivers/STM32L4xx_HAL_Driver/Src/stm32l4xx_hal_rcc.o
                0x0800513c                HAL_RCC_GetSysClockFreq
 .text.HAL_RCC_OscConfig
                0x080051c8      0x54c ./Drivers/STM32L4xx_HAL_Driver/Src/stm32l4xx_hal_rcc.o
                0x080051c8                HAL_RCC_OscConfig
 .text.HAL_RCC_ClockConfig
                0x08005714      0x154 ./Drivers/STM32L4xx_HAL_Driver/Src/stm32l4xx_hal_rcc.o
                0x08005714                HAL_RCC_ClockConfig
 .text.HAL_RCC_GetPCLK1Freq
                0x08005868       0x24 ./Drivers/STM32L4xx_HAL_Driver/Src/stm32l4xx_hal_rcc.o
                0x08005868                HAL_RCC_GetPCLK1Freq
 .text.HAL_RCC_GetPCLK2Freq
                0x0800588c       0x24 ./Drivers/STM32L4xx_HAL_Driver/Src/stm32l4xx_hal_rcc.o
                0x0800588c                HAL_RCC_GetPCLK2Freq
 .text.RCCEx_PLLSAI1_Config
                0x080058b0      0x10c ./Drivers/STM32L4xx_HAL_Driver/Src/stm32l4xx_hal_rcc_ex.o
 .text.RCCEx_PLLSAI2_Config
                0x080059bc       0xf4 ./Drivers/STM32L4xx_HAL_Driver/Src/stm32l4xx_hal_rcc_ex.o
 .text.HAL_RCCEx_PeriphCLKConfig
                0x08005ab0      0x40c ./Drivers/STM32L4xx_HAL_Driver/Src/stm32l4xx_hal_rcc_ex.o
                0x08005ab0                HAL_RCCEx_PeriphCLKConfig
 .text.HAL_RTC_WaitForSynchro
                0x08005ebc       0x30 ./Drivers/STM32L4xx_HAL_Driver/Src/stm32l4xx_hal_rtc.o
                0x08005ebc                HAL_RTC_WaitForSynchro
 .text.RTC_EnterInitMode
                0x08005eec       0x48 ./Drivers/STM32L4xx_HAL_Driver/Src/stm32l4xx_hal_rtc.o
                0x08005eec                RTC_EnterInitMode
 .text.RTC_ExitInitMode
                0x08005f34       0x44 ./Drivers/STM32L4xx_HAL_Driver/Src/stm32l4xx_hal_rtc.o
                0x08005f34                RTC_ExitInitMode
 .text.HAL_RTC_Init
                0x08005f78       0x9a ./Drivers/STM32L4xx_HAL_Driver/Src/stm32l4xx_hal_rtc.o
                0x08005f78                HAL_RTC_Init
 *fill*         0x08006012        0x2 
 .text.TIM_OC1_SetConfig
                0x08006014       0x74 ./Drivers/STM32L4xx_HAL_Driver/Src/stm32l4xx_hal_tim.o
 .text.TIM_OC3_SetConfig
                0x08006088       0x80 ./Drivers/STM32L4xx_HAL_Driver/Src/stm32l4xx_hal_tim.o
 .text.TIM_OC4_SetConfig
                0x08006108       0x68 ./Drivers/STM32L4xx_HAL_Driver/Src/stm32l4xx_hal_tim.o
 .text.TIM_OC5_SetConfig
                0x08006170       0x68 ./Drivers/STM32L4xx_HAL_Driver/Src/stm32l4xx_hal_tim.o
 .text.TIM_OC6_SetConfig
                0x080061d8       0x68 ./Drivers/STM32L4xx_HAL_Driver/Src/stm32l4xx_hal_tim.o
 .text.HAL_TIM_Base_Start_IT
                0x08006240       0x74 ./Drivers/STM32L4xx_HAL_Driver/Src/stm32l4xx_hal_tim.o
                0x08006240                HAL_TIM_Base_Start_IT
 .text.HAL_TIM_OC_MspInit
                0x080062b4        0x2 ./Drivers/STM32L4xx_HAL_Driver/Src/stm32l4xx_hal_tim.o
                0x080062b4                HAL_TIM_OC_MspInit
 *fill*         0x080062b6        0x2 
 .text.TIM_Base_SetConfig
                0x080062b8       0xb0 ./Drivers/STM32L4xx_HAL_Driver/Src/stm32l4xx_hal_tim.o
                0x080062b8                TIM_Base_SetConfig
 .text.HAL_TIM_OC_Init
                0x08006368       0x60 ./Drivers/STM32L4xx_HAL_Driver/Src/stm32l4xx_hal_tim.o
                0x08006368                HAL_TIM_OC_Init
 .text.HAL_TIM_PWM_Init
                0x080063c8       0x60 ./Drivers/STM32L4xx_HAL_Driver/Src/stm32l4xx_hal_tim.o
                0x080063c8                HAL_TIM_PWM_Init
 .text.TIM_OC2_SetConfig
                0x08006428       0x80 ./Drivers/STM32L4xx_HAL_Driver/Src/stm32l4xx_hal_tim.o
                0x08006428                TIM_OC2_SetConfig
 .text.HAL_TIM_OC_ConfigChannel
                0x080064a8       0x64 ./Drivers/STM32L4xx_HAL_Driver/Src/stm32l4xx_hal_tim.o
                0x080064a8                HAL_TIM_OC_ConfigChannel
 .text.HAL_TIM_PWM_ConfigChannel
                0x0800650c       0xf8 ./Drivers/STM32L4xx_HAL_Driver/Src/stm32l4xx_hal_tim.o
                0x0800650c                HAL_TIM_PWM_ConfigChannel
 .text.TIM_CCxChannelCmd
                0x08006604       0x1c ./Drivers/STM32L4xx_HAL_Driver/Src/stm32l4xx_hal_tim.o
                0x08006604                TIM_CCxChannelCmd
 .text.HAL_TIM_OC_Start
                0x08006620      0x114 ./Drivers/STM32L4xx_HAL_Driver/Src/stm32l4xx_hal_tim.o
                0x08006620                HAL_TIM_OC_Start
 .text.HAL_TIM_PWM_Start
                0x08006734        0x4 ./Drivers/STM32L4xx_HAL_Driver/Src/stm32l4xx_hal_tim.o
                0x08006734                HAL_TIM_PWM_Start
 .text.HAL_TIM_OC_Stop
                0x08006738       0xb0 ./Drivers/STM32L4xx_HAL_Driver/Src/stm32l4xx_hal_tim.o
                0x08006738                HAL_TIM_OC_Stop
 .text.HAL_TIMEx_MasterConfigSynchronization
                0x080067e8       0x8c ./Drivers/STM32L4xx_HAL_Driver/Src/stm32l4xx_hal_tim_ex.o
                0x080067e8                HAL_TIMEx_MasterConfigSynchronization
 .text.HAL_TIMEx_ConfigBreakDeadTime
                0x08006874       0x84 ./Drivers/STM32L4xx_HAL_Driver/Src/stm32l4xx_hal_tim_ex.o
                0x08006874                HAL_TIMEx_ConfigBreakDeadTime
 .text.UART_EndRxTransfer
                0x080068f8       0x50 ./Drivers/STM32L4xx_HAL_Driver/Src/stm32l4xx_hal_uart.o
 .text.UART_SetConfig
                0x08006948      0x210 ./Drivers/STM32L4xx_HAL_Driver/Src/stm32l4xx_hal_uart.o
                0x08006948                UART_SetConfig
 .text.UART_AdvFeatureConfig
                0x08006b58       0xa8 ./Drivers/STM32L4xx_HAL_Driver/Src/stm32l4xx_hal_uart.o
                0x08006b58                UART_AdvFeatureConfig
 .text.UART_WaitOnFlagUntilTimeout
                0x08006c00       0x90 ./Drivers/STM32L4xx_HAL_Driver/Src/stm32l4xx_hal_uart.o
                0x08006c00                UART_WaitOnFlagUntilTimeout
 .text.UART_CheckIdleState
                0x08006c90       0xb2 ./Drivers/STM32L4xx_HAL_Driver/Src/stm32l4xx_hal_uart.o
                0x08006c90                UART_CheckIdleState
 .text.HAL_UART_Init
                0x08006d42       0x5c ./Drivers/STM32L4xx_HAL_Driver/Src/stm32l4xx_hal_uart.o
                0x08006d42                HAL_UART_Init
 .text.memset   0x08006d9e       0x10 D:/tool/STM32CubeIDE_1.18.1/STM32CubeIDE/plugins/com.st.stm32cube.ide.mcu.externaltools.gnu-tools-for-stm32.13.3.rel1.win32_1.0.0.202411081344/tools/bin/../lib/gcc/arm-none-eabi/13.3.1/../../../../arm-none-eabi/lib/thumb/v7e-m+fp/hard\libc_nano.a(libc_a-memset.o)
                0x08006d9e                memset
 *fill*         0x08006dae        0x2 
 .text.__errno  0x08006db0        0xc D:/tool/STM32CubeIDE_1.18.1/STM32CubeIDE/plugins/com.st.stm32cube.ide.mcu.externaltools.gnu-tools-for-stm32.13.3.rel1.win32_1.0.0.202411081344/tools/bin/../lib/gcc/arm-none-eabi/13.3.1/../../../../arm-none-eabi/lib/thumb/v7e-m+fp/hard\libc_nano.a(libc_a-errno.o)
                0x08006db0                __errno
 .text.__libc_init_array
                0x08006dbc       0x48 D:/tool/STM32CubeIDE_1.18.1/STM32CubeIDE/plugins/com.st.stm32cube.ide.mcu.externaltools.gnu-tools-for-stm32.13.3.rel1.win32_1.0.0.202411081344/tools/bin/../lib/gcc/arm-none-eabi/13.3.1/../../../../arm-none-eabi/lib/thumb/v7e-m+fp/hard\libc_nano.a(libc_a-init.o)
                0x08006dbc                __libc_init_array
 .text.sqrt     0x08006e04       0x58 D:/tool/STM32CubeIDE_1.18.1/STM32CubeIDE/plugins/com.st.stm32cube.ide.mcu.externaltools.gnu-tools-for-stm32.13.3.rel1.win32_1.0.0.202411081344/tools/bin/../lib/gcc/arm-none-eabi/13.3.1/../../../../arm-none-eabi/lib/thumb/v7e-m+fp/hard\libm.a(libm_a-w_sqrt.o)
                0x08006e04                sqrt
 .text.sqrtf    0x08006e5c       0x3c D:/tool/STM32CubeIDE_1.18.1/STM32CubeIDE/plugins/com.st.stm32cube.ide.mcu.externaltools.gnu-tools-for-stm32.13.3.rel1.win32_1.0.0.202411081344/tools/bin/../lib/gcc/arm-none-eabi/13.3.1/../../../../arm-none-eabi/lib/thumb/v7e-m+fp/hard\libm.a(libm_a-wf_sqrt.o)
                0x08006e5c                sqrtf
 .text.fmax     0x08006e98       0x54 D:/tool/STM32CubeIDE_1.18.1/STM32CubeIDE/plugins/com.st.stm32cube.ide.mcu.externaltools.gnu-tools-for-stm32.13.3.rel1.win32_1.0.0.202411081344/tools/bin/../lib/gcc/arm-none-eabi/13.3.1/../../../../arm-none-eabi/lib/thumb/v7e-m+fp/hard\libm.a(libm_a-s_fmax.o)
                0x08006e98                fmax
 .text.__fpclassifyd
                0x08006eec       0x48 D:/tool/STM32CubeIDE_1.18.1/STM32CubeIDE/plugins/com.st.stm32cube.ide.mcu.externaltools.gnu-tools-for-stm32.13.3.rel1.win32_1.0.0.202411081344/tools/bin/../lib/gcc/arm-none-eabi/13.3.1/../../../../arm-none-eabi/lib/thumb/v7e-m+fp/hard\libm.a(libm_a-s_fpclassify.o)
                0x08006eec                __fpclassifyd
 .text.__ieee754_sqrt
                0x08006f34      0x1ac D:/tool/STM32CubeIDE_1.18.1/STM32CubeIDE/plugins/com.st.stm32cube.ide.mcu.externaltools.gnu-tools-for-stm32.13.3.rel1.win32_1.0.0.202411081344/tools/bin/../lib/gcc/arm-none-eabi/13.3.1/../../../../arm-none-eabi/lib/thumb/v7e-m+fp/hard\libm.a(libm_a-e_sqrt.o)
                0x08006f34                __ieee754_sqrt
 .text.__ieee754_sqrtf
                0x080070e0        0x6 D:/tool/STM32CubeIDE_1.18.1/STM32CubeIDE/plugins/com.st.stm32cube.ide.mcu.externaltools.gnu-tools-for-stm32.13.3.rel1.win32_1.0.0.202411081344/tools/bin/../lib/gcc/arm-none-eabi/13.3.1/../../../../arm-none-eabi/lib/thumb/v7e-m+fp/hard\libm.a(libm_a-ef_sqrt.o)
                0x080070e0                __ieee754_sqrtf
 *(.glue_7)
 .glue_7        0x080070e6        0x0 linker stubs
 *(.glue_7t)
 .glue_7t       0x080070e6        0x0 linker stubs
 *(.eh_frame)
 *fill*         0x080070e6        0x2 
 .eh_frame      0x080070e8        0x0 D:/tool/STM32CubeIDE_1.18.1/STM32CubeIDE/plugins/com.st.stm32cube.ide.mcu.externaltools.gnu-tools-for-stm32.13.3.rel1.win32_1.0.0.202411081344/tools/bin/../lib/gcc/arm-none-eabi/13.3.1/thumb/v7e-m+fp/hard/crtbegin.o
 *(.init)
 .init          0x080070e8        0x4 D:/tool/STM32CubeIDE_1.18.1/STM32CubeIDE/plugins/com.st.stm32cube.ide.mcu.externaltools.gnu-tools-for-stm32.13.3.rel1.win32_1.0.0.202411081344/tools/bin/../lib/gcc/arm-none-eabi/13.3.1/thumb/v7e-m+fp/hard/crti.o
                0x080070e8                _init
 .init          0x080070ec        0x8 D:/tool/STM32CubeIDE_1.18.1/STM32CubeIDE/plugins/com.st.stm32cube.ide.mcu.externaltools.gnu-tools-for-stm32.13.3.rel1.win32_1.0.0.202411081344/tools/bin/../lib/gcc/arm-none-eabi/13.3.1/thumb/v7e-m+fp/hard/crtn.o
 *(.fini)
 .fini          0x080070f4        0x4 D:/tool/STM32CubeIDE_1.18.1/STM32CubeIDE/plugins/com.st.stm32cube.ide.mcu.externaltools.gnu-tools-for-stm32.13.3.rel1.win32_1.0.0.202411081344/tools/bin/../lib/gcc/arm-none-eabi/13.3.1/thumb/v7e-m+fp/hard/crti.o
                0x080070f4                _fini
 .fini          0x080070f8        0x8 D:/tool/STM32CubeIDE_1.18.1/STM32CubeIDE/plugins/com.st.stm32cube.ide.mcu.externaltools.gnu-tools-for-stm32.13.3.rel1.win32_1.0.0.202411081344/tools/bin/../lib/gcc/arm-none-eabi/13.3.1/thumb/v7e-m+fp/hard/crtn.o
                0x08007100                        . = ALIGN (0x4)
                0x08007100                        _etext = .

.vfp11_veneer   0x08007100        0x0
 .vfp11_veneer  0x08007100        0x0 linker stubs

.v4_bx          0x08007100        0x0
 .v4_bx         0x08007100        0x0 linker stubs

.iplt           0x08007100        0x0
 .iplt          0x08007100        0x0 D:/tool/STM32CubeIDE_1.18.1/STM32CubeIDE/plugins/com.st.stm32cube.ide.mcu.externaltools.gnu-tools-for-stm32.13.3.rel1.win32_1.0.0.202411081344/tools/bin/../lib/gcc/arm-none-eabi/13.3.1/thumb/v7e-m+fp/hard/crtbegin.o

.rodata         0x08007100      0xc68
                0x08007100                        . = ALIGN (0x4)
 *(.rodata)
 *(.rodata*)
 .rodata.atan_table
                0x08007100      0x400 ./Common/util.o
 .rodata.sinTable_f32
                0x08007500      0x804 ./Common/util.o
 .rodata.MSIRangeTable
                0x08007d04       0x30 ./Core/Src/system_stm32l4xx.o
                0x08007d04                MSIRangeTable
 .rodata.APBPrescTable
                0x08007d34        0x8 ./Core/Src/system_stm32l4xx.o
                0x08007d34                APBPrescTable
 .rodata.AHBPrescTable
                0x08007d3c       0x10 ./Core/Src/system_stm32l4xx.o
                0x08007d3c                AHBPrescTable
 .rodata.CSWTCH.108
                0x08007d4c        0x8 ./Drivers/STM32L4xx_HAL_Driver/Src/stm32l4xx_hal_adc.o
 *fill*         0x08007d54        0x4 
 .rodata.tiny   0x08007d58        0x8 D:/tool/STM32CubeIDE_1.18.1/STM32CubeIDE/plugins/com.st.stm32cube.ide.mcu.externaltools.gnu-tools-for-stm32.13.3.rel1.win32_1.0.0.202411081344/tools/bin/../lib/gcc/arm-none-eabi/13.3.1/../../../../arm-none-eabi/lib/thumb/v7e-m+fp/hard\libm.a(libm_a-e_sqrt.o)
 .rodata.one    0x08007d60        0x8 D:/tool/STM32CubeIDE_1.18.1/STM32CubeIDE/plugins/com.st.stm32cube.ide.mcu.externaltools.gnu-tools-for-stm32.13.3.rel1.win32_1.0.0.202411081344/tools/bin/../lib/gcc/arm-none-eabi/13.3.1/../../../../arm-none-eabi/lib/thumb/v7e-m+fp/hard\libm.a(libm_a-e_sqrt.o)
                0x08007d68                        . = ALIGN (0x4)

.ARM.extab      0x08007d68        0x0
                0x08007d68                        . = ALIGN (0x4)
 *(.ARM.extab* .gnu.linkonce.armextab.*)
                0x08007d68                        . = ALIGN (0x4)

.ARM            0x08007d68        0x8
                0x08007d68                        . = ALIGN (0x4)
                0x08007d68                        __exidx_start = .
 *(.ARM.exidx*)
 .ARM.exidx     0x08007d68        0x8 D:/tool/STM32CubeIDE_1.18.1/STM32CubeIDE/plugins/com.st.stm32cube.ide.mcu.externaltools.gnu-tools-for-stm32.13.3.rel1.win32_1.0.0.202411081344/tools/bin/../lib/gcc/arm-none-eabi/13.3.1/thumb/v7e-m+fp/hard\libgcc.a(_udivmoddi4.o)
                0x08007d70                        __exidx_end = .
                0x08007d70                        . = ALIGN (0x4)

.preinit_array  0x08007d70        0x0
                0x08007d70                        . = ALIGN (0x4)
                0x08007d70                        PROVIDE (__preinit_array_start = .)
 *(.preinit_array*)
                0x08007d70                        PROVIDE (__preinit_array_end = .)
                0x08007d70                        . = ALIGN (0x4)

.init_array     0x08007d70        0x4
                0x08007d70                        . = ALIGN (0x4)
                0x08007d70                        PROVIDE (__init_array_start = .)
 *(SORT_BY_NAME(.init_array.*))
 *(.init_array*)
 .init_array    0x08007d70        0x4 D:/tool/STM32CubeIDE_1.18.1/STM32CubeIDE/plugins/com.st.stm32cube.ide.mcu.externaltools.gnu-tools-for-stm32.13.3.rel1.win32_1.0.0.202411081344/tools/bin/../lib/gcc/arm-none-eabi/13.3.1/thumb/v7e-m+fp/hard/crtbegin.o
                0x08007d74                        PROVIDE (__init_array_end = .)
                0x08007d74                        . = ALIGN (0x4)

.fini_array     0x08007d74        0x4
                0x08007d74                        . = ALIGN (0x4)
                [!provide]                        PROVIDE (__fini_array_start = .)
 *(SORT_BY_NAME(.fini_array.*))
 *(.fini_array*)
 .fini_array    0x08007d74        0x4 D:/tool/STM32CubeIDE_1.18.1/STM32CubeIDE/plugins/com.st.stm32cube.ide.mcu.externaltools.gnu-tools-for-stm32.13.3.rel1.win32_1.0.0.202411081344/tools/bin/../lib/gcc/arm-none-eabi/13.3.1/thumb/v7e-m+fp/hard/crtbegin.o
                [!provide]                        PROVIDE (__fini_array_end = .)
                0x08007d78                        . = ALIGN (0x4)
                0x08007d78                        _sidata = LOADADDR (.data)

.rel.dyn        0x08007d78        0x0
 .rel.iplt      0x08007d78        0x0 D:/tool/STM32CubeIDE_1.18.1/STM32CubeIDE/plugins/com.st.stm32cube.ide.mcu.externaltools.gnu-tools-for-stm32.13.3.rel1.win32_1.0.0.202411081344/tools/bin/../lib/gcc/arm-none-eabi/13.3.1/thumb/v7e-m+fp/hard/crtbegin.o

.data           0x20000000     0x443c load address 0x08007d78
                0x20000000                        . = ALIGN (0x4)
                0x20000000                        _sdata = .
 *(.data)
 *(.data*)
 .data.motor    0x20000000     0x43e0 ./Core/Src/main.o
                0x20000000                motor
 .data.SystemCoreClock
                0x200043e0        0x4 ./Core/Src/system_stm32l4xx.o
                0x200043e0                SystemCoreClock
 .data.uwTickFreq
                0x200043e4        0x1 ./Drivers/STM32L4xx_HAL_Driver/Src/stm32l4xx_hal.o
                0x200043e4                uwTickFreq
 *fill*         0x200043e5        0x3 
 .data.uwTickPrio
                0x200043e8        0x4 ./Drivers/STM32L4xx_HAL_Driver/Src/stm32l4xx_hal.o
                0x200043e8                uwTickPrio
 .data._impure_ptr
                0x200043ec        0x4 D:/tool/STM32CubeIDE_1.18.1/STM32CubeIDE/plugins/com.st.stm32cube.ide.mcu.externaltools.gnu-tools-for-stm32.13.3.rel1.win32_1.0.0.202411081344/tools/bin/../lib/gcc/arm-none-eabi/13.3.1/../../../../arm-none-eabi/lib/thumb/v7e-m+fp/hard\libc_nano.a(libc_a-impure.o)
                0x200043ec                _impure_ptr
 .data._impure_data
                0x200043f0       0x4c D:/tool/STM32CubeIDE_1.18.1/STM32CubeIDE/plugins/com.st.stm32cube.ide.mcu.externaltools.gnu-tools-for-stm32.13.3.rel1.win32_1.0.0.202411081344/tools/bin/../lib/gcc/arm-none-eabi/13.3.1/../../../../arm-none-eabi/lib/thumb/v7e-m+fp/hard\libc_nano.a(libc_a-impure.o)
                0x200043f0                _impure_data
 *(.RamFunc)
 *(.RamFunc*)
                0x2000443c                        . = ALIGN (0x4)
                0x2000443c                        _edata = .

.igot.plt       0x2000443c        0x0 load address 0x0800c1b4
 .igot.plt      0x2000443c        0x0 D:/tool/STM32CubeIDE_1.18.1/STM32CubeIDE/plugins/com.st.stm32cube.ide.mcu.externaltools.gnu-tools-for-stm32.13.3.rel1.win32_1.0.0.202411081344/tools/bin/../lib/gcc/arm-none-eabi/13.3.1/thumb/v7e-m+fp/hard/crtbegin.o
                0x2000443c                        . = ALIGN (0x4)

.bss            0x20004440      0x3f4 load address 0x0800c1b4
                0x20004440                        _sbss = .
                0x20004440                        __bss_start__ = _sbss
 *(.bss)
 .bss           0x20004440       0x1c D:/tool/STM32CubeIDE_1.18.1/STM32CubeIDE/plugins/com.st.stm32cube.ide.mcu.externaltools.gnu-tools-for-stm32.13.3.rel1.win32_1.0.0.202411081344/tools/bin/../lib/gcc/arm-none-eabi/13.3.1/thumb/v7e-m+fp/hard/crtbegin.o
 *(.bss*)
 .bss.hadc1     0x2000445c       0x68 ./Core/Src/adc.o
                0x2000445c                hadc1
 .bss.test_time_count
                0x200044c4        0x4 ./Core/Src/main.o
                0x200044c4                test_time_count
 .bss.App_period_1s
                0x200044c8        0x8 ./Core/Src/main.o
                0x200044c8                App_period_1s
 .bss.App_period_5ms
                0x200044d0        0x8 ./Core/Src/main.o
                0x200044d0                App_period_5ms
 .bss.App_period_1ms
                0x200044d8        0x8 ./Core/Src/main.o
                0x200044d8                App_period_1ms
 .bss.SystickCount
                0x200044e0        0x4 ./Core/Src/main.o
                0x200044e0                SystickCount
 *fill*         0x200044e4        0x4 
 .bss.TasktickCount
                0x200044e8        0x8 ./Core/Src/main.o
                0x200044e8                TasktickCount
 .bss.hrtc      0x200044f0       0x24 ./Core/Src/rtc.o
                0x200044f0                hrtc
 .bss.htim1     0x20004514       0x4c ./Core/Src/tim.o
                0x20004514                htim1
 .bss.huart3    0x20004560       0x88 ./Core/Src/usart.o
                0x20004560                huart3
 .bss.huart2    0x200045e8       0x88 ./Core/Src/usart.o
                0x200045e8                huart2
 .bss.huart1    0x20004670       0x88 ./Core/Src/usart.o
                0x20004670                huart1
 .bss.uwTick    0x200046f8        0x4 ./Drivers/STM32L4xx_HAL_Driver/Src/stm32l4xx_hal.o
                0x200046f8                uwTick
 .bss.__sf      0x200046fc      0x138 D:/tool/STM32CubeIDE_1.18.1/STM32CubeIDE/plugins/com.st.stm32cube.ide.mcu.externaltools.gnu-tools-for-stm32.13.3.rel1.win32_1.0.0.202411081344/tools/bin/../lib/gcc/arm-none-eabi/13.3.1/../../../../arm-none-eabi/lib/thumb/v7e-m+fp/hard\libc_nano.a(libc_a-findfp.o)
                0x200046fc                __sf
 *(COMMON)
                0x20004834                        . = ALIGN (0x4)
                0x20004834                        _ebss = .
                0x20004834                        __bss_end__ = _ebss

._user_heap_stack
                0x20004834      0x604 load address 0x0800c1b4
                0x20004838                        . = ALIGN (0x8)
 *fill*         0x20004834        0x4 
                [!provide]                        PROVIDE (end = .)
                0x20004838                        PROVIDE (_end = .)
                0x20004a38                        . = (. + _Min_Heap_Size)
 *fill*         0x20004838      0x200 
                0x20004e38                        . = (. + _Min_Stack_Size)
 *fill*         0x20004a38      0x400 
                0x20004e38                        . = ALIGN (0x8)

/DISCARD/
 libc.a(*)
 libm.a(*)
 libgcc.a(*)

.ARM.attributes
                0x00000000       0x30
 *(.ARM.attributes)
 .ARM.attributes
                0x00000000       0x22 D:/tool/STM32CubeIDE_1.18.1/STM32CubeIDE/plugins/com.st.stm32cube.ide.mcu.externaltools.gnu-tools-for-stm32.13.3.rel1.win32_1.0.0.202411081344/tools/bin/../lib/gcc/arm-none-eabi/13.3.1/thumb/v7e-m+fp/hard/crti.o
 .ARM.attributes
                0x00000022       0x34 D:/tool/STM32CubeIDE_1.18.1/STM32CubeIDE/plugins/com.st.stm32cube.ide.mcu.externaltools.gnu-tools-for-stm32.13.3.rel1.win32_1.0.0.202411081344/tools/bin/../lib/gcc/arm-none-eabi/13.3.1/thumb/v7e-m+fp/hard/crtbegin.o
 .ARM.attributes
                0x00000056       0x34 ./APP/calibration.o
 .ARM.attributes
                0x0000008a       0x34 ./APP/controller.o
 .ARM.attributes
                0x000000be       0x34 ./APP/encoder.o
 .ARM.attributes
                0x000000f2       0x34 ./APP/foc.o
 .ARM.attributes
                0x00000126       0x34 ./APP/noninductive_foc.o
 .ARM.attributes
                0x0000015a       0x34 ./APP/open_loop.o
 .ARM.attributes
                0x0000018e       0x34 ./APP/smo.o
 .ARM.attributes
                0x000001c2       0x34 ./APP/task.o
 .ARM.attributes
                0x000001f6       0x34 ./APP/trap_traj.o
 .ARM.attributes
                0x0000022a       0x34 ./APP/usr_config.o
 .ARM.attributes
                0x0000025e       0x34 ./BSP/bsp_adc.o
 .ARM.attributes
                0x00000292       0x34 ./BSP/bsp_tim.o
 .ARM.attributes
                0x000002c6       0x34 ./Common/util.o
 .ARM.attributes
                0x000002fa       0x34 ./Core/Src/adc.o
 .ARM.attributes
                0x0000032e       0x34 ./Core/Src/gpio.o
 .ARM.attributes
                0x00000362       0x34 ./Core/Src/main.o
 .ARM.attributes
                0x00000396       0x34 ./Core/Src/rtc.o
 .ARM.attributes
                0x000003ca       0x34 ./Core/Src/stm32l4xx_hal_msp.o
 .ARM.attributes
                0x000003fe       0x34 ./Core/Src/stm32l4xx_it.o
 .ARM.attributes
                0x00000432       0x34 ./Core/Src/system_stm32l4xx.o
 .ARM.attributes
                0x00000466       0x34 ./Core/Src/tim.o
 .ARM.attributes
                0x0000049a       0x34 ./Core/Src/usart.o
 .ARM.attributes
                0x000004ce       0x21 ./Core/Startup/startup_stm32l496rgtx.o
 .ARM.attributes
                0x000004ef       0x34 ./Drivers/STM32L4xx_HAL_Driver/Src/stm32l4xx_hal.o
 .ARM.attributes
                0x00000523       0x34 ./Drivers/STM32L4xx_HAL_Driver/Src/stm32l4xx_hal_adc.o
 .ARM.attributes
                0x00000557       0x34 ./Drivers/STM32L4xx_HAL_Driver/Src/stm32l4xx_hal_adc_ex.o
 .ARM.attributes
                0x0000058b       0x34 ./Drivers/STM32L4xx_HAL_Driver/Src/stm32l4xx_hal_cortex.o
 .ARM.attributes
                0x000005bf       0x34 ./Drivers/STM32L4xx_HAL_Driver/Src/stm32l4xx_hal_gpio.o
 .ARM.attributes
                0x000005f3       0x34 ./Drivers/STM32L4xx_HAL_Driver/Src/stm32l4xx_hal_pwr_ex.o
 .ARM.attributes
                0x00000627       0x34 ./Drivers/STM32L4xx_HAL_Driver/Src/stm32l4xx_hal_rcc.o
 .ARM.attributes
                0x0000065b       0x34 ./Drivers/STM32L4xx_HAL_Driver/Src/stm32l4xx_hal_rcc_ex.o
 .ARM.attributes
                0x0000068f       0x34 ./Drivers/STM32L4xx_HAL_Driver/Src/stm32l4xx_hal_rtc.o
 .ARM.attributes
                0x000006c3       0x34 ./Drivers/STM32L4xx_HAL_Driver/Src/stm32l4xx_hal_tim.o
 .ARM.attributes
                0x000006f7       0x34 ./Drivers/STM32L4xx_HAL_Driver/Src/stm32l4xx_hal_tim_ex.o
 .ARM.attributes
                0x0000072b       0x34 ./Drivers/STM32L4xx_HAL_Driver/Src/stm32l4xx_hal_uart.o
 .ARM.attributes
                0x0000075f       0x34 D:/tool/STM32CubeIDE_1.18.1/STM32CubeIDE/plugins/com.st.stm32cube.ide.mcu.externaltools.gnu-tools-for-stm32.13.3.rel1.win32_1.0.0.202411081344/tools/bin/../lib/gcc/arm-none-eabi/13.3.1/../../../../arm-none-eabi/lib/thumb/v7e-m+fp/hard\libc_nano.a(libc_a-findfp.o)
 .ARM.attributes
                0x00000793       0x34 D:/tool/STM32CubeIDE_1.18.1/STM32CubeIDE/plugins/com.st.stm32cube.ide.mcu.externaltools.gnu-tools-for-stm32.13.3.rel1.win32_1.0.0.202411081344/tools/bin/../lib/gcc/arm-none-eabi/13.3.1/../../../../arm-none-eabi/lib/thumb/v7e-m+fp/hard\libc_nano.a(libc_a-memset.o)
 .ARM.attributes
                0x000007c7       0x34 D:/tool/STM32CubeIDE_1.18.1/STM32CubeIDE/plugins/com.st.stm32cube.ide.mcu.externaltools.gnu-tools-for-stm32.13.3.rel1.win32_1.0.0.202411081344/tools/bin/../lib/gcc/arm-none-eabi/13.3.1/../../../../arm-none-eabi/lib/thumb/v7e-m+fp/hard\libc_nano.a(libc_a-impure.o)
 .ARM.attributes
                0x000007fb       0x34 D:/tool/STM32CubeIDE_1.18.1/STM32CubeIDE/plugins/com.st.stm32cube.ide.mcu.externaltools.gnu-tools-for-stm32.13.3.rel1.win32_1.0.0.202411081344/tools/bin/../lib/gcc/arm-none-eabi/13.3.1/../../../../arm-none-eabi/lib/thumb/v7e-m+fp/hard\libc_nano.a(libc_a-errno.o)
 .ARM.attributes
                0x0000082f       0x34 D:/tool/STM32CubeIDE_1.18.1/STM32CubeIDE/plugins/com.st.stm32cube.ide.mcu.externaltools.gnu-tools-for-stm32.13.3.rel1.win32_1.0.0.202411081344/tools/bin/../lib/gcc/arm-none-eabi/13.3.1/../../../../arm-none-eabi/lib/thumb/v7e-m+fp/hard\libc_nano.a(libc_a-init.o)
 .ARM.attributes
                0x00000863       0x34 D:/tool/STM32CubeIDE_1.18.1/STM32CubeIDE/plugins/com.st.stm32cube.ide.mcu.externaltools.gnu-tools-for-stm32.13.3.rel1.win32_1.0.0.202411081344/tools/bin/../lib/gcc/arm-none-eabi/13.3.1/../../../../arm-none-eabi/lib/thumb/v7e-m+fp/hard\libm.a(libm_a-w_sqrt.o)
 .ARM.attributes
                0x00000897       0x34 D:/tool/STM32CubeIDE_1.18.1/STM32CubeIDE/plugins/com.st.stm32cube.ide.mcu.externaltools.gnu-tools-for-stm32.13.3.rel1.win32_1.0.0.202411081344/tools/bin/../lib/gcc/arm-none-eabi/13.3.1/../../../../arm-none-eabi/lib/thumb/v7e-m+fp/hard\libm.a(libm_a-wf_sqrt.o)
 .ARM.attributes
                0x000008cb       0x34 D:/tool/STM32CubeIDE_1.18.1/STM32CubeIDE/plugins/com.st.stm32cube.ide.mcu.externaltools.gnu-tools-for-stm32.13.3.rel1.win32_1.0.0.202411081344/tools/bin/../lib/gcc/arm-none-eabi/13.3.1/../../../../arm-none-eabi/lib/thumb/v7e-m+fp/hard\libm.a(libm_a-s_fmax.o)
 .ARM.attributes
                0x000008ff       0x34 D:/tool/STM32CubeIDE_1.18.1/STM32CubeIDE/plugins/com.st.stm32cube.ide.mcu.externaltools.gnu-tools-for-stm32.13.3.rel1.win32_1.0.0.202411081344/tools/bin/../lib/gcc/arm-none-eabi/13.3.1/../../../../arm-none-eabi/lib/thumb/v7e-m+fp/hard\libm.a(libm_a-s_fpclassify.o)
 .ARM.attributes
                0x00000933       0x34 D:/tool/STM32CubeIDE_1.18.1/STM32CubeIDE/plugins/com.st.stm32cube.ide.mcu.externaltools.gnu-tools-for-stm32.13.3.rel1.win32_1.0.0.202411081344/tools/bin/../lib/gcc/arm-none-eabi/13.3.1/../../../../arm-none-eabi/lib/thumb/v7e-m+fp/hard\libm.a(libm_a-e_sqrt.o)
 .ARM.attributes
                0x00000967       0x34 D:/tool/STM32CubeIDE_1.18.1/STM32CubeIDE/plugins/com.st.stm32cube.ide.mcu.externaltools.gnu-tools-for-stm32.13.3.rel1.win32_1.0.0.202411081344/tools/bin/../lib/gcc/arm-none-eabi/13.3.1/../../../../arm-none-eabi/lib/thumb/v7e-m+fp/hard\libm.a(libm_a-ef_sqrt.o)
 .ARM.attributes
                0x0000099b       0x22 D:/tool/STM32CubeIDE_1.18.1/STM32CubeIDE/plugins/com.st.stm32cube.ide.mcu.externaltools.gnu-tools-for-stm32.13.3.rel1.win32_1.0.0.202411081344/tools/bin/../lib/gcc/arm-none-eabi/13.3.1/thumb/v7e-m+fp/hard\libgcc.a(_arm_addsubdf3.o)
 .ARM.attributes
                0x000009bd       0x22 D:/tool/STM32CubeIDE_1.18.1/STM32CubeIDE/plugins/com.st.stm32cube.ide.mcu.externaltools.gnu-tools-for-stm32.13.3.rel1.win32_1.0.0.202411081344/tools/bin/../lib/gcc/arm-none-eabi/13.3.1/thumb/v7e-m+fp/hard\libgcc.a(_arm_muldivdf3.o)
 .ARM.attributes
                0x000009df       0x22 D:/tool/STM32CubeIDE_1.18.1/STM32CubeIDE/plugins/com.st.stm32cube.ide.mcu.externaltools.gnu-tools-for-stm32.13.3.rel1.win32_1.0.0.202411081344/tools/bin/../lib/gcc/arm-none-eabi/13.3.1/thumb/v7e-m+fp/hard\libgcc.a(_arm_cmpdf2.o)
 .ARM.attributes
                0x00000a01       0x22 D:/tool/STM32CubeIDE_1.18.1/STM32CubeIDE/plugins/com.st.stm32cube.ide.mcu.externaltools.gnu-tools-for-stm32.13.3.rel1.win32_1.0.0.202411081344/tools/bin/../lib/gcc/arm-none-eabi/13.3.1/thumb/v7e-m+fp/hard\libgcc.a(_arm_unorddf2.o)
 .ARM.attributes
                0x00000a23       0x22 D:/tool/STM32CubeIDE_1.18.1/STM32CubeIDE/plugins/com.st.stm32cube.ide.mcu.externaltools.gnu-tools-for-stm32.13.3.rel1.win32_1.0.0.202411081344/tools/bin/../lib/gcc/arm-none-eabi/13.3.1/thumb/v7e-m+fp/hard\libgcc.a(_arm_truncdfsf2.o)
 .ARM.attributes
                0x00000a45       0x22 D:/tool/STM32CubeIDE_1.18.1/STM32CubeIDE/plugins/com.st.stm32cube.ide.mcu.externaltools.gnu-tools-for-stm32.13.3.rel1.win32_1.0.0.202411081344/tools/bin/../lib/gcc/arm-none-eabi/13.3.1/thumb/v7e-m+fp/hard\libgcc.a(_arm_addsubsf3.o)
 .ARM.attributes
                0x00000a67       0x22 D:/tool/STM32CubeIDE_1.18.1/STM32CubeIDE/plugins/com.st.stm32cube.ide.mcu.externaltools.gnu-tools-for-stm32.13.3.rel1.win32_1.0.0.202411081344/tools/bin/../lib/gcc/arm-none-eabi/13.3.1/thumb/v7e-m+fp/hard\libgcc.a(_aeabi_uldivmod.o)
 .ARM.attributes
                0x00000a89       0x34 D:/tool/STM32CubeIDE_1.18.1/STM32CubeIDE/plugins/com.st.stm32cube.ide.mcu.externaltools.gnu-tools-for-stm32.13.3.rel1.win32_1.0.0.202411081344/tools/bin/../lib/gcc/arm-none-eabi/13.3.1/thumb/v7e-m+fp/hard\libgcc.a(_udivmoddi4.o)
 .ARM.attributes
                0x00000abd       0x22 D:/tool/STM32CubeIDE_1.18.1/STM32CubeIDE/plugins/com.st.stm32cube.ide.mcu.externaltools.gnu-tools-for-stm32.13.3.rel1.win32_1.0.0.202411081344/tools/bin/../lib/gcc/arm-none-eabi/13.3.1/thumb/v7e-m+fp/hard\libgcc.a(_dvmd_tls.o)
 .ARM.attributes
                0x00000adf       0x22 D:/tool/STM32CubeIDE_1.18.1/STM32CubeIDE/plugins/com.st.stm32cube.ide.mcu.externaltools.gnu-tools-for-stm32.13.3.rel1.win32_1.0.0.202411081344/tools/bin/../lib/gcc/arm-none-eabi/13.3.1/thumb/v7e-m+fp/hard/crtn.o
OUTPUT(huaiguanjie.elf elf32-littlearm)
LOAD linker stubs
LOAD D:/tool/STM32CubeIDE_1.18.1/STM32CubeIDE/plugins/com.st.stm32cube.ide.mcu.externaltools.gnu-tools-for-stm32.13.3.rel1.win32_1.0.0.202411081344/tools/bin/../lib/gcc/arm-none-eabi/13.3.1/../../../../arm-none-eabi/lib/thumb/v7e-m+fp/hard\libc.a
LOAD D:/tool/STM32CubeIDE_1.18.1/STM32CubeIDE/plugins/com.st.stm32cube.ide.mcu.externaltools.gnu-tools-for-stm32.13.3.rel1.win32_1.0.0.202411081344/tools/bin/../lib/gcc/arm-none-eabi/13.3.1/../../../../arm-none-eabi/lib/thumb/v7e-m+fp/hard\libm.a
LOAD D:/tool/STM32CubeIDE_1.18.1/STM32CubeIDE/plugins/com.st.stm32cube.ide.mcu.externaltools.gnu-tools-for-stm32.13.3.rel1.win32_1.0.0.202411081344/tools/bin/../lib/gcc/arm-none-eabi/13.3.1/thumb/v7e-m+fp/hard\libgcc.a

.comment        0x00000000       0x43
 .comment       0x00000000       0x43 ./APP/calibration.o
                                 0x44 (size before relaxing)
 .comment       0x00000043       0x44 ./APP/controller.o
 .comment       0x00000043       0x44 ./APP/encoder.o
 .comment       0x00000043       0x44 ./APP/foc.o
 .comment       0x00000043       0x44 ./APP/noninductive_foc.o
 .comment       0x00000043       0x44 ./APP/open_loop.o
 .comment       0x00000043       0x44 ./APP/smo.o
 .comment       0x00000043       0x44 ./APP/task.o
 .comment       0x00000043       0x44 ./APP/trap_traj.o
 .comment       0x00000043       0x44 ./APP/usr_config.o
 .comment       0x00000043       0x44 ./BSP/bsp_adc.o
 .comment       0x00000043       0x44 ./BSP/bsp_tim.o
 .comment       0x00000043       0x44 ./Common/util.o
 .comment       0x00000043       0x44 ./Core/Src/adc.o
 .comment       0x00000043       0x44 ./Core/Src/gpio.o
 .comment       0x00000043       0x44 ./Core/Src/main.o
 .comment       0x00000043       0x44 ./Core/Src/rtc.o
 .comment       0x00000043       0x44 ./Core/Src/stm32l4xx_hal_msp.o
 .comment       0x00000043       0x44 ./Core/Src/stm32l4xx_it.o
 .comment       0x00000043       0x44 ./Core/Src/system_stm32l4xx.o
 .comment       0x00000043       0x44 ./Core/Src/tim.o
 .comment       0x00000043       0x44 ./Core/Src/usart.o
 .comment       0x00000043       0x44 ./Drivers/STM32L4xx_HAL_Driver/Src/stm32l4xx_hal.o
 .comment       0x00000043       0x44 ./Drivers/STM32L4xx_HAL_Driver/Src/stm32l4xx_hal_adc.o
 .comment       0x00000043       0x44 ./Drivers/STM32L4xx_HAL_Driver/Src/stm32l4xx_hal_adc_ex.o
 .comment       0x00000043       0x44 ./Drivers/STM32L4xx_HAL_Driver/Src/stm32l4xx_hal_cortex.o
 .comment       0x00000043       0x44 ./Drivers/STM32L4xx_HAL_Driver/Src/stm32l4xx_hal_gpio.o
 .comment       0x00000043       0x44 ./Drivers/STM32L4xx_HAL_Driver/Src/stm32l4xx_hal_pwr_ex.o
 .comment       0x00000043       0x44 ./Drivers/STM32L4xx_HAL_Driver/Src/stm32l4xx_hal_rcc.o
 .comment       0x00000043       0x44 ./Drivers/STM32L4xx_HAL_Driver/Src/stm32l4xx_hal_rcc_ex.o
 .comment       0x00000043       0x44 ./Drivers/STM32L4xx_HAL_Driver/Src/stm32l4xx_hal_rtc.o
 .comment       0x00000043       0x44 ./Drivers/STM32L4xx_HAL_Driver/Src/stm32l4xx_hal_tim.o
 .comment       0x00000043       0x44 ./Drivers/STM32L4xx_HAL_Driver/Src/stm32l4xx_hal_tim_ex.o
 .comment       0x00000043       0x44 ./Drivers/STM32L4xx_HAL_Driver/Src/stm32l4xx_hal_uart.o

.debug_frame    0x00000000      0x598
 .debug_frame   0x00000000      0x144 D:/tool/STM32CubeIDE_1.18.1/STM32CubeIDE/plugins/com.st.stm32cube.ide.mcu.externaltools.gnu-tools-for-stm32.13.3.rel1.win32_1.0.0.202411081344/tools/bin/../lib/gcc/arm-none-eabi/13.3.1/../../../../arm-none-eabi/lib/thumb/v7e-m+fp/hard\libc_nano.a(libc_a-findfp.o)
 .debug_frame   0x00000144       0x20 D:/tool/STM32CubeIDE_1.18.1/STM32CubeIDE/plugins/com.st.stm32cube.ide.mcu.externaltools.gnu-tools-for-stm32.13.3.rel1.win32_1.0.0.202411081344/tools/bin/../lib/gcc/arm-none-eabi/13.3.1/../../../../arm-none-eabi/lib/thumb/v7e-m+fp/hard\libc_nano.a(libc_a-memset.o)
 .debug_frame   0x00000164       0x20 D:/tool/STM32CubeIDE_1.18.1/STM32CubeIDE/plugins/com.st.stm32cube.ide.mcu.externaltools.gnu-tools-for-stm32.13.3.rel1.win32_1.0.0.202411081344/tools/bin/../lib/gcc/arm-none-eabi/13.3.1/../../../../arm-none-eabi/lib/thumb/v7e-m+fp/hard\libc_nano.a(libc_a-errno.o)
 .debug_frame   0x00000184       0x2c D:/tool/STM32CubeIDE_1.18.1/STM32CubeIDE/plugins/com.st.stm32cube.ide.mcu.externaltools.gnu-tools-for-stm32.13.3.rel1.win32_1.0.0.202411081344/tools/bin/../lib/gcc/arm-none-eabi/13.3.1/../../../../arm-none-eabi/lib/thumb/v7e-m+fp/hard\libc_nano.a(libc_a-init.o)
 .debug_frame   0x000001b0       0x3c D:/tool/STM32CubeIDE_1.18.1/STM32CubeIDE/plugins/com.st.stm32cube.ide.mcu.externaltools.gnu-tools-for-stm32.13.3.rel1.win32_1.0.0.202411081344/tools/bin/../lib/gcc/arm-none-eabi/13.3.1/../../../../arm-none-eabi/lib/thumb/v7e-m+fp/hard\libm.a(libm_a-w_sqrt.o)
 .debug_frame   0x000001ec       0x38 D:/tool/STM32CubeIDE_1.18.1/STM32CubeIDE/plugins/com.st.stm32cube.ide.mcu.externaltools.gnu-tools-for-stm32.13.3.rel1.win32_1.0.0.202411081344/tools/bin/../lib/gcc/arm-none-eabi/13.3.1/../../../../arm-none-eabi/lib/thumb/v7e-m+fp/hard\libm.a(libm_a-wf_sqrt.o)
 .debug_frame   0x00000224       0x44 D:/tool/STM32CubeIDE_1.18.1/STM32CubeIDE/plugins/com.st.stm32cube.ide.mcu.externaltools.gnu-tools-for-stm32.13.3.rel1.win32_1.0.0.202411081344/tools/bin/../lib/gcc/arm-none-eabi/13.3.1/../../../../arm-none-eabi/lib/thumb/v7e-m+fp/hard\libm.a(libm_a-s_fmax.o)
 .debug_frame   0x00000268       0x28 D:/tool/STM32CubeIDE_1.18.1/STM32CubeIDE/plugins/com.st.stm32cube.ide.mcu.externaltools.gnu-tools-for-stm32.13.3.rel1.win32_1.0.0.202411081344/tools/bin/../lib/gcc/arm-none-eabi/13.3.1/../../../../arm-none-eabi/lib/thumb/v7e-m+fp/hard\libm.a(libm_a-s_fpclassify.o)
 .debug_frame   0x00000290       0x38 D:/tool/STM32CubeIDE_1.18.1/STM32CubeIDE/plugins/com.st.stm32cube.ide.mcu.externaltools.gnu-tools-for-stm32.13.3.rel1.win32_1.0.0.202411081344/tools/bin/../lib/gcc/arm-none-eabi/13.3.1/../../../../arm-none-eabi/lib/thumb/v7e-m+fp/hard\libm.a(libm_a-e_sqrt.o)
 .debug_frame   0x000002c8       0x20 D:/tool/STM32CubeIDE_1.18.1/STM32CubeIDE/plugins/com.st.stm32cube.ide.mcu.externaltools.gnu-tools-for-stm32.13.3.rel1.win32_1.0.0.202411081344/tools/bin/../lib/gcc/arm-none-eabi/13.3.1/../../../../arm-none-eabi/lib/thumb/v7e-m+fp/hard\libm.a(libm_a-ef_sqrt.o)
 .debug_frame   0x000002e8       0xac D:/tool/STM32CubeIDE_1.18.1/STM32CubeIDE/plugins/com.st.stm32cube.ide.mcu.externaltools.gnu-tools-for-stm32.13.3.rel1.win32_1.0.0.202411081344/tools/bin/../lib/gcc/arm-none-eabi/13.3.1/thumb/v7e-m+fp/hard\libgcc.a(_arm_addsubdf3.o)
 .debug_frame   0x00000394       0x50 D:/tool/STM32CubeIDE_1.18.1/STM32CubeIDE/plugins/com.st.stm32cube.ide.mcu.externaltools.gnu-tools-for-stm32.13.3.rel1.win32_1.0.0.202411081344/tools/bin/../lib/gcc/arm-none-eabi/13.3.1/thumb/v7e-m+fp/hard\libgcc.a(_arm_muldivdf3.o)
 .debug_frame   0x000003e4       0xc4 D:/tool/STM32CubeIDE_1.18.1/STM32CubeIDE/plugins/com.st.stm32cube.ide.mcu.externaltools.gnu-tools-for-stm32.13.3.rel1.win32_1.0.0.202411081344/tools/bin/../lib/gcc/arm-none-eabi/13.3.1/thumb/v7e-m+fp/hard\libgcc.a(_arm_cmpdf2.o)
 .debug_frame   0x000004a8       0x20 D:/tool/STM32CubeIDE_1.18.1/STM32CubeIDE/plugins/com.st.stm32cube.ide.mcu.externaltools.gnu-tools-for-stm32.13.3.rel1.win32_1.0.0.202411081344/tools/bin/../lib/gcc/arm-none-eabi/13.3.1/thumb/v7e-m+fp/hard\libgcc.a(_arm_unorddf2.o)
 .debug_frame   0x000004c8       0x24 D:/tool/STM32CubeIDE_1.18.1/STM32CubeIDE/plugins/com.st.stm32cube.ide.mcu.externaltools.gnu-tools-for-stm32.13.3.rel1.win32_1.0.0.202411081344/tools/bin/../lib/gcc/arm-none-eabi/13.3.1/thumb/v7e-m+fp/hard\libgcc.a(_arm_truncdfsf2.o)
 .debug_frame   0x000004ec       0x4c D:/tool/STM32CubeIDE_1.18.1/STM32CubeIDE/plugins/com.st.stm32cube.ide.mcu.externaltools.gnu-tools-for-stm32.13.3.rel1.win32_1.0.0.202411081344/tools/bin/../lib/gcc/arm-none-eabi/13.3.1/thumb/v7e-m+fp/hard\libgcc.a(_arm_addsubsf3.o)
 .debug_frame   0x00000538       0x2c D:/tool/STM32CubeIDE_1.18.1/STM32CubeIDE/plugins/com.st.stm32cube.ide.mcu.externaltools.gnu-tools-for-stm32.13.3.rel1.win32_1.0.0.202411081344/tools/bin/../lib/gcc/arm-none-eabi/13.3.1/thumb/v7e-m+fp/hard\libgcc.a(_aeabi_uldivmod.o)
 .debug_frame   0x00000564       0x34 D:/tool/STM32CubeIDE_1.18.1/STM32CubeIDE/plugins/com.st.stm32cube.ide.mcu.externaltools.gnu-tools-for-stm32.13.3.rel1.win32_1.0.0.202411081344/tools/bin/../lib/gcc/arm-none-eabi/13.3.1/thumb/v7e-m+fp/hard\libgcc.a(_udivmoddi4.o)
