../Common/util.c:249:6:clarke_transform	0	static
../Common/util.c:271:5:svm	0	static
../Common/util.c:389:7:sin_f32	0	static
../Common/util.c:436:7:cos_f32	0	static
../Common/util.c:255:6:park_transform	8	static
../Common/util.c:263:6:inverse_park	8	static
../Common/util.c:483:7:atan_f32	8	static
../Common/util.c:526:9:crc8	8	static
../Common/util.c:535:10:crc32	8	static
../Common/util.c:544:5:uint32_to_data	0	static
../Common/util.c:553:5:int32_to_data	0	static
../Common/util.c:562:5:uint16_to_data	0	static
../Common/util.c:569:5:int16_to_data	0	static
../Common/util.c:576:5:float_to_data	8	static
../Common/util.c:585:10:data_to_uint32	0	static
../Common/util.c:595:9:data_to_int32	0	static
../Common/util.c:605:10:data_to_uint16	0	static
../Common/util.c:613:9:data_to_int16	0	static
../Common/util.c:621:7:data_to_float	0	static
../Common/util.c:630:5:float_to_uint	0	static
../Common/util.c:639:7:uint_to_float	0	static
../Common/util.c:649:7:sign_func	0	static
../Common/util.c:658:7:normalize_angle	32	static
../Common/util.c:665:7:low_pass_filter	0	static
